MPLINK 4.48, Linker
Linker Map File - Created Wed Aug 20 19:03:30 2014

                                 Section Info
                  Section       Type    Address   Location Size(Bytes)
                ---------  ---------  ---------  ---------  ---------
               _entry_scn       code   0x000000    program   0x000006
           .code___init.o       code   0x000006    program   0x000002
              high_vector       code   0x000008    program   0x000016
                   .cinit    romdata   0x00001e    program   0x000032
            .code_tasks.o       code   0x000050    program   0x0017de
            .code_queue.o       code   0x00182e    program   0x001392
     .code_event_groups.o       code   0x002bc0    program   0x000a2e
             .code_port.o       code   0x0035ee    program   0x000968
         .code_croutine.o       code   0x003f56    program   0x000948
             .code_list.o       code   0x00489e    program   0x0004fa
           .code_heap_1.o       code   0x004d98    program   0x0000ee
               _cinit_scn       code   0x004e86    program   0x00009e
                   STRING       code   0x004f24    program   0x000056
             .code_main.o       code   0x004f7a    program   0x000050
        .code_heartBeat.o       code   0x004fca    program   0x000050
           .code_t1open.o       code   0x00501a    program   0x000042
                    .code       code   0x00505c    program   0x000020
             _startup_scn       code   0x00507c    program   0x00001c
             .stringtable    romdata   0x005098    program   0x00000b
          .idata_main.o_i    romdata   0x0050a3    program   0x000000
          .romdata_main.o    romdata   0x0050a3    program   0x000000
         .idata_board.o_i    romdata   0x0050a3    program   0x000000
         .romdata_board.o    romdata   0x0050a3    program   0x000000
        .romdata___init.o    romdata   0x0050a3    program   0x000000
     .romdata_heartBeat.o    romdata   0x0050a3    program   0x000000
        .idata___init.o_i    romdata   0x0050a3    program   0x000000
        .idata_t1open.o_i    romdata   0x0050a3    program   0x000000
        .romdata_t1open.o    romdata   0x0050a3    program   0x000000
         .idata_c018i.o_i    romdata   0x0050a3    program   0x000000
         .romdata_c018i.o    romdata   0x0050a3    program   0x000000
      .romdata_croutine.o    romdata   0x0050a3    program   0x000000
  .idata_event_groups.o_i    romdata   0x0050a3    program   0x000000
  .romdata_event_groups.o    romdata   0x0050a3    program   0x000000
          .idata_list.o_i    romdata   0x0050a3    program   0x000000
          .romdata_list.o    romdata   0x0050a3    program   0x000000
         .idata_queue.o_i    romdata   0x0050a3    program   0x000000
         .romdata_queue.o    romdata   0x0050a3    program   0x000000
         .romdata_tasks.o    romdata   0x0050a3    program   0x000000
        .romdata_heap_1.o    romdata   0x0050a3    program   0x000000
          .romdata_port.o    romdata   0x0050a3    program   0x000000
          .idata_port.o_i    romdata   0x0050a3    program   0x000000
            .code_c018i.o       code   0x0050a4    program   0x000000
            .code_board.o       code   0x0050a4    program   0x00000a
         .idata_tasks.o_i    romdata   0x0050ae    program   0x00000f
     .idata_heartBeat.o_i    romdata   0x0050bd    program   0x000003
        .idata_heap_1.o_i    romdata   0x0050c0    program   0x000004
      .idata_croutine.o_i    romdata   0x0050c4    program   0x000009
    .config_300001_main.o    romdata   0x300001    program   0x000001
    .config_300002_main.o    romdata   0x300002    program   0x000001
    .config_300003_main.o    romdata   0x300003    program   0x000001
    .config_300005_main.o    romdata   0x300005    program   0x000001
    .config_300006_main.o    romdata   0x300006    program   0x000001
    .config_300008_main.o    romdata   0x300008    program   0x000001
    .config_300009_main.o    romdata   0x300009    program   0x000001
    .config_30000a_main.o    romdata   0x30000a    program   0x000001
    .config_30000b_main.o    romdata   0x30000b    program   0x000001
    .config_30000c_main.o    romdata   0x30000c    program   0x000001
    .config_30000d_main.o    romdata   0x30000d    program   0x000001
                MATH_DATA      udata   0x000000       data   0x00000b
                 .tmpdata      udata   0x00000b       data   0x000008
           .udata_tasks.o      udata   0x000080       data   0x00004c
        .udata_croutine.o      udata   0x0000cc       data   0x000031
       .idata_heartBeat.o      idata   0x0000fd       data   0x000003
                   .stack      udata   0x000100       data   0x000080
           .idata_tasks.o      idata   0x000180       data   0x00000f
           .udata_c018i.o      udata   0x00018f       data   0x00000a
        .idata_croutine.o      idata   0x000199       data   0x000009
          .idata_heap_1.o      idata   0x0001a2       data   0x000004
           .udata_board.o      udata   0x0001a6       data   0x000001
          .idata___init.o      idata   0x0001a7       data   0x000000
          .udata___init.o      udata   0x0001a7       data   0x000000
          .idata_t1open.o      idata   0x0001a7       data   0x000000
          .udata_t1open.o      udata   0x0001a7       data   0x000000
           .idata_c018i.o      idata   0x0001a7       data   0x000000
       .udata_heartBeat.o      udata   0x0001a7       data   0x000000
           .idata_board.o      idata   0x0001a7       data   0x000000
            .idata_main.o      idata   0x0001a7       data   0x000000
            .udata_main.o      udata   0x0001a7       data   0x000000
            .idata_port.o      idata   0x0001a7       data   0x000000
            .udata_port.o      udata   0x0001a7       data   0x000000
           .idata_queue.o      idata   0x0001a7       data   0x000000
           .udata_queue.o      udata   0x0001a7       data   0x000000
            .idata_list.o      idata   0x0001a7       data   0x000000
            .udata_list.o      udata   0x0001a7       data   0x000000
    .idata_event_groups.o      idata   0x0001a7       data   0x000000
    .udata_event_groups.o      udata   0x0001a7       data   0x000000
          .udata_heap_1.o      udata   0x000200       data   0x000200
            SFR_UNBANKED0      udata   0x000f80       data   0x000080



                              Program Memory Usage 
                               Start         End      
                           ---------   ---------      
                            0x000000    0x0050a2      
                            0x0050a4    0x0050cc      
                            0x300001    0x300003      
                            0x300005    0x300006      
                            0x300008    0x30000d      
            20695 out of 33048 program addresses used, program memory utilization is 62%



                              Symbols - Sorted by Name
                     Name    Address   Location    Storage File                     
                ---------  ---------  ---------  --------- ---------                
                 BRD_init   0x0050a4    program     extern C:\Users\JO\Desktop\pic18f_rtos\test\board.c
                  HB_init   0x004fca    program     extern C:\Users\JO\Desktop\pic18f_rtos\test\heartBeat.c
                  HB_task   0x004fd0    program     extern C:\Users\JO\Desktop\pic18f_rtos\test\heartBeat.c
               OpenTimer1   0x00501a    program     extern E:\c18v3.46\pic18-lt\cxx-framework\src\pmc_common\Timers\t1open.c
              _4jContinue   0x004f58    program     static E:\c18v3.46\pic18-lt\cxx-framework\src\traditional\stdclib\memcpy.asm
                   _5jEnd   0x004f62    program     static E:\c18v3.46\pic18-lt\cxx-framework\src\traditional\stdclib\memcpy.asm
           ___?:_lbl00021   0x000346    program     static                          
           ___?:_lbl00022   0x00033a    program     static                          
         ___else_lbl00002   0x0019a4    program     static                          
         ___else_lbl00002   0x0001c6    program     static                          
         ___else_lbl00004   0x0001f0    program     static                          
         ___else_lbl00004   0x0019a6    program     static                          
         ___else_lbl00005   0x002dac    program     static                          
         ___else_lbl00006   0x00021e    program     static                          
         ___else_lbl00006   0x0019a8    program     static                          
         ___else_lbl00007   0x002d34    program     static                          
         ___else_lbl00008   0x000220    program     static                          
         ___else_lbl00008   0x003b1a    program     static                          
         ___else_lbl00009   0x002dee    program     static                          
         ___else_lbl00010   0x0001f2    program     static                          
         ___else_lbl00011   0x002e72    program     static                          
         ___else_lbl00014   0x0002ca    program     static                          
         ___else_lbl00014   0x002e84    program     static                          
         ___else_lbl00016   0x0002ee    program     static                          
         ___else_lbl00016   0x003cd4    program     static                          
         ___else_lbl00018   0x0002f0    program     static                          
         ___else_lbl00018   0x002f70    program     static                          
         ___else_lbl00020   0x002fb4    program     static                          
         ___else_lbl00020   0x001c24    program     static                          
         ___else_lbl00022   0x002fca    program     static                          
         ___else_lbl00022   0x001c26    program     static                          
         ___else_lbl00024   0x002f9e    program     static                          
         ___else_lbl00024   0x00037c    program     static                          
         ___else_lbl00026   0x001c6e    program     static                          
         ___else_lbl00026   0x002f72    program     static                          
         ___else_lbl00026   0x0003c4    program     static                          
         ___else_lbl00028   0x003058    program     static                          
         ___else_lbl00028   0x001c50    program     static                          
         ___else_lbl00029   0x003e92    program     static                          
         ___else_lbl00030   0x000428    program     static                          
         ___else_lbl00030   0x0030da    program     static                          
         ___else_lbl00030   0x001c32    program     static                          
         ___else_lbl00032   0x0030dc    program     static                          
         ___else_lbl00035   0x0030e8    program     static                          
         ___else_lbl00037   0x001d82    program     static                          
         ___else_lbl00039   0x001d9c    program     static                          
         ___else_lbl00057   0x00200c    program     static                          
         ___else_lbl00059   0x00200e    program     static                          
         ___else_lbl00061   0x00207a    program     static                          
         ___else_lbl00063   0x00207c    program     static                          
         ___else_lbl00065   0x002010    program     static                          
         ___else_lbl00066   0x000832    program     static                          
         ___else_lbl00069   0x0020c4    program     static                          
         ___else_lbl00070   0x000852    program     static                          
         ___else_lbl00071   0x0020a6    program     static                          
         ___else_lbl00072   0x00085a    program     static                          
         ___else_lbl00073   0x002088    program     static                          
         ___else_lbl00074   0x000862    program     static                          
         ___else_lbl00077   0x000864    program     static                          
         ___else_lbl00079   0x0021d6    program     static                          
         ___else_lbl00081   0x0021d8    program     static                          
         ___else_lbl00083   0x0021f0    program     static                          
         ___else_lbl00125   0x00121a    program     static                          
         ___else_lbl00127   0x001186    program     static                          
         ___else_lbl00128   0x00299e    program     static                          
         ___else_lbl00130   0x0029a0    program     static                          
         ___else_lbl00135   0x002a58    program     static                          
         ___else_lbl00137   0x002a70    program     static                          
         ___else_lbl00141   0x002ac6    program     static                          
         ___else_lbl00148   0x002b5a    program     static                          
         ___else_lbl00151   0x001534    program     static                          
          ___for_lbl00016   0x001db8    program     static                          
          ___for_lbl00017   0x001dba    program     static                          
          ___for_lbl00040   0x001b70    program     static                          
          ___for_lbl00054   0x00220a    program     static                          
          ___for_lbl00055   0x00220c    program     static                          
          ___for_lbl00084   0x001f40    program     static                          
           ___if_lbl00001   0x0019a4    program     static                          
           ___if_lbl00001   0x0001c6    program     static                          
           ___if_lbl00003   0x0019a6    program     static                          
           ___if_lbl00003   0x0001f0    program     static                          
           ___if_lbl00004   0x002dc4    program     static                          
           ___if_lbl00005   0x00021e    program     static                          
           ___if_lbl00005   0x0019f8    program     static                          
           ___if_lbl00006   0x002dc4    program     static                          
           ___if_lbl00007   0x003b24    program     static                          
           ___if_lbl00007   0x000220    program     static                          
           ___if_lbl00007   0x0019fe    program     static                          
           ___if_lbl00008   0x002dee    program     static                          
           ___if_lbl00009   0x000220    program     static                          
           ___if_lbl00010   0x002e72    program     static                          
           ___if_lbl00011   0x00025e    program     static                          
           ___if_lbl00012   0x0002c8    program     static                          
           ___if_lbl00012   0x002e78    program     static                          
           ___if_lbl00013   0x002e84    program     static                          
           ___if_lbl00013   0x0002cc    program     static                          
           ___if_lbl00015   0x003cde    program     static                          
           ___if_lbl00015   0x002e92    program     static                          
           ___if_lbl00015   0x0002ee    program     static                          
           ___if_lbl00017   0x002f70    program     static                          
           ___if_lbl00017   0x0002f0    program     static                          
           ___if_lbl00018   0x000010    program     static                          
           ___if_lbl00019   0x002fb4    program     static                          
           ___if_lbl00019   0x0002f0    program     static                          
           ___if_lbl00019   0x001c24    program     static                          
           ___if_lbl00019   0x000014    program     static                          
           ___if_lbl00020   0x00001c    program     static                          
           ___if_lbl00021   0x001c26    program     static                          
           ___if_lbl00021   0x00001c    program     static                          
           ___if_lbl00021   0x002fca    program     static                          
           ___if_lbl00023   0x001c2c    program     static                          
           ___if_lbl00023   0x00037c    program     static                          
           ___if_lbl00023   0x00302e    program     static                          
           ___if_lbl00024   0x001c4a    program     static                          
           ___if_lbl00025   0x001c6e    program     static                          
           ___if_lbl00025   0x0003c4    program     static                          
           ___if_lbl00025   0x003dc2    program     static                          
           ___if_lbl00025   0x00302e    program     static                          
           ___if_lbl00027   0x000406    program     static                          
           ___if_lbl00027   0x003058    program     static                          
           ___if_lbl00027   0x001c6e    program     static                          
           ___if_lbl00028   0x000438    program     static                          
           ___if_lbl00028   0x003e9c    program     static                          
           ___if_lbl00029   0x0030da    program     static                          
           ___if_lbl00029   0x000438    program     static                          
           ___if_lbl00029   0x001c6e    program     static                          
           ___if_lbl00031   0x000438    program     static                          
           ___if_lbl00031   0x0030dc    program     static                          
           ___if_lbl00031   0x001c74    program     static                          
           ___if_lbl00032   0x001cae    program     static                          
           ___if_lbl00033   0x001cde    program     static                          
           ___if_lbl00033   0x0030e2    program     static                          
           ___if_lbl00034   0x0030e8    program     static                          
           ___if_lbl00034   0x001ce4    program     static                          
           ___if_lbl00035   0x001d80    program     static                          
           ___if_lbl00036   0x0030f6    program     static                          
           ___if_lbl00036   0x001d9a    program     static                          
           ___if_lbl00038   0x003172    program     static                          
           ___if_lbl00038   0x001db8    program     static                          
           ___if_lbl00056   0x00200c    program     static                          
           ___if_lbl00058   0x00200e    program     static                          
           ___if_lbl00060   0x00207a    program     static                          
           ___if_lbl00062   0x00207c    program     static                          
           ___if_lbl00064   0x0007ae    program     static                          
           ___if_lbl00064   0x00207c    program     static                          
           ___if_lbl00065   0x000832    program     static                          
           ___if_lbl00066   0x002082    program     static                          
           ___if_lbl00067   0x0020a0    program     static                          
           ___if_lbl00068   0x0020c4    program     static                          
           ___if_lbl00069   0x000852    program     static                          
           ___if_lbl00070   0x0020c4    program     static                          
           ___if_lbl00071   0x00085a    program     static                          
           ___if_lbl00072   0x0020c4    program     static                          
           ___if_lbl00073   0x000862    program     static                          
           ___if_lbl00074   0x0020ca    program     static                          
           ___if_lbl00075   0x002104    program     static                          
           ___if_lbl00075   0x000862    program     static                          
           ___if_lbl00076   0x000864    program     static                          
           ___if_lbl00076   0x002134    program     static                          
           ___if_lbl00077   0x00213a    program     static                          
           ___if_lbl00078   0x00086a    program     static                          
           ___if_lbl00078   0x0021d6    program     static                          
           ___if_lbl00080   0x0008a8    program     static                          
           ___if_lbl00080   0x0021ee    program     static                          
           ___if_lbl00082   0x00220a    program     static                          
           ___if_lbl00100   0x002450    program     static                          
           ___if_lbl00102   0x0024c0    program     static                          
           ___if_lbl00124   0x00121e    program     static                          
           ___if_lbl00126   0x00121e    program     static                          
           ___if_lbl00127   0x00299e    program     static                          
           ___if_lbl00128   0x001224    program     static                          
           ___if_lbl00129   0x0029a2    program     static                          
           ___if_lbl00131   0x0029d6    program     static                          
           ___if_lbl00134   0x002a58    program     static                          
           ___if_lbl00136   0x002a72    program     static                          
           ___if_lbl00138   0x002a90    program     static                          
           ___if_lbl00140   0x002ac8    program     static                          
           ___if_lbl00142   0x002ace    program     static                          
           ___if_lbl00147   0x002b5c    program     static                          
           ___if_lbl00149   0x001520    program     static                          
           ___if_lbl00149   0x002b62    program     static                          
           ___if_lbl00150   0x001534    program     static                          
       ___return_lbl00000   0x001a02    program     static                          
       ___return_lbl00000   0x000004    program     static                          
       ___return_lbl00000   0x0002f4    program     static                          
       ___return_lbl00000   0x004fc8    program     static                          
       ___return_lbl00001   0x005096    program     static                          
       ___return_lbl00002   0x004f22    program     static                          
       ___return_lbl00003   0x002ea8    program     static                          
       ___return_lbl00004   0x003b28    program     static                          
       ___return_lbl00010   0x003cde    program     static                          
       ___return_lbl00015   0x001dba    program     static                          
       ___return_lbl00016   0x00310c    program     static                          
       ___return_lbl00017   0x00001c    program     static                          
       ___return_lbl00020   0x000438    program     static                          
       ___return_lbl00022   0x003e9c    program     static                          
       ___return_lbl00037   0x003188    program     static                          
       ___return_lbl00053   0x00220c    program     static                          
       ___return_lbl00061   0x000870    program     static                          
       ___return_lbl00079   0x0008ba    program     static                          
       ___return_lbl00099   0x002454    program     static                          
       ___return_lbl00101   0x0024c4    program     static                          
       ___return_lbl00122   0x001228    program     static                          
       ___return_lbl00124   0x002a90    program     static                          
       ___return_lbl00139   0x002ad2    program     static                          
       ___return_lbl00146   0x001536    program     static                          
       ___return_lbl00146   0x002b66    program     static                          
        ___while_lbl00005   0x003a64    program     static                          
        ___while_lbl00006   0x003a7a    program     static                          
        ___while_lbl00011   0x003bd4    program     static                          
        ___while_lbl00012   0x003bea    program     static                          
        ___while_lbl00013   0x003c1e    program     static                          
        ___while_lbl00014   0x003c34    program     static                          
        ___while_lbl00023   0x003d88    program     static                          
        ___while_lbl00024   0x003d9e    program     static                          
        ___while_lbl00026   0x003ddc    program     static                          
        ___while_lbl00027   0x003df2    program     static                          
        ___while_lbl00062   0x00070c    program     static                          
        ___while_lbl00063   0x000834    program     static                          
        ___while_lbl00067   0x00083c    program     static                          
        ___while_lbl00068   0x000858    program     static                          
        ___while_lbl00125   0x002922    program     static                          
        ___while_lbl00126   0x0029ba    program     static                          
        ___while_lbl00132   0x0029dc    program     static                          
        ___while_lbl00133   0x002a74    program     static                          
        ___while_lbl00147   0x0014a2    program     static                          
        ___while_lbl00148   0x001536    program     static                          
               __config_0   0x300001    program     static C:\Users\JO\Desktop\pic18f_rtos\test\main.c
               __config_1   0x300002    program     static C:\Users\JO\Desktop\pic18f_rtos\test\main.c
              __config_10   0x30000d    program     static C:\Users\JO\Desktop\pic18f_rtos\test\main.c
               __config_2   0x300003    program     static C:\Users\JO\Desktop\pic18f_rtos\test\main.c
               __config_3   0x300005    program     static C:\Users\JO\Desktop\pic18f_rtos\test\main.c
               __config_4   0x300006    program     static C:\Users\JO\Desktop\pic18f_rtos\test\main.c
               __config_5   0x300008    program     static C:\Users\JO\Desktop\pic18f_rtos\test\main.c
               __config_6   0x300009    program     static C:\Users\JO\Desktop\pic18f_rtos\test\main.c
               __config_7   0x30000a    program     static C:\Users\JO\Desktop\pic18f_rtos\test\main.c
               __config_8   0x30000b    program     static C:\Users\JO\Desktop\pic18f_rtos\test\main.c
               __config_9   0x30000c    program     static C:\Users\JO\Desktop\pic18f_rtos\test\main.c
                   __init   0x000006    program     extern E:\c18v3.46\pic18-lt\cxx-framework\src\traditional\stdclib\__init.c
               __string_0   0x00509d    program     static C:\Users\JO\Desktop\pic18f_rtos\test\main.c
               __string_0   0x005098    program     static C:\Users\JO\Desktop\pic18f_rtos\Source\tasks.c
               __tmplbl_0   0x001bb0    program     static                          
               __tmplbl_1   0x001ba8    program     static                          
               __tmplbl_4   0x001180    program     static                          
               __tmplbl_5   0x001150    program     static                          
               __tmplbl_6   0x0014b8    program     static                          
               __tmplbl_7   0x0014b4    program     static                          
               __tmplbl_8   0x002948    program     static                          
               __tmplbl_9   0x002a02    program     static                          
            __zero_memory   0x00505c    program     extern E:\c18v3.46\pic18-lt\cxx-framework\src\traditional\proc\p18f4520.asm
                _do_cinit   0x004e86    program     extern E:\c18v3.46\pic18-lt\cxx-framework\src\traditional\startup\c018i.c
                   _entry   0x000000    program     extern E:\c18v3.46\pic18-lt\cxx-framework\src\traditional\startup\c018i.c
                 _startup   0x00507c    program     extern E:\c18v3.46\pic18-lt\cxx-framework\src\traditional\startup\c018i.c
                compare_l   0x005072    program     static E:\c18v3.46\pic18-lt\cxx-framework\src\traditional\proc\p18f4520.asm
                copy_loop   0x004ef8    program     static                          
            copy_one_byte   0x004efe    program     static                          
                     done   0x004f22    program     static                          
             done_copying   0x004f0c    program     static                          
                     jEnd   0x004f68    program     static E:\c18v3.46\pic18-lt\cxx-framework\src\traditional\stdclib\memcpy.asm
                    jLoop   0x004f4c    program     static E:\c18v3.46\pic18-lt\cxx-framework\src\traditional\stdclib\memcpy.asm
                     loop   0x00508c    program     static                          
                   loop_h   0x00506a    program     static E:\c18v3.46\pic18-lt\cxx-framework\src\traditional\proc\p18f4520.asm
                   loop_l   0x005074    program     static E:\c18v3.46\pic18-lt\cxx-framework\src\traditional\proc\p18f4520.asm
                     main   0x004f7a    program     extern C:\Users\JO\Desktop\pic18f_rtos\test\main.c
                   memcpy   0x004f24    program     extern E:\c18v3.46\pic18-lt\cxx-framework\src\traditional\stdclib\memcpy.asm
prvAddCurrentTaskToDelayedList   0x00154a    program     extern C:\Users\JO\Desktop\pic18f_rtos\Source\tasks.c
   prvAllocateTCBAndStack   0x00161c    program     extern C:\Users\JO\Desktop\pic18f_rtos\Source\tasks.c
      prvCheckDelayedList   0x0043fe    program     extern C:\Users\JO\Desktop\pic18f_rtos\Source\croutine.c
 prvCheckPendingReadyList   0x0042de    program     extern C:\Users\JO\Desktop\pic18f_rtos\Source\croutine.c
prvCheckTasksWaitingTermination   0x001496    program     extern C:\Users\JO\Desktop\pic18f_rtos\Source\tasks.c
     prvCopyDataFromQueue   0x0027f8    program     static C:\Users\JO\Desktop\pic18f_rtos\Source\queue.c
       prvCopyDataToQueue   0x00256a    program     static C:\Users\JO\Desktop\pic18f_rtos\Source\queue.c
             prvDeleteTCB   0x0016ee    program     extern C:\Users\JO\Desktop\pic18f_rtos\Source\tasks.c
              prvIdleTask   0x001248    program     extern C:\Users\JO\Desktop\pic18f_rtos\Source\tasks.c
prvInitialiseCoRoutineLists   0x00472e    program     extern C:\Users\JO\Desktop\pic18f_rtos\Source\croutine.c
prvInitialiseTCBVariables   0x001258    program     extern C:\Users\JO\Desktop\pic18f_rtos\Source\tasks.c
   prvInitialiseTaskLists   0x001400    program     extern C:\Users\JO\Desktop\pic18f_rtos\Source\tasks.c
          prvIsQueueEmpty   0x002a98    program     static C:\Users\JO\Desktop\pic18f_rtos\Source\queue.c
           prvIsQueueFull   0x002b12    program     static C:\Users\JO\Desktop\pic18f_rtos\Source\queue.c
          prvLowInterrupt   0x000008    program     static C:\Users\JO\Desktop\pic18f_rtos\Source\portable\port.c
prvResetNextTaskUnblockTime   0x001736    program     extern C:\Users\JO\Desktop\pic18f_rtos\Source\tasks.c
   prvSetupTimerInterrupt   0x003e9e    program     static C:\Users\JO\Desktop\pic18f_rtos\Source\portable\port.c
     prvTestWaitCondition   0x00357c    program     static C:\Users\JO\Desktop\pic18f_rtos\Source\event_groups.c
               prvTickISR   0x003ce0    program     static C:\Users\JO\Desktop\pic18f_rtos\Source\portable\port.c
           prvUnlockQueue   0x002914    program     static C:\Users\JO\Desktop\pic18f_rtos\Source\queue.c
             pvPortMalloc   0x004d98    program     extern C:\Users\JO\Desktop\pic18f_rtos\Source\portable\heap_1.c
    pxPortInitialiseStack   0x0035ee    program     extern C:\Users\JO\Desktop\pic18f_rtos\Source\portable\port.c
                     test   0x004ea0    program     static                          
             uxListRemove   0x004c50    program     extern C:\Users\JO\Desktop\pic18f_rtos\Source\list.c
   uxQueueMessagesWaiting   0x002422    program     extern C:\Users\JO\Desktop\pic18f_rtos\Source\queue.c
uxQueueMessagesWaitingFromISR   0x0024dc    program     extern C:\Users\JO\Desktop\pic18f_rtos\Source\queue.c
   uxQueueSpacesAvailable   0x00245e    program     extern C:\Users\JO\Desktop\pic18f_rtos\Source\queue.c
   uxTaskGetNumberOfTasks   0x00090a    program     extern C:\Users\JO\Desktop\pic18f_rtos\Source\tasks.c
uxTaskResetEventItemValue   0x0017b4    program     extern C:\Users\JO\Desktop\pic18f_rtos\Source\tasks.c
vCoRoutineAddToDelayedList   0x0041aa    program     extern C:\Users\JO\Desktop\pic18f_rtos\Source\croutine.c
       vCoRoutineSchedule   0x0045d2    program     extern C:\Users\JO\Desktop\pic18f_rtos\Source\croutine.c
vEventGroupClearBitsCallback   0x00354a    program     extern C:\Users\JO\Desktop\pic18f_rtos\Source\event_groups.c
        vEventGroupDelete   0x00346c    program     extern C:\Users\JO\Desktop\pic18f_rtos\Source\event_groups.c
vEventGroupSetBitsCallback   0x003518    program     extern C:\Users\JO\Desktop\pic18f_rtos\Source\event_groups.c
          vListInitialise   0x00489e    program     extern C:\Users\JO\Desktop\pic18f_rtos\Source\list.c
      vListInitialiseItem   0x004986    program     extern C:\Users\JO\Desktop\pic18f_rtos\Source\list.c
              vListInsert   0x004aa6    program     extern C:\Users\JO\Desktop\pic18f_rtos\Source\list.c
           vListInsertEnd   0x0049aa    program     extern C:\Users\JO\Desktop\pic18f_rtos\Source\list.c
        vPortEndScheduler   0x003b2a    program     extern C:\Users\JO\Desktop\pic18f_rtos\Source\portable\port.c
                vPortFree   0x004e56    program     extern C:\Users\JO\Desktop\pic18f_rtos\Source\portable\heap_1.c
    vPortInitialiseBlocks   0x004e62    program     extern C:\Users\JO\Desktop\pic18f_rtos\Source\portable\heap_1.c
               vPortYield   0x003b2c    program     extern C:\Users\JO\Desktop\pic18f_rtos\Source\portable\port.c
             vQueueDelete   0x00250a    program     extern C:\Users\JO\Desktop\pic18f_rtos\Source\queue.c
               vTaskDelay   0x0005cc    program     extern C:\Users\JO\Desktop\pic18f_rtos\Source\tasks.c
          vTaskDelayUntil   0x00044c    program     extern C:\Users\JO\Desktop\pic18f_rtos\Source\tasks.c
              vTaskDelete   0x00030c    program     extern C:\Users\JO\Desktop\pic18f_rtos\Source\tasks.c
        vTaskEndScheduler   0x0006d0    program     extern C:\Users\JO\Desktop\pic18f_rtos\Source\tasks.c
         vTaskMissedYield   0x001240    program     extern C:\Users\JO\Desktop\pic18f_rtos\Source\tasks.c
    vTaskPlaceOnEventList   0x000c56    program     extern C:\Users\JO\Desktop\pic18f_rtos\Source\tasks.c
vTaskPlaceOnUnorderedEventList   0x000d06    program     extern C:\Users\JO\Desktop\pic18f_rtos\Source\tasks.c
     vTaskSetTimeOutState   0x0010e8    program     extern C:\Users\JO\Desktop\pic18f_rtos\Source\tasks.c
      vTaskStartScheduler   0x000670    program     extern C:\Users\JO\Desktop\pic18f_rtos\Source\tasks.c
          vTaskSuspendAll   0x0006da    program     extern C:\Users\JO\Desktop\pic18f_rtos\Source\tasks.c
       vTaskSwitchContext   0x000b34    program     extern C:\Users\JO\Desktop\pic18f_rtos\Source\tasks.c
         xCoRoutineCreate   0x003f56    program     extern C:\Users\JO\Desktop\pic18f_rtos\Source\croutine.c
xCoRoutineRemoveFromEventList   0x0047b4    program     extern C:\Users\JO\Desktop\pic18f_rtos\Source\croutine.c
     xEventGroupClearBits   0x003120    program     extern C:\Users\JO\Desktop\pic18f_rtos\Source\event_groups.c
        xEventGroupCreate   0x002bc0    program     extern C:\Users\JO\Desktop\pic18f_rtos\Source\event_groups.c
xEventGroupGetBitsFromISR   0x00319c    program     extern C:\Users\JO\Desktop\pic18f_rtos\Source\event_groups.c
       xEventGroupSetBits   0x003202    program     extern C:\Users\JO\Desktop\pic18f_rtos\Source\event_groups.c
          xEventGroupSync   0x002c4c    program     extern C:\Users\JO\Desktop\pic18f_rtos\Source\event_groups.c
      xEventGroupWaitBits   0x002ebc    program     extern C:\Users\JO\Desktop\pic18f_rtos\Source\event_groups.c
     xPortGetFreeHeapSize   0x004e6a    program     extern C:\Users\JO\Desktop\pic18f_rtos\Source\portable\heap_1.c
      xPortStartScheduler   0x003a48    program     extern C:\Users\JO\Desktop\pic18f_rtos\Source\portable\port.c
      xQueueGenericCreate   0x001a1a    program     extern C:\Users\JO\Desktop\pic18f_rtos\Source\queue.c
     xQueueGenericReceive   0x001f1a    program     extern C:\Users\JO\Desktop\pic18f_rtos\Source\queue.c
       xQueueGenericReset   0x00182e    program     extern C:\Users\JO\Desktop\pic18f_rtos\Source\queue.c
        xQueueGenericSend   0x001b4a    program     extern C:\Users\JO\Desktop\pic18f_rtos\Source\queue.c
 xQueueGenericSendFromISR   0x001dd2    program     extern C:\Users\JO\Desktop\pic18f_rtos\Source\queue.c
xQueueIsQueueEmptyFromISR   0x002adc    program     extern C:\Users\JO\Desktop\pic18f_rtos\Source\queue.c
 xQueueIsQueueFullFromISR   0x002b70    program     extern C:\Users\JO\Desktop\pic18f_rtos\Source\queue.c
        xQueuePeekFromISR   0x00235c    program     extern C:\Users\JO\Desktop\pic18f_rtos\Source\queue.c
     xQueueReceiveFromISR   0x002224    program     extern C:\Users\JO\Desktop\pic18f_rtos\Source\queue.c
     xTaskCheckForTimeOut   0x00111e    program     extern C:\Users\JO\Desktop\pic18f_rtos\Source\tasks.c
       xTaskGenericCreate   0x000050    program     extern C:\Users\JO\Desktop\pic18f_rtos\Source\tasks.c
        xTaskGetTickCount   0x000888    program     extern C:\Users\JO\Desktop\pic18f_rtos\Source\tasks.c
 xTaskGetTickCountFromISR   0x0008ce    program     extern C:\Users\JO\Desktop\pic18f_rtos\Source\tasks.c
       xTaskIncrementTick   0x000910    program     extern C:\Users\JO\Desktop\pic18f_rtos\Source\tasks.c
 xTaskRemoveFromEventList   0x000ddc    program     extern C:\Users\JO\Desktop\pic18f_rtos\Source\tasks.c
xTaskRemoveFromUnorderedEventList   0x000f7e    program     extern C:\Users\JO\Desktop\pic18f_rtos\Source\tasks.c
           xTaskResumeAll   0x0006e0    program     extern C:\Users\JO\Desktop\pic18f_rtos\Source\tasks.c
               zero_block   0x00506a    program     static E:\c18v3.46\pic18-lt\cxx-framework\src\traditional\proc\p18f4520.asm
                   ADCON0   0x000fc2       data     extern E:\c18v3.46\pic18-lt\cxx-framework\src\traditional\proc\p18f4520.asm
               ADCON0bits   0x000fc2       data     extern E:\c18v3.46\pic18-lt\cxx-framework\src\traditional\proc\p18f4520.asm
                   ADCON1   0x000fc1       data     extern E:\c18v3.46\pic18-lt\cxx-framework\src\traditional\proc\p18f4520.asm
               ADCON1bits   0x000fc1       data     extern E:\c18v3.46\pic18-lt\cxx-framework\src\traditional\proc\p18f4520.asm
                   ADCON2   0x000fc0       data     extern E:\c18v3.46\pic18-lt\cxx-framework\src\traditional\proc\p18f4520.asm
               ADCON2bits   0x000fc0       data     extern E:\c18v3.46\pic18-lt\cxx-framework\src\traditional\proc\p18f4520.asm
                    ADRES   0x000fc3       data     extern E:\c18v3.46\pic18-lt\cxx-framework\src\traditional\proc\p18f4520.asm
                   ADRESH   0x000fc4       data     extern E:\c18v3.46\pic18-lt\cxx-framework\src\traditional\proc\p18f4520.asm
                   ADRESL   0x000fc3       data     extern E:\c18v3.46\pic18-lt\cxx-framework\src\traditional\proc\p18f4520.asm
                  BAUDCON   0x000fb8       data     extern E:\c18v3.46\pic18-lt\cxx-framework\src\traditional\proc\p18f4520.asm
              BAUDCONbits   0x000fb8       data     extern E:\c18v3.46\pic18-lt\cxx-framework\src\traditional\proc\p18f4520.asm
                  BAUDCTL   0x000fb8       data     extern E:\c18v3.46\pic18-lt\cxx-framework\src\traditional\proc\p18f4520.asm
              BAUDCTLbits   0x000fb8       data     extern E:\c18v3.46\pic18-lt\cxx-framework\src\traditional\proc\p18f4520.asm
                      BSR   0x000fe0       data     extern E:\c18v3.46\pic18-lt\cxx-framework\src\traditional\proc\p18f4520.asm
                  CCP1CON   0x000fbd       data     extern E:\c18v3.46\pic18-lt\cxx-framework\src\traditional\proc\p18f4520.asm
              CCP1CONbits   0x000fbd       data     extern E:\c18v3.46\pic18-lt\cxx-framework\src\traditional\proc\p18f4520.asm
                  CCP2CON   0x000fba       data     extern E:\c18v3.46\pic18-lt\cxx-framework\src\traditional\proc\p18f4520.asm
              CCP2CONbits   0x000fba       data     extern E:\c18v3.46\pic18-lt\cxx-framework\src\traditional\proc\p18f4520.asm
                    CCPR1   0x000fbe       data     extern E:\c18v3.46\pic18-lt\cxx-framework\src\traditional\proc\p18f4520.asm
                   CCPR1H   0x000fbf       data     extern E:\c18v3.46\pic18-lt\cxx-framework\src\traditional\proc\p18f4520.asm
                   CCPR1L   0x000fbe       data     extern E:\c18v3.46\pic18-lt\cxx-framework\src\traditional\proc\p18f4520.asm
                    CCPR2   0x000fbb       data     extern E:\c18v3.46\pic18-lt\cxx-framework\src\traditional\proc\p18f4520.asm
                   CCPR2H   0x000fbc       data     extern E:\c18v3.46\pic18-lt\cxx-framework\src\traditional\proc\p18f4520.asm
                   CCPR2L   0x000fbb       data     extern E:\c18v3.46\pic18-lt\cxx-framework\src\traditional\proc\p18f4520.asm
                    CMCON   0x000fb4       data     extern E:\c18v3.46\pic18-lt\cxx-framework\src\traditional\proc\p18f4520.asm
                CMCONbits   0x000fb4       data     extern E:\c18v3.46\pic18-lt\cxx-framework\src\traditional\proc\p18f4520.asm
                   CVRCON   0x000fb5       data     extern E:\c18v3.46\pic18-lt\cxx-framework\src\traditional\proc\p18f4520.asm
               CVRCONbits   0x000fb5       data     extern E:\c18v3.46\pic18-lt\cxx-framework\src\traditional\proc\p18f4520.asm
                     DDRA   0x000f92       data     extern E:\c18v3.46\pic18-lt\cxx-framework\src\traditional\proc\p18f4520.asm
                 DDRAbits   0x000f92       data     extern E:\c18v3.46\pic18-lt\cxx-framework\src\traditional\proc\p18f4520.asm
                     DDRB   0x000f93       data     extern E:\c18v3.46\pic18-lt\cxx-framework\src\traditional\proc\p18f4520.asm
                 DDRBbits   0x000f93       data     extern E:\c18v3.46\pic18-lt\cxx-framework\src\traditional\proc\p18f4520.asm
                     DDRC   0x000f94       data     extern E:\c18v3.46\pic18-lt\cxx-framework\src\traditional\proc\p18f4520.asm
                 DDRCbits   0x000f94       data     extern E:\c18v3.46\pic18-lt\cxx-framework\src\traditional\proc\p18f4520.asm
                     DDRD   0x000f95       data     extern E:\c18v3.46\pic18-lt\cxx-framework\src\traditional\proc\p18f4520.asm
                 DDRDbits   0x000f95       data     extern E:\c18v3.46\pic18-lt\cxx-framework\src\traditional\proc\p18f4520.asm
                     DDRE   0x000f96       data     extern E:\c18v3.46\pic18-lt\cxx-framework\src\traditional\proc\p18f4520.asm
                 DDREbits   0x000f96       data     extern E:\c18v3.46\pic18-lt\cxx-framework\src\traditional\proc\p18f4520.asm
                  ECCP1AS   0x000fb6       data     extern E:\c18v3.46\pic18-lt\cxx-framework\src\traditional\proc\p18f4520.asm
              ECCP1ASbits   0x000fb6       data     extern E:\c18v3.46\pic18-lt\cxx-framework\src\traditional\proc\p18f4520.asm
                 ECCP1DEL   0x000fb7       data     extern E:\c18v3.46\pic18-lt\cxx-framework\src\traditional\proc\p18f4520.asm
             ECCP1DELbits   0x000fb7       data     extern E:\c18v3.46\pic18-lt\cxx-framework\src\traditional\proc\p18f4520.asm
                   ECCPAS   0x000fb6       data     extern E:\c18v3.46\pic18-lt\cxx-framework\src\traditional\proc\p18f4520.asm
               ECCPASbits   0x000fb6       data     extern E:\c18v3.46\pic18-lt\cxx-framework\src\traditional\proc\p18f4520.asm
                    EEADR   0x000fa9       data     extern E:\c18v3.46\pic18-lt\cxx-framework\src\traditional\proc\p18f4520.asm
                   EECON1   0x000fa6       data     extern E:\c18v3.46\pic18-lt\cxx-framework\src\traditional\proc\p18f4520.asm
               EECON1bits   0x000fa6       data     extern E:\c18v3.46\pic18-lt\cxx-framework\src\traditional\proc\p18f4520.asm
                   EECON2   0x000fa7       data     extern E:\c18v3.46\pic18-lt\cxx-framework\src\traditional\proc\p18f4520.asm
                   EEDATA   0x000fa8       data     extern E:\c18v3.46\pic18-lt\cxx-framework\src\traditional\proc\p18f4520.asm
                     FSR0   0x000fe9       data     extern E:\c18v3.46\pic18-lt\cxx-framework\src\traditional\proc\p18f4520.asm
                    FSR0H   0x000fea       data     extern E:\c18v3.46\pic18-lt\cxx-framework\src\traditional\proc\p18f4520.asm
                    FSR0L   0x000fe9       data     extern E:\c18v3.46\pic18-lt\cxx-framework\src\traditional\proc\p18f4520.asm
                     FSR1   0x000fe1       data     extern E:\c18v3.46\pic18-lt\cxx-framework\src\traditional\proc\p18f4520.asm
                    FSR1H   0x000fe2       data     extern E:\c18v3.46\pic18-lt\cxx-framework\src\traditional\proc\p18f4520.asm
                    FSR1L   0x000fe1       data     extern E:\c18v3.46\pic18-lt\cxx-framework\src\traditional\proc\p18f4520.asm
                     FSR2   0x000fd9       data     extern E:\c18v3.46\pic18-lt\cxx-framework\src\traditional\proc\p18f4520.asm
                    FSR2H   0x000fda       data     extern E:\c18v3.46\pic18-lt\cxx-framework\src\traditional\proc\p18f4520.asm
                    FSR2L   0x000fd9       data     extern E:\c18v3.46\pic18-lt\cxx-framework\src\traditional\proc\p18f4520.asm
                  HLVDCON   0x000fd2       data     extern E:\c18v3.46\pic18-lt\cxx-framework\src\traditional\proc\p18f4520.asm
              HLVDCONbits   0x000fd2       data     extern E:\c18v3.46\pic18-lt\cxx-framework\src\traditional\proc\p18f4520.asm
                    INDF0   0x000fef       data     extern E:\c18v3.46\pic18-lt\cxx-framework\src\traditional\proc\p18f4520.asm
                    INDF1   0x000fe7       data     extern E:\c18v3.46\pic18-lt\cxx-framework\src\traditional\proc\p18f4520.asm
                    INDF2   0x000fdf       data     extern E:\c18v3.46\pic18-lt\cxx-framework\src\traditional\proc\p18f4520.asm
                   INTCON   0x000ff2       data     extern E:\c18v3.46\pic18-lt\cxx-framework\src\traditional\proc\p18f4520.asm
                  INTCON2   0x000ff1       data     extern E:\c18v3.46\pic18-lt\cxx-framework\src\traditional\proc\p18f4520.asm
              INTCON2bits   0x000ff1       data     extern E:\c18v3.46\pic18-lt\cxx-framework\src\traditional\proc\p18f4520.asm
                  INTCON3   0x000ff0       data     extern E:\c18v3.46\pic18-lt\cxx-framework\src\traditional\proc\p18f4520.asm
              INTCON3bits   0x000ff0       data     extern E:\c18v3.46\pic18-lt\cxx-framework\src\traditional\proc\p18f4520.asm
               INTCONbits   0x000ff2       data     extern E:\c18v3.46\pic18-lt\cxx-framework\src\traditional\proc\p18f4520.asm
                     IPR1   0x000f9f       data     extern E:\c18v3.46\pic18-lt\cxx-framework\src\traditional\proc\p18f4520.asm
                 IPR1bits   0x000f9f       data     extern E:\c18v3.46\pic18-lt\cxx-framework\src\traditional\proc\p18f4520.asm
                     IPR2   0x000fa2       data     extern E:\c18v3.46\pic18-lt\cxx-framework\src\traditional\proc\p18f4520.asm
                 IPR2bits   0x000fa2       data     extern E:\c18v3.46\pic18-lt\cxx-framework\src\traditional\proc\p18f4520.asm
                     LATA   0x000f89       data     extern E:\c18v3.46\pic18-lt\cxx-framework\src\traditional\proc\p18f4520.asm
                 LATAbits   0x000f89       data     extern E:\c18v3.46\pic18-lt\cxx-framework\src\traditional\proc\p18f4520.asm
                     LATB   0x000f8a       data     extern E:\c18v3.46\pic18-lt\cxx-framework\src\traditional\proc\p18f4520.asm
                 LATBbits   0x000f8a       data     extern E:\c18v3.46\pic18-lt\cxx-framework\src\traditional\proc\p18f4520.asm
                     LATC   0x000f8b       data     extern E:\c18v3.46\pic18-lt\cxx-framework\src\traditional\proc\p18f4520.asm
                 LATCbits   0x000f8b       data     extern E:\c18v3.46\pic18-lt\cxx-framework\src\traditional\proc\p18f4520.asm
                     LATD   0x000f8c       data     extern E:\c18v3.46\pic18-lt\cxx-framework\src\traditional\proc\p18f4520.asm
                 LATDbits   0x000f8c       data     extern E:\c18v3.46\pic18-lt\cxx-framework\src\traditional\proc\p18f4520.asm
                     LATE   0x000f8d       data     extern E:\c18v3.46\pic18-lt\cxx-framework\src\traditional\proc\p18f4520.asm
                 LATEbits   0x000f8d       data     extern E:\c18v3.46\pic18-lt\cxx-framework\src\traditional\proc\p18f4520.asm
                   LVDCON   0x000fd2       data     extern E:\c18v3.46\pic18-lt\cxx-framework\src\traditional\proc\p18f4520.asm
               LVDCONbits   0x000fd2       data     extern E:\c18v3.46\pic18-lt\cxx-framework\src\traditional\proc\p18f4520.asm
                   OSCCON   0x000fd3       data     extern E:\c18v3.46\pic18-lt\cxx-framework\src\traditional\proc\p18f4520.asm
               OSCCONbits   0x000fd3       data     extern E:\c18v3.46\pic18-lt\cxx-framework\src\traditional\proc\p18f4520.asm
                  OSCTUNE   0x000f9b       data     extern E:\c18v3.46\pic18-lt\cxx-framework\src\traditional\proc\p18f4520.asm
              OSCTUNEbits   0x000f9b       data     extern E:\c18v3.46\pic18-lt\cxx-framework\src\traditional\proc\p18f4520.asm
                       PC   0x000ff9       data     extern E:\c18v3.46\pic18-lt\cxx-framework\src\traditional\proc\p18f4520.asm
                      PCL   0x000ff9       data     extern E:\c18v3.46\pic18-lt\cxx-framework\src\traditional\proc\p18f4520.asm
                   PCLATH   0x000ffa       data     extern E:\c18v3.46\pic18-lt\cxx-framework\src\traditional\proc\p18f4520.asm
                   PCLATU   0x000ffb       data     extern E:\c18v3.46\pic18-lt\cxx-framework\src\traditional\proc\p18f4520.asm
                     PIE1   0x000f9d       data     extern E:\c18v3.46\pic18-lt\cxx-framework\src\traditional\proc\p18f4520.asm
                 PIE1bits   0x000f9d       data     extern E:\c18v3.46\pic18-lt\cxx-framework\src\traditional\proc\p18f4520.asm
                     PIE2   0x000fa0       data     extern E:\c18v3.46\pic18-lt\cxx-framework\src\traditional\proc\p18f4520.asm
                 PIE2bits   0x000fa0       data     extern E:\c18v3.46\pic18-lt\cxx-framework\src\traditional\proc\p18f4520.asm
                     PIR1   0x000f9e       data     extern E:\c18v3.46\pic18-lt\cxx-framework\src\traditional\proc\p18f4520.asm
                 PIR1bits   0x000f9e       data     extern E:\c18v3.46\pic18-lt\cxx-framework\src\traditional\proc\p18f4520.asm
                     PIR2   0x000fa1       data     extern E:\c18v3.46\pic18-lt\cxx-framework\src\traditional\proc\p18f4520.asm
                 PIR2bits   0x000fa1       data     extern E:\c18v3.46\pic18-lt\cxx-framework\src\traditional\proc\p18f4520.asm
                   PLUSW0   0x000feb       data     extern E:\c18v3.46\pic18-lt\cxx-framework\src\traditional\proc\p18f4520.asm
                   PLUSW1   0x000fe3       data     extern E:\c18v3.46\pic18-lt\cxx-framework\src\traditional\proc\p18f4520.asm
                   PLUSW2   0x000fdb       data     extern E:\c18v3.46\pic18-lt\cxx-framework\src\traditional\proc\p18f4520.asm
                    PORTA   0x000f80       data     extern E:\c18v3.46\pic18-lt\cxx-framework\src\traditional\proc\p18f4520.asm
                PORTAbits   0x000f80       data     extern E:\c18v3.46\pic18-lt\cxx-framework\src\traditional\proc\p18f4520.asm
                    PORTB   0x000f81       data     extern E:\c18v3.46\pic18-lt\cxx-framework\src\traditional\proc\p18f4520.asm
                PORTBbits   0x000f81       data     extern E:\c18v3.46\pic18-lt\cxx-framework\src\traditional\proc\p18f4520.asm
                    PORTC   0x000f82       data     extern E:\c18v3.46\pic18-lt\cxx-framework\src\traditional\proc\p18f4520.asm
                PORTCbits   0x000f82       data     extern E:\c18v3.46\pic18-lt\cxx-framework\src\traditional\proc\p18f4520.asm
                    PORTD   0x000f83       data     extern E:\c18v3.46\pic18-lt\cxx-framework\src\traditional\proc\p18f4520.asm
                PORTDbits   0x000f83       data     extern E:\c18v3.46\pic18-lt\cxx-framework\src\traditional\proc\p18f4520.asm
                    PORTE   0x000f84       data     extern E:\c18v3.46\pic18-lt\cxx-framework\src\traditional\proc\p18f4520.asm
                PORTEbits   0x000f84       data     extern E:\c18v3.46\pic18-lt\cxx-framework\src\traditional\proc\p18f4520.asm
                 POSTDEC0   0x000fed       data     extern E:\c18v3.46\pic18-lt\cxx-framework\src\traditional\proc\p18f4520.asm
                 POSTDEC1   0x000fe5       data     extern E:\c18v3.46\pic18-lt\cxx-framework\src\traditional\proc\p18f4520.asm
                 POSTDEC2   0x000fdd       data     extern E:\c18v3.46\pic18-lt\cxx-framework\src\traditional\proc\p18f4520.asm
                 POSTINC0   0x000fee       data     extern E:\c18v3.46\pic18-lt\cxx-framework\src\traditional\proc\p18f4520.asm
                 POSTINC1   0x000fe6       data     extern E:\c18v3.46\pic18-lt\cxx-framework\src\traditional\proc\p18f4520.asm
                 POSTINC2   0x000fde       data     extern E:\c18v3.46\pic18-lt\cxx-framework\src\traditional\proc\p18f4520.asm
                      PR2   0x000fcb       data     extern E:\c18v3.46\pic18-lt\cxx-framework\src\traditional\proc\p18f4520.asm
                  PREINC0   0x000fec       data     extern E:\c18v3.46\pic18-lt\cxx-framework\src\traditional\proc\p18f4520.asm
                  PREINC1   0x000fe4       data     extern E:\c18v3.46\pic18-lt\cxx-framework\src\traditional\proc\p18f4520.asm
                  PREINC2   0x000fdc       data     extern E:\c18v3.46\pic18-lt\cxx-framework\src\traditional\proc\p18f4520.asm
                     PROD   0x000ff3       data     extern E:\c18v3.46\pic18-lt\cxx-framework\src\traditional\proc\p18f4520.asm
                    PRODH   0x000ff4       data     extern E:\c18v3.46\pic18-lt\cxx-framework\src\traditional\proc\p18f4520.asm
                    PRODL   0x000ff3       data     extern E:\c18v3.46\pic18-lt\cxx-framework\src\traditional\proc\p18f4520.asm
                  PWM1CON   0x000fb7       data     extern E:\c18v3.46\pic18-lt\cxx-framework\src\traditional\proc\p18f4520.asm
              PWM1CONbits   0x000fb7       data     extern E:\c18v3.46\pic18-lt\cxx-framework\src\traditional\proc\p18f4520.asm
                     RCON   0x000fd0       data     extern E:\c18v3.46\pic18-lt\cxx-framework\src\traditional\proc\p18f4520.asm
                 RCONbits   0x000fd0       data     extern E:\c18v3.46\pic18-lt\cxx-framework\src\traditional\proc\p18f4520.asm
                    RCREG   0x000fae       data     extern E:\c18v3.46\pic18-lt\cxx-framework\src\traditional\proc\p18f4520.asm
                    RCSTA   0x000fab       data     extern E:\c18v3.46\pic18-lt\cxx-framework\src\traditional\proc\p18f4520.asm
                RCSTAbits   0x000fab       data     extern E:\c18v3.46\pic18-lt\cxx-framework\src\traditional\proc\p18f4520.asm
                     SIGN   0x000009       data     extern E:\c18v3.46\pic18-lt\cxx-framework\src\traditional\math\cmath18.asm
                    SPBRG   0x000faf       data     extern E:\c18v3.46\pic18-lt\cxx-framework\src\traditional\proc\p18f4520.asm
                   SPBRGH   0x000fb0       data     extern E:\c18v3.46\pic18-lt\cxx-framework\src\traditional\proc\p18f4520.asm
                   SSPADD   0x000fc8       data     extern E:\c18v3.46\pic18-lt\cxx-framework\src\traditional\proc\p18f4520.asm
                   SSPBUF   0x000fc9       data     extern E:\c18v3.46\pic18-lt\cxx-framework\src\traditional\proc\p18f4520.asm
                  SSPCON1   0x000fc6       data     extern E:\c18v3.46\pic18-lt\cxx-framework\src\traditional\proc\p18f4520.asm
              SSPCON1bits   0x000fc6       data     extern E:\c18v3.46\pic18-lt\cxx-framework\src\traditional\proc\p18f4520.asm
                  SSPCON2   0x000fc5       data     extern E:\c18v3.46\pic18-lt\cxx-framework\src\traditional\proc\p18f4520.asm
              SSPCON2bits   0x000fc5       data     extern E:\c18v3.46\pic18-lt\cxx-framework\src\traditional\proc\p18f4520.asm
                  SSPSTAT   0x000fc7       data     extern E:\c18v3.46\pic18-lt\cxx-framework\src\traditional\proc\p18f4520.asm
              SSPSTATbits   0x000fc7       data     extern E:\c18v3.46\pic18-lt\cxx-framework\src\traditional\proc\p18f4520.asm
                   STATUS   0x000fd8       data     extern E:\c18v3.46\pic18-lt\cxx-framework\src\traditional\proc\p18f4520.asm
               STATUSbits   0x000fd8       data     extern E:\c18v3.46\pic18-lt\cxx-framework\src\traditional\proc\p18f4520.asm
                   STKPTR   0x000ffc       data     extern E:\c18v3.46\pic18-lt\cxx-framework\src\traditional\proc\p18f4520.asm
               STKPTRbits   0x000ffc       data     extern E:\c18v3.46\pic18-lt\cxx-framework\src\traditional\proc\p18f4520.asm
                    T0CON   0x000fd5       data     extern E:\c18v3.46\pic18-lt\cxx-framework\src\traditional\proc\p18f4520.asm
                T0CONbits   0x000fd5       data     extern E:\c18v3.46\pic18-lt\cxx-framework\src\traditional\proc\p18f4520.asm
                    T1CON   0x000fcd       data     extern E:\c18v3.46\pic18-lt\cxx-framework\src\traditional\proc\p18f4520.asm
                T1CONbits   0x000fcd       data     extern E:\c18v3.46\pic18-lt\cxx-framework\src\traditional\proc\p18f4520.asm
                    T2CON   0x000fca       data     extern E:\c18v3.46\pic18-lt\cxx-framework\src\traditional\proc\p18f4520.asm
                T2CONbits   0x000fca       data     extern E:\c18v3.46\pic18-lt\cxx-framework\src\traditional\proc\p18f4520.asm
                    T3CON   0x000fb1       data     extern E:\c18v3.46\pic18-lt\cxx-framework\src\traditional\proc\p18f4520.asm
                T3CONbits   0x000fb1       data     extern E:\c18v3.46\pic18-lt\cxx-framework\src\traditional\proc\p18f4520.asm
                   TABLAT   0x000ff5       data     extern E:\c18v3.46\pic18-lt\cxx-framework\src\traditional\proc\p18f4520.asm
                   TBLPTR   0x000ff6       data     extern E:\c18v3.46\pic18-lt\cxx-framework\src\traditional\proc\p18f4520.asm
                  TBLPTRH   0x000ff7       data     extern E:\c18v3.46\pic18-lt\cxx-framework\src\traditional\proc\p18f4520.asm
                  TBLPTRL   0x000ff6       data     extern E:\c18v3.46\pic18-lt\cxx-framework\src\traditional\proc\p18f4520.asm
                  TBLPTRU   0x000ff8       data     extern E:\c18v3.46\pic18-lt\cxx-framework\src\traditional\proc\p18f4520.asm
                    TMR0H   0x000fd7       data     extern E:\c18v3.46\pic18-lt\cxx-framework\src\traditional\proc\p18f4520.asm
                    TMR0L   0x000fd6       data     extern E:\c18v3.46\pic18-lt\cxx-framework\src\traditional\proc\p18f4520.asm
                    TMR1H   0x000fcf       data     extern E:\c18v3.46\pic18-lt\cxx-framework\src\traditional\proc\p18f4520.asm
                    TMR1L   0x000fce       data     extern E:\c18v3.46\pic18-lt\cxx-framework\src\traditional\proc\p18f4520.asm
                     TMR2   0x000fcc       data     extern E:\c18v3.46\pic18-lt\cxx-framework\src\traditional\proc\p18f4520.asm
                    TMR3H   0x000fb3       data     extern E:\c18v3.46\pic18-lt\cxx-framework\src\traditional\proc\p18f4520.asm
                    TMR3L   0x000fb2       data     extern E:\c18v3.46\pic18-lt\cxx-framework\src\traditional\proc\p18f4520.asm
                      TOS   0x000ffd       data     extern E:\c18v3.46\pic18-lt\cxx-framework\src\traditional\proc\p18f4520.asm
                     TOSH   0x000ffe       data     extern E:\c18v3.46\pic18-lt\cxx-framework\src\traditional\proc\p18f4520.asm
                     TOSL   0x000ffd       data     extern E:\c18v3.46\pic18-lt\cxx-framework\src\traditional\proc\p18f4520.asm
                     TOSU   0x000fff       data     extern E:\c18v3.46\pic18-lt\cxx-framework\src\traditional\proc\p18f4520.asm
                    TRISA   0x000f92       data     extern E:\c18v3.46\pic18-lt\cxx-framework\src\traditional\proc\p18f4520.asm
                TRISAbits   0x000f92       data     extern E:\c18v3.46\pic18-lt\cxx-framework\src\traditional\proc\p18f4520.asm
                    TRISB   0x000f93       data     extern E:\c18v3.46\pic18-lt\cxx-framework\src\traditional\proc\p18f4520.asm
                TRISBbits   0x000f93       data     extern E:\c18v3.46\pic18-lt\cxx-framework\src\traditional\proc\p18f4520.asm
                    TRISC   0x000f94       data     extern E:\c18v3.46\pic18-lt\cxx-framework\src\traditional\proc\p18f4520.asm
                TRISCbits   0x000f94       data     extern E:\c18v3.46\pic18-lt\cxx-framework\src\traditional\proc\p18f4520.asm
                    TRISD   0x000f95       data     extern E:\c18v3.46\pic18-lt\cxx-framework\src\traditional\proc\p18f4520.asm
                TRISDbits   0x000f95       data     extern E:\c18v3.46\pic18-lt\cxx-framework\src\traditional\proc\p18f4520.asm
                    TRISE   0x000f96       data     extern E:\c18v3.46\pic18-lt\cxx-framework\src\traditional\proc\p18f4520.asm
                TRISEbits   0x000f96       data     extern E:\c18v3.46\pic18-lt\cxx-framework\src\traditional\proc\p18f4520.asm
                    TXREG   0x000fad       data     extern E:\c18v3.46\pic18-lt\cxx-framework\src\traditional\proc\p18f4520.asm
                    TXSTA   0x000fac       data     extern E:\c18v3.46\pic18-lt\cxx-framework\src\traditional\proc\p18f4520.asm
                TXSTAbits   0x000fac       data     extern E:\c18v3.46\pic18-lt\cxx-framework\src\traditional\proc\p18f4520.asm
                        W   0x000fe8       data     extern E:\c18v3.46\pic18-lt\cxx-framework\src\traditional\proc\p18f4520.asm
                   WDTCON   0x000fd1       data     extern E:\c18v3.46\pic18-lt\cxx-framework\src\traditional\proc\p18f4520.asm
               WDTCONbits   0x000fd1       data     extern E:\c18v3.46\pic18-lt\cxx-framework\src\traditional\proc\p18f4520.asm
                     WREG   0x000fe8       data     extern E:\c18v3.46\pic18-lt\cxx-framework\src\traditional\proc\p18f4520.asm
                 __AARGB0   0x000007       data     extern E:\c18v3.46\pic18-lt\cxx-framework\src\traditional\math\aarg.asm
                 __AARGB1   0x000006       data     extern E:\c18v3.46\pic18-lt\cxx-framework\src\traditional\math\aarg.asm
                 __AARGB2   0x000005       data     extern E:\c18v3.46\pic18-lt\cxx-framework\src\traditional\math\aarg.asm
                 __AARGB3   0x000004       data     extern E:\c18v3.46\pic18-lt\cxx-framework\src\traditional\math\aarg.asm
                 __AARGB4   0x000003       data     extern E:\c18v3.46\pic18-lt\cxx-framework\src\traditional\math\aarg.asm
                 __AARGB5   0x000002       data     extern E:\c18v3.46\pic18-lt\cxx-framework\src\traditional\math\aarg.asm
                 __AARGB6   0x000001       data     extern E:\c18v3.46\pic18-lt\cxx-framework\src\traditional\math\aarg.asm
                 __AARGB7   0x000000       data     extern E:\c18v3.46\pic18-lt\cxx-framework\src\traditional\math\aarg.asm
                   __AEXP   0x000008       data     extern E:\c18v3.46\pic18-lt\cxx-framework\src\traditional\math\aarg.asm
                __FPFLAGS   0x00000a       data     extern E:\c18v3.46\pic18-lt\cxx-framework\src\traditional\math\cmath18.asm
            __FPFLAGSbits   0x00000a       data     extern E:\c18v3.46\pic18-lt\cxx-framework\src\traditional\math\cmath18.asm
                  __REMB0   0x000003       data     extern E:\c18v3.46\pic18-lt\cxx-framework\src\traditional\math\aarg.asm
                  __REMB1   0x000002       data     extern E:\c18v3.46\pic18-lt\cxx-framework\src\traditional\math\aarg.asm
                  __REMB2   0x000001       data     extern E:\c18v3.46\pic18-lt\cxx-framework\src\traditional\math\aarg.asm
                  __REMB3   0x000000       data     extern E:\c18v3.46\pic18-lt\cxx-framework\src\traditional\math\aarg.asm
                  __tmp_0   0x00000b       data     static C:\Users\JO\Desktop\pic18f_rtos\Source\queue.c
                  __tmp_0   0x00000b       data     static C:\Users\JO\Desktop\pic18f_rtos\Source\list.c
                  __tmp_0   0x00000b       data     static C:\Users\JO\Desktop\pic18f_rtos\Source\event_groups.c
                  __tmp_0   0x00000b       data     static C:\Users\JO\Desktop\pic18f_rtos\Source\croutine.c
                  __tmp_0   0x00000b       data     static C:\Users\JO\Desktop\pic18f_rtos\Source\tasks.c
                  __tmp_0   0x00000b       data     static C:\Users\JO\Desktop\pic18f_rtos\Source\portable\port.c
                  __tmp_0   0x00000b       data     static C:\Users\JO\Desktop\pic18f_rtos\Source\portable\heap_1.c
                  __tmp_0   0x00000b       data     static C:\Users\JO\Desktop\pic18f_rtos\test\main.c
                  __tmp_0   0x00000b       data     static C:\Users\JO\Desktop\pic18f_rtos\test\heartBeat.c
                curr_byte   0x000192       data     static E:\c18v3.46\pic18-lt\cxx-framework\src\traditional\startup\c018i.c
               curr_entry   0x000194       data     static E:\c18v3.46\pic18-lt\cxx-framework\src\traditional\startup\c018i.c
                 data_ptr   0x000196       data     static E:\c18v3.46\pic18-lt\cxx-framework\src\traditional\startup\c018i.c
                  hbCount   0x0000fe       data     static C:\Users\JO\Desktop\pic18f_rtos\test\heartBeat.c
                 ledState   0x0001a6       data     static C:\Users\JO\Desktop\pic18f_rtos\test\board.c
                 ledState   0x0000fd       data     extern C:\Users\JO\Desktop\pic18f_rtos\test\heartBeat.c
                     prom   0x00018f       data     static E:\c18v3.46\pic18-lt\cxx-framework\src\traditional\startup\c018i.c
           pucAlignedHeap   0x0001a4       data     static C:\Users\JO\Desktop\pic18f_rtos\Source\portable\heap_1.c
       pxCurrentCoRoutine   0x000199       data     extern C:\Users\JO\Desktop\pic18f_rtos\Source\croutine.c
             pxCurrentTCB   0x000180       data     extern C:\Users\JO\Desktop\pic18f_rtos\Source\tasks.c
   pxDelayedCoRoutineList   0x0000f0       data     extern C:\Users\JO\Desktop\pic18f_rtos\Source\croutine.c
        pxDelayedTaskList   0x0000b6       data     extern C:\Users\JO\Desktop\pic18f_rtos\Source\tasks.c
pxOverflowDelayedCoRoutineList   0x0000f2       data     extern C:\Users\JO\Desktop\pic18f_rtos\Source\croutine.c
pxOverflowDelayedTaskList   0x0000b8       data     extern C:\Users\JO\Desktop\pic18f_rtos\Source\tasks.c
    pxReadyCoRoutineLists   0x0000cc       data     extern C:\Users\JO\Desktop\pic18f_rtos\Source\croutine.c
        pxReadyTasksLists   0x000080       data     extern C:\Users\JO\Desktop\pic18f_rtos\Source\tasks.c
                   ucHeap   0x000200       data     static C:\Users\JO\Desktop\pic18f_rtos\Source\portable\heap_1.c
   uxCurrentNumberOfTasks   0x000183       data     extern C:\Users\JO\Desktop\pic18f_rtos\Source\tasks.c
            uxPendedTicks   0x000188       data     extern C:\Users\JO\Desktop\pic18f_rtos\Source\tasks.c
     uxSchedulerSuspended   0x00018e       data     extern C:\Users\JO\Desktop\pic18f_rtos\Source\tasks.c
             uxTaskNumber   0x00018b       data     extern C:\Users\JO\Desktop\pic18f_rtos\Source\tasks.c
           uxTasksDeleted   0x000182       data     extern C:\Users\JO\Desktop\pic18f_rtos\Source\tasks.c
uxTopCoRoutineReadyPriority   0x00019b       data     extern C:\Users\JO\Desktop\pic18f_rtos\Source\croutine.c
       uxTopReadyPriority   0x000186       data     extern C:\Users\JO\Desktop\pic18f_rtos\Source\tasks.c
      xCoRoutineTickCount   0x00019c       data     extern C:\Users\JO\Desktop\pic18f_rtos\Source\croutine.c
   xDelayedCoRoutineList1   0x0000de       data     extern C:\Users\JO\Desktop\pic18f_rtos\Source\croutine.c
   xDelayedCoRoutineList2   0x0000e7       data     extern C:\Users\JO\Desktop\pic18f_rtos\Source\croutine.c
        xDelayedTaskList1   0x0000a4       data     extern C:\Users\JO\Desktop\pic18f_rtos\Source\tasks.c
        xDelayedTaskList2   0x0000ad       data     extern C:\Users\JO\Desktop\pic18f_rtos\Source\tasks.c
           xLastTickCount   0x00019e       data     extern C:\Users\JO\Desktop\pic18f_rtos\Source\croutine.c
            xNextFreeByte   0x0001a2       data     static C:\Users\JO\Desktop\pic18f_rtos\Source\portable\heap_1.c
     xNextTaskUnblockTime   0x00018c       data     extern C:\Users\JO\Desktop\pic18f_rtos\Source\tasks.c
          xNumOfOverflows   0x00018a       data     extern C:\Users\JO\Desktop\pic18f_rtos\Source\tasks.c
             xPassedTicks   0x0001a0       data     extern C:\Users\JO\Desktop\pic18f_rtos\Source\croutine.c
xPendingReadyCoRoutineList   0x0000f4       data     extern C:\Users\JO\Desktop\pic18f_rtos\Source\croutine.c
        xPendingReadyList   0x0000ba       data     extern C:\Users\JO\Desktop\pic18f_rtos\Source\tasks.c
        xSchedulerRunning   0x000187       data     extern C:\Users\JO\Desktop\pic18f_rtos\Source\tasks.c
 xTasksWaitingTermination   0x0000c3       data     extern C:\Users\JO\Desktop\pic18f_rtos\Source\tasks.c
               xTickCount   0x000184       data     extern C:\Users\JO\Desktop\pic18f_rtos\Source\tasks.c
            xYieldPending   0x000189       data     extern C:\Users\JO\Desktop\pic18f_rtos\Source\tasks.c



                              Symbols - Sorted by Address
                     Name    Address   Location    Storage File                     
                ---------  ---------  ---------  --------- ---------                
                   _entry   0x000000    program     extern E:\c18v3.46\pic18-lt\cxx-framework\src\traditional\startup\c018i.c
       ___return_lbl00000   0x000004    program     static                          
                   __init   0x000006    program     extern E:\c18v3.46\pic18-lt\cxx-framework\src\traditional\stdclib\__init.c
          prvLowInterrupt   0x000008    program     static C:\Users\JO\Desktop\pic18f_rtos\Source\portable\port.c
           ___if_lbl00018   0x000010    program     static                          
           ___if_lbl00019   0x000014    program     static                          
       ___return_lbl00017   0x00001c    program     static                          
           ___if_lbl00021   0x00001c    program     static                          
           ___if_lbl00020   0x00001c    program     static                          
       xTaskGenericCreate   0x000050    program     extern C:\Users\JO\Desktop\pic18f_rtos\Source\tasks.c
         ___else_lbl00002   0x0001c6    program     static                          
           ___if_lbl00001   0x0001c6    program     static                          
           ___if_lbl00003   0x0001f0    program     static                          
         ___else_lbl00004   0x0001f0    program     static                          
         ___else_lbl00010   0x0001f2    program     static                          
         ___else_lbl00006   0x00021e    program     static                          
           ___if_lbl00005   0x00021e    program     static                          
           ___if_lbl00007   0x000220    program     static                          
           ___if_lbl00009   0x000220    program     static                          
         ___else_lbl00008   0x000220    program     static                          
           ___if_lbl00011   0x00025e    program     static                          
           ___if_lbl00012   0x0002c8    program     static                          
         ___else_lbl00014   0x0002ca    program     static                          
           ___if_lbl00013   0x0002cc    program     static                          
         ___else_lbl00016   0x0002ee    program     static                          
           ___if_lbl00015   0x0002ee    program     static                          
           ___if_lbl00017   0x0002f0    program     static                          
         ___else_lbl00018   0x0002f0    program     static                          
           ___if_lbl00019   0x0002f0    program     static                          
       ___return_lbl00000   0x0002f4    program     static                          
              vTaskDelete   0x00030c    program     extern C:\Users\JO\Desktop\pic18f_rtos\Source\tasks.c
           ___?:_lbl00022   0x00033a    program     static                          
           ___?:_lbl00021   0x000346    program     static                          
         ___else_lbl00024   0x00037c    program     static                          
           ___if_lbl00023   0x00037c    program     static                          
           ___if_lbl00025   0x0003c4    program     static                          
         ___else_lbl00026   0x0003c4    program     static                          
           ___if_lbl00027   0x000406    program     static                          
         ___else_lbl00030   0x000428    program     static                          
           ___if_lbl00031   0x000438    program     static                          
           ___if_lbl00029   0x000438    program     static                          
       ___return_lbl00020   0x000438    program     static                          
           ___if_lbl00028   0x000438    program     static                          
          vTaskDelayUntil   0x00044c    program     extern C:\Users\JO\Desktop\pic18f_rtos\Source\tasks.c
               vTaskDelay   0x0005cc    program     extern C:\Users\JO\Desktop\pic18f_rtos\Source\tasks.c
      vTaskStartScheduler   0x000670    program     extern C:\Users\JO\Desktop\pic18f_rtos\Source\tasks.c
        vTaskEndScheduler   0x0006d0    program     extern C:\Users\JO\Desktop\pic18f_rtos\Source\tasks.c
          vTaskSuspendAll   0x0006da    program     extern C:\Users\JO\Desktop\pic18f_rtos\Source\tasks.c
           xTaskResumeAll   0x0006e0    program     extern C:\Users\JO\Desktop\pic18f_rtos\Source\tasks.c
        ___while_lbl00062   0x00070c    program     static                          
           ___if_lbl00064   0x0007ae    program     static                          
           ___if_lbl00065   0x000832    program     static                          
         ___else_lbl00066   0x000832    program     static                          
        ___while_lbl00063   0x000834    program     static                          
        ___while_lbl00067   0x00083c    program     static                          
         ___else_lbl00070   0x000852    program     static                          
           ___if_lbl00069   0x000852    program     static                          
        ___while_lbl00068   0x000858    program     static                          
         ___else_lbl00072   0x00085a    program     static                          
           ___if_lbl00071   0x00085a    program     static                          
         ___else_lbl00074   0x000862    program     static                          
           ___if_lbl00073   0x000862    program     static                          
           ___if_lbl00075   0x000862    program     static                          
         ___else_lbl00077   0x000864    program     static                          
           ___if_lbl00076   0x000864    program     static                          
           ___if_lbl00078   0x00086a    program     static                          
       ___return_lbl00061   0x000870    program     static                          
        xTaskGetTickCount   0x000888    program     extern C:\Users\JO\Desktop\pic18f_rtos\Source\tasks.c
           ___if_lbl00080   0x0008a8    program     static                          
       ___return_lbl00079   0x0008ba    program     static                          
 xTaskGetTickCountFromISR   0x0008ce    program     extern C:\Users\JO\Desktop\pic18f_rtos\Source\tasks.c
   uxTaskGetNumberOfTasks   0x00090a    program     extern C:\Users\JO\Desktop\pic18f_rtos\Source\tasks.c
       xTaskIncrementTick   0x000910    program     extern C:\Users\JO\Desktop\pic18f_rtos\Source\tasks.c
       vTaskSwitchContext   0x000b34    program     extern C:\Users\JO\Desktop\pic18f_rtos\Source\tasks.c
    vTaskPlaceOnEventList   0x000c56    program     extern C:\Users\JO\Desktop\pic18f_rtos\Source\tasks.c
vTaskPlaceOnUnorderedEventList   0x000d06    program     extern C:\Users\JO\Desktop\pic18f_rtos\Source\tasks.c
 xTaskRemoveFromEventList   0x000ddc    program     extern C:\Users\JO\Desktop\pic18f_rtos\Source\tasks.c
xTaskRemoveFromUnorderedEventList   0x000f7e    program     extern C:\Users\JO\Desktop\pic18f_rtos\Source\tasks.c
     vTaskSetTimeOutState   0x0010e8    program     extern C:\Users\JO\Desktop\pic18f_rtos\Source\tasks.c
     xTaskCheckForTimeOut   0x00111e    program     extern C:\Users\JO\Desktop\pic18f_rtos\Source\tasks.c
               __tmplbl_5   0x001150    program     static                          
               __tmplbl_4   0x001180    program     static                          
         ___else_lbl00127   0x001186    program     static                          
         ___else_lbl00125   0x00121a    program     static                          
           ___if_lbl00126   0x00121e    program     static                          
           ___if_lbl00124   0x00121e    program     static                          
           ___if_lbl00128   0x001224    program     static                          
       ___return_lbl00122   0x001228    program     static                          
         vTaskMissedYield   0x001240    program     extern C:\Users\JO\Desktop\pic18f_rtos\Source\tasks.c
              prvIdleTask   0x001248    program     extern C:\Users\JO\Desktop\pic18f_rtos\Source\tasks.c
prvInitialiseTCBVariables   0x001258    program     extern C:\Users\JO\Desktop\pic18f_rtos\Source\tasks.c
   prvInitialiseTaskLists   0x001400    program     extern C:\Users\JO\Desktop\pic18f_rtos\Source\tasks.c
prvCheckTasksWaitingTermination   0x001496    program     extern C:\Users\JO\Desktop\pic18f_rtos\Source\tasks.c
        ___while_lbl00147   0x0014a2    program     static                          
[...]
                     DDRD   0x000f95       data     extern E:\c18v3.46\pic18-lt\cxx-framework\src\traditional\proc\p18f4520.asm
                    TRISD   0x000f95       data     extern E:\c18v3.46\pic18-lt\cxx-framework\src\traditional\proc\p18f4520.asm
                TRISDbits   0x000f95       data     extern E:\c18v3.46\pic18-lt\cxx-framework\src\traditional\proc\p18f4520.asm
                 DDREbits   0x000f96       data     extern E:\c18v3.46\pic18-lt\cxx-framework\src\traditional\proc\p18f4520.asm
                     DDRE   0x000f96       data     extern E:\c18v3.46\pic18-lt\cxx-framework\src\traditional\proc\p18f4520.asm
                    TRISE   0x000f96       data     extern E:\c18v3.46\pic18-lt\cxx-framework\src\traditional\proc\p18f4520.asm
                TRISEbits   0x000f96       data     extern E:\c18v3.46\pic18-lt\cxx-framework\src\traditional\proc\p18f4520.asm
              OSCTUNEbits   0x000f9b       data     extern E:\c18v3.46\pic18-lt\cxx-framework\src\traditional\proc\p18f4520.asm
                  OSCTUNE   0x000f9b       data     extern E:\c18v3.46\pic18-lt\cxx-framework\src\traditional\proc\p18f4520.asm
                 PIE1bits   0x000f9d       data     extern E:\c18v3.46\pic18-lt\cxx-framework\src\traditional\proc\p18f4520.asm
                     PIE1   0x000f9d       data     extern E:\c18v3.46\pic18-lt\cxx-framework\src\traditional\proc\p18f4520.asm
                 PIR1bits   0x000f9e       data     extern E:\c18v3.46\pic18-lt\cxx-framework\src\traditional\proc\p18f4520.asm
                     PIR1   0x000f9e       data     extern E:\c18v3.46\pic18-lt\cxx-framework\src\traditional\proc\p18f4520.asm
                     IPR1   0x000f9f       data     extern E:\c18v3.46\pic18-lt\cxx-framework\src\traditional\proc\p18f4520.asm
                 IPR1bits   0x000f9f       data     extern E:\c18v3.46\pic18-lt\cxx-framework\src\traditional\proc\p18f4520.asm
                 PIE2bits   0x000fa0       data     extern E:\c18v3.46\pic18-lt\cxx-framework\src\traditional\proc\p18f4520.asm
                     PIE2   0x000fa0       data     extern E:\c18v3.46\pic18-lt\cxx-framework\src\traditional\proc\p18f4520.asm
                 PIR2bits   0x000fa1       data     extern E:\c18v3.46\pic18-lt\cxx-framework\src\traditional\proc\p18f4520.asm
                     PIR2   0x000fa1       data     extern E:\c18v3.46\pic18-lt\cxx-framework\src\traditional\proc\p18f4520.asm
                 IPR2bits   0x000fa2       data     extern E:\c18v3.46\pic18-lt\cxx-framework\src\traditional\proc\p18f4520.asm
                     IPR2   0x000fa2       data     extern E:\c18v3.46\pic18-lt\cxx-framework\src\traditional\proc\p18f4520.asm
                   EECON1   0x000fa6       data     extern E:\c18v3.46\pic18-lt\cxx-framework\src\traditional\proc\p18f4520.asm
               EECON1bits   0x000fa6       data     extern E:\c18v3.46\pic18-lt\cxx-framework\src\traditional\proc\p18f4520.asm
                   EECON2   0x000fa7       data     extern E:\c18v3.46\pic18-lt\cxx-framework\src\traditional\proc\p18f4520.asm
                   EEDATA   0x000fa8       data     extern E:\c18v3.46\pic18-lt\cxx-framework\src\traditional\proc\p18f4520.asm
                    EEADR   0x000fa9       data     extern E:\c18v3.46\pic18-lt\cxx-framework\src\traditional\proc\p18f4520.asm
                    RCSTA   0x000fab       data     extern E:\c18v3.46\pic18-lt\cxx-framework\src\traditional\proc\p18f4520.asm
                RCSTAbits   0x000fab       data     extern E:\c18v3.46\pic18-lt\cxx-framework\src\traditional\proc\p18f4520.asm
                TXSTAbits   0x000fac       data     extern E:\c18v3.46\pic18-lt\cxx-framework\src\traditional\proc\p18f4520.asm
                    TXSTA   0x000fac       data     extern E:\c18v3.46\pic18-lt\cxx-framework\src\traditional\proc\p18f4520.asm
                    TXREG   0x000fad       data     extern E:\c18v3.46\pic18-lt\cxx-framework\src\traditional\proc\p18f4520.asm
                    RCREG   0x000fae       data     extern E:\c18v3.46\pic18-lt\cxx-framework\src\traditional\proc\p18f4520.asm
                    SPBRG   0x000faf       data     extern E:\c18v3.46\pic18-lt\cxx-framework\src\traditional\proc\p18f4520.asm
                   SPBRGH   0x000fb0       data     extern E:\c18v3.46\pic18-lt\cxx-framework\src\traditional\proc\p18f4520.asm
                    T3CON   0x000fb1       data     extern E:\c18v3.46\pic18-lt\cxx-framework\src\traditional\proc\p18f4520.asm
                T3CONbits   0x000fb1       data     extern E:\c18v3.46\pic18-lt\cxx-framework\src\traditional\proc\p18f4520.asm
                    TMR3L   0x000fb2       data     extern E:\c18v3.46\pic18-lt\cxx-framework\src\traditional\proc\p18f4520.asm
                    TMR3H   0x000fb3       data     extern E:\c18v3.46\pic18-lt\cxx-framework\src\traditional\proc\p18f4520.asm
                CMCONbits   0x000fb4       data     extern E:\c18v3.46\pic18-lt\cxx-framework\src\traditional\proc\p18f4520.asm
                    CMCON   0x000fb4       data     extern E:\c18v3.46\pic18-lt\cxx-framework\src\traditional\proc\p18f4520.asm
               CVRCONbits   0x000fb5       data     extern E:\c18v3.46\pic18-lt\cxx-framework\src\traditional\proc\p18f4520.asm
                   CVRCON   0x000fb5       data     extern E:\c18v3.46\pic18-lt\cxx-framework\src\traditional\proc\p18f4520.asm
                  ECCP1AS   0x000fb6       data     extern E:\c18v3.46\pic18-lt\cxx-framework\src\traditional\proc\p18f4520.asm
              ECCP1ASbits   0x000fb6       data     extern E:\c18v3.46\pic18-lt\cxx-framework\src\traditional\proc\p18f4520.asm
                   ECCPAS   0x000fb6       data     extern E:\c18v3.46\pic18-lt\cxx-framework\src\traditional\proc\p18f4520.asm
               ECCPASbits   0x000fb6       data     extern E:\c18v3.46\pic18-lt\cxx-framework\src\traditional\proc\p18f4520.asm
              PWM1CONbits   0x000fb7       data     extern E:\c18v3.46\pic18-lt\cxx-framework\src\traditional\proc\p18f4520.asm
                  PWM1CON   0x000fb7       data     extern E:\c18v3.46\pic18-lt\cxx-framework\src\traditional\proc\p18f4520.asm
             ECCP1DELbits   0x000fb7       data     extern E:\c18v3.46\pic18-lt\cxx-framework\src\traditional\proc\p18f4520.asm
                 ECCP1DEL   0x000fb7       data     extern E:\c18v3.46\pic18-lt\cxx-framework\src\traditional\proc\p18f4520.asm
                  BAUDCON   0x000fb8       data     extern E:\c18v3.46\pic18-lt\cxx-framework\src\traditional\proc\p18f4520.asm
              BAUDCONbits   0x000fb8       data     extern E:\c18v3.46\pic18-lt\cxx-framework\src\traditional\proc\p18f4520.asm
                  BAUDCTL   0x000fb8       data     extern E:\c18v3.46\pic18-lt\cxx-framework\src\traditional\proc\p18f4520.asm
              BAUDCTLbits   0x000fb8       data     extern E:\c18v3.46\pic18-lt\cxx-framework\src\traditional\proc\p18f4520.asm
              CCP2CONbits   0x000fba       data     extern E:\c18v3.46\pic18-lt\cxx-framework\src\traditional\proc\p18f4520.asm
                  CCP2CON   0x000fba       data     extern E:\c18v3.46\pic18-lt\cxx-framework\src\traditional\proc\p18f4520.asm
                   CCPR2L   0x000fbb       data     extern E:\c18v3.46\pic18-lt\cxx-framework\src\traditional\proc\p18f4520.asm
                    CCPR2   0x000fbb       data     extern E:\c18v3.46\pic18-lt\cxx-framework\src\traditional\proc\p18f4520.asm
                   CCPR2H   0x000fbc       data     extern E:\c18v3.46\pic18-lt\cxx-framework\src\traditional\proc\p18f4520.asm
              CCP1CONbits   0x000fbd       data     extern E:\c18v3.46\pic18-lt\cxx-framework\src\traditional\proc\p18f4520.asm
                  CCP1CON   0x000fbd       data     extern E:\c18v3.46\pic18-lt\cxx-framework\src\traditional\proc\p18f4520.asm
                   CCPR1L   0x000fbe       data     extern E:\c18v3.46\pic18-lt\cxx-framework\src\traditional\proc\p18f4520.asm
                    CCPR1   0x000fbe       data     extern E:\c18v3.46\pic18-lt\cxx-framework\src\traditional\proc\p18f4520.asm
                   CCPR1H   0x000fbf       data     extern E:\c18v3.46\pic18-lt\cxx-framework\src\traditional\proc\p18f4520.asm
                   ADCON2   0x000fc0       data     extern E:\c18v3.46\pic18-lt\cxx-framework\src\traditional\proc\p18f4520.asm
               ADCON2bits   0x000fc0       data     extern E:\c18v3.46\pic18-lt\cxx-framework\src\traditional\proc\p18f4520.asm
               ADCON1bits   0x000fc1       data     extern E:\c18v3.46\pic18-lt\cxx-framework\src\traditional\proc\p18f4520.asm
                   ADCON1   0x000fc1       data     extern E:\c18v3.46\pic18-lt\cxx-framework\src\traditional\proc\p18f4520.asm
               ADCON0bits   0x000fc2       data     extern E:\c18v3.46\pic18-lt\cxx-framework\src\traditional\proc\p18f4520.asm
                   ADCON0   0x000fc2       data     extern E:\c18v3.46\pic18-lt\cxx-framework\src\traditional\proc\p18f4520.asm
                    ADRES   0x000fc3       data     extern E:\c18v3.46\pic18-lt\cxx-framework\src\traditional\proc\p18f4520.asm
                   ADRESL   0x000fc3       data     extern E:\c18v3.46\pic18-lt\cxx-framework\src\traditional\proc\p18f4520.asm
                   ADRESH   0x000fc4       data     extern E:\c18v3.46\pic18-lt\cxx-framework\src\traditional\proc\p18f4520.asm
                  SSPCON2   0x000fc5       data     extern E:\c18v3.46\pic18-lt\cxx-framework\src\traditional\proc\p18f4520.asm
              SSPCON2bits   0x000fc5       data     extern E:\c18v3.46\pic18-lt\cxx-framework\src\traditional\proc\p18f4520.asm
              SSPCON1bits   0x000fc6       data     extern E:\c18v3.46\pic18-lt\cxx-framework\src\traditional\proc\p18f4520.asm
                  SSPCON1   0x000fc6       data     extern E:\c18v3.46\pic18-lt\cxx-framework\src\traditional\proc\p18f4520.asm
              SSPSTATbits   0x000fc7       data     extern E:\c18v3.46\pic18-lt\cxx-framework\src\traditional\proc\p18f4520.asm
                  SSPSTAT   0x000fc7       data     extern E:\c18v3.46\pic18-lt\cxx-framework\src\traditional\proc\p18f4520.asm
                   SSPADD   0x000fc8       data     extern E:\c18v3.46\pic18-lt\cxx-framework\src\traditional\proc\p18f4520.asm
                   SSPBUF   0x000fc9       data     extern E:\c18v3.46\pic18-lt\cxx-framework\src\traditional\proc\p18f4520.asm
                    T2CON   0x000fca       data     extern E:\c18v3.46\pic18-lt\cxx-framework\src\traditional\proc\p18f4520.asm
                T2CONbits   0x000fca       data     extern E:\c18v3.46\pic18-lt\cxx-framework\src\traditional\proc\p18f4520.asm
                      PR2   0x000fcb       data     extern E:\c18v3.46\pic18-lt\cxx-framework\src\traditional\proc\p18f4520.asm
                     TMR2   0x000fcc       data     extern E:\c18v3.46\pic18-lt\cxx-framework\src\traditional\proc\p18f4520.asm
                    T1CON   0x000fcd       data     extern E:\c18v3.46\pic18-lt\cxx-framework\src\traditional\proc\p18f4520.asm
                T1CONbits   0x000fcd       data     extern E:\c18v3.46\pic18-lt\cxx-framework\src\traditional\proc\p18f4520.asm
                    TMR1L   0x000fce       data     extern E:\c18v3.46\pic18-lt\cxx-framework\src\traditional\proc\p18f4520.asm
                    TMR1H   0x000fcf       data     extern E:\c18v3.46\pic18-lt\cxx-framework\src\traditional\proc\p18f4520.asm
                 RCONbits   0x000fd0       data     extern E:\c18v3.46\pic18-lt\cxx-framework\src\traditional\proc\p18f4520.asm
                     RCON   0x000fd0       data     extern E:\c18v3.46\pic18-lt\cxx-framework\src\traditional\proc\p18f4520.asm
                   WDTCON   0x000fd1       data     extern E:\c18v3.46\pic18-lt\cxx-framework\src\traditional\proc\p18f4520.asm
               WDTCONbits   0x000fd1       data     extern E:\c18v3.46\pic18-lt\cxx-framework\src\traditional\proc\p18f4520.asm
                   LVDCON   0x000fd2       data     extern E:\c18v3.46\pic18-lt\cxx-framework\src\traditional\proc\p18f4520.asm
               LVDCONbits   0x000fd2       data     extern E:\c18v3.46\pic18-lt\cxx-framework\src\traditional\proc\p18f4520.asm
                  HLVDCON   0x000fd2       data     extern E:\c18v3.46\pic18-lt\cxx-framework\src\traditional\proc\p18f4520.asm
              HLVDCONbits   0x000fd2       data     extern E:\c18v3.46\pic18-lt\cxx-framework\src\traditional\proc\p18f4520.asm
                   OSCCON   0x000fd3       data     extern E:\c18v3.46\pic18-lt\cxx-framework\src\traditional\proc\p18f4520.asm
               OSCCONbits   0x000fd3       data     extern E:\c18v3.46\pic18-lt\cxx-framework\src\traditional\proc\p18f4520.asm
                    T0CON   0x000fd5       data     extern E:\c18v3.46\pic18-lt\cxx-framework\src\traditional\proc\p18f4520.asm
                T0CONbits   0x000fd5       data     extern E:\c18v3.46\pic18-lt\cxx-framework\src\traditional\proc\p18f4520.asm
                    TMR0L   0x000fd6       data     extern E:\c18v3.46\pic18-lt\cxx-framework\src\traditional\proc\p18f4520.asm
                    TMR0H   0x000fd7       data     extern E:\c18v3.46\pic18-lt\cxx-framework\src\traditional\proc\p18f4520.asm
               STATUSbits   0x000fd8       data     extern E:\c18v3.46\pic18-lt\cxx-framework\src\traditional\proc\p18f4520.asm
                   STATUS   0x000fd8       data     extern E:\c18v3.46\pic18-lt\cxx-framework\src\traditional\proc\p18f4520.asm
                     FSR2   0x000fd9       data     extern E:\c18v3.46\pic18-lt\cxx-framework\src\traditional\proc\p18f4520.asm
                    FSR2L   0x000fd9       data     extern E:\c18v3.46\pic18-lt\cxx-framework\src\traditional\proc\p18f4520.asm
                    FSR2H   0x000fda       data     extern E:\c18v3.46\pic18-lt\cxx-framework\src\traditional\proc\p18f4520.asm
                   PLUSW2   0x000fdb       data     extern E:\c18v3.46\pic18-lt\cxx-framework\src\traditional\proc\p18f4520.asm
                  PREINC2   0x000fdc       data     extern E:\c18v3.46\pic18-lt\cxx-framework\src\traditional\proc\p18f4520.asm
                 POSTDEC2   0x000fdd       data     extern E:\c18v3.46\pic18-lt\cxx-framework\src\traditional\proc\p18f4520.asm
                 POSTINC2   0x000fde       data     extern E:\c18v3.46\pic18-lt\cxx-framework\src\traditional\proc\p18f4520.asm
                    INDF2   0x000fdf       data     extern E:\c18v3.46\pic18-lt\cxx-framework\src\traditional\proc\p18f4520.asm
                      BSR   0x000fe0       data     extern E:\c18v3.46\pic18-lt\cxx-framework\src\traditional\proc\p18f4520.asm
                    FSR1L   0x000fe1       data     extern E:\c18v3.46\pic18-lt\cxx-framework\src\traditional\proc\p18f4520.asm
                     FSR1   0x000fe1       data     extern E:\c18v3.46\pic18-lt\cxx-framework\src\traditional\proc\p18f4520.asm
                    FSR1H   0x000fe2       data     extern E:\c18v3.46\pic18-lt\cxx-framework\src\traditional\proc\p18f4520.asm
                   PLUSW1   0x000fe3       data     extern E:\c18v3.46\pic18-lt\cxx-framework\src\traditional\proc\p18f4520.asm
                  PREINC1   0x000fe4       data     extern E:\c18v3.46\pic18-lt\cxx-framework\src\traditional\proc\p18f4520.asm
                 POSTDEC1   0x000fe5       data     extern E:\c18v3.46\pic18-lt\cxx-framework\src\traditional\proc\p18f4520.asm
                 POSTINC1   0x000fe6       data     extern E:\c18v3.46\pic18-lt\cxx-framework\src\traditional\proc\p18f4520.asm
                    INDF1   0x000fe7       data     extern E:\c18v3.46\pic18-lt\cxx-framework\src\traditional\proc\p18f4520.asm
                        W   0x000fe8       data     extern E:\c18v3.46\pic18-lt\cxx-framework\src\traditional\proc\p18f4520.asm
                     WREG   0x000fe8       data     extern E:\c18v3.46\pic18-lt\cxx-framework\src\traditional\proc\p18f4520.asm
                    FSR0L   0x000fe9       data     extern E:\c18v3.46\pic18-lt\cxx-framework\src\traditional\proc\p18f4520.asm
                     FSR0   0x000fe9       data     extern E:\c18v3.46\pic18-lt\cxx-framework\src\traditional\proc\p18f4520.asm
                    FSR0H   0x000fea       data     extern E:\c18v3.46\pic18-lt\cxx-framework\src\traditional\proc\p18f4520.asm
                   PLUSW0   0x000feb       data     extern E:\c18v3.46\pic18-lt\cxx-framework\src\traditional\proc\p18f4520.asm
                  PREINC0   0x000fec       data     extern E:\c18v3.46\pic18-lt\cxx-framework\src\traditional\proc\p18f4520.asm
                 POSTDEC0   0x000fed       data     extern E:\c18v3.46\pic18-lt\cxx-framework\src\traditional\proc\p18f4520.asm
                 POSTINC0   0x000fee       data     extern E:\c18v3.46\pic18-lt\cxx-framework\src\traditional\proc\p18f4520.asm
                    INDF0   0x000fef       data     extern E:\c18v3.46\pic18-lt\cxx-framework\src\traditional\proc\p18f4520.asm
                  INTCON3   0x000ff0       data     extern E:\c18v3.46\pic18-lt\cxx-framework\src\traditional\proc\p18f4520.asm
              INTCON3bits   0x000ff0       data     extern E:\c18v3.46\pic18-lt\cxx-framework\src\traditional\proc\p18f4520.asm
              INTCON2bits   0x000ff1       data     extern E:\c18v3.46\pic18-lt\cxx-framework\src\traditional\proc\p18f4520.asm
                  INTCON2   0x000ff1       data     extern E:\c18v3.46\pic18-lt\cxx-framework\src\traditional\proc\p18f4520.asm
                   INTCON   0x000ff2       data     extern E:\c18v3.46\pic18-lt\cxx-framework\src\traditional\proc\p18f4520.asm
               INTCONbits   0x000ff2       data     extern E:\c18v3.46\pic18-lt\cxx-framework\src\traditional\proc\p18f4520.asm
                    PRODL   0x000ff3       data     extern E:\c18v3.46\pic18-lt\cxx-framework\src\traditional\proc\p18f4520.asm
                     PROD   0x000ff3       data     extern E:\c18v3.46\pic18-lt\cxx-framework\src\traditional\proc\p18f4520.asm
                    PRODH   0x000ff4       data     extern E:\c18v3.46\pic18-lt\cxx-framework\src\traditional\proc\p18f4520.asm
                   TABLAT   0x000ff5       data     extern E:\c18v3.46\pic18-lt\cxx-framework\src\traditional\proc\p18f4520.asm
                   TBLPTR   0x000ff6       data     extern E:\c18v3.46\pic18-lt\cxx-framework\src\traditional\proc\p18f4520.asm
                  TBLPTRL   0x000ff6       data     extern E:\c18v3.46\pic18-lt\cxx-framework\src\traditional\proc\p18f4520.asm
                  TBLPTRH   0x000ff7       data     extern E:\c18v3.46\pic18-lt\cxx-framework\src\traditional\proc\p18f4520.asm
                  TBLPTRU   0x000ff8       data     extern E:\c18v3.46\pic18-lt\cxx-framework\src\traditional\proc\p18f4520.asm
                      PCL   0x000ff9       data     extern E:\c18v3.46\pic18-lt\cxx-framework\src\traditional\proc\p18f4520.asm
                       PC   0x000ff9       data     extern E:\c18v3.46\pic18-lt\cxx-framework\src\traditional\proc\p18f4520.asm
                   PCLATH   0x000ffa       data     extern E:\c18v3.46\pic18-lt\cxx-framework\src\traditional\proc\p18f4520.asm
                   PCLATU   0x000ffb       data     extern E:\c18v3.46\pic18-lt\cxx-framework\src\traditional\proc\p18f4520.asm
               STKPTRbits   0x000ffc       data     extern E:\c18v3.46\pic18-lt\cxx-framework\src\traditional\proc\p18f4520.asm
                   STKPTR   0x000ffc       data     extern E:\c18v3.46\pic18-lt\cxx-framework\src\traditional\proc\p18f4520.asm
                      TOS   0x000ffd       data     extern E:\c18v3.46\pic18-lt\cxx-framework\src\traditional\proc\p18f4520.asm
                     TOSL   0x000ffd       data     extern E:\c18v3.46\pic18-lt\cxx-framework\src\traditional\proc\p18f4520.asm
                     TOSH   0x000ffe       data     extern E:\c18v3.46\pic18-lt\cxx-framework\src\traditional\proc\p18f4520.asm
                     TOSU   0x000fff       data     extern E:\c18v3.46\pic18-lt\cxx-framework\src\traditional\proc\p18f4520.asm


