MPLINK 4.48, Linker
Linker Map File - Created Thu Aug 21 17:47:26 2014

                                 Section Info
                  Section       Type    Address   Location Size(Bytes)
                ---------  ---------  ---------  ---------  ---------
               _entry_scn       code   0x000000    program   0x000006
           .code___init.o       code   0x000006    program   0x000002
              high_vector       code   0x000008    program   0x000016
                   .cinit    romdata   0x00001e    program   0x000032
            .code_tasks.o       code   0x000050    program   0x00185e
            .code_queue.o       code   0x0018ae    program   0x0013be
             .code_port.o       code   0x002c6c    program   0x000994
         .code_croutine.o       code   0x003600    program   0x000968
             .code_list.o       code   0x003f68    program   0x000506
           .code_heap_1.o       code   0x00446e    program   0x0000fc
               _cinit_scn       code   0x00456a    program   0x00009e
                   STRING       code   0x004608    program   0x000056
        .code_heartBeat.o       code   0x00465e    program   0x000052
             .code_main.o       code   0x0046b0    program   0x000050
           .code_t1open.o       code   0x004700    program   0x000042
        .code_tmrccpsrc.o       code   0x004742    program   0x00002c
                    .code       code   0x00476e    program   0x00002c
             _startup_scn       code   0x00479a    program   0x00001c
            .code_board.o       code   0x0047b6    program   0x00000c
             .stringtable    romdata   0x0047c2    program   0x00000b
         .romdata_c018i.o    romdata   0x0047cd    program   0x000000
        .romdata_t1open.o    romdata   0x0047cd    program   0x000000
     .idata_tmrccpsrc.o_i    romdata   0x0047cd    program   0x000000
     .romdata_tmrccpsrc.o    romdata   0x0047cd    program   0x000000
        .romdata___init.o    romdata   0x0047cd    program   0x000000
          .romdata_main.o    romdata   0x0047cd    program   0x000000
     .romdata_heartBeat.o    romdata   0x0047cd    program   0x000000
         .idata_tasks.o_i    romdata   0x0047cd    program   0x00000f
         .romdata_tasks.o    romdata   0x0047cd    program   0x000000
         .romdata_queue.o    romdata   0x0047cd    program   0x000000
        .romdata_heap_1.o    romdata   0x0047cd    program   0x000000
          .romdata_port.o    romdata   0x0047cd    program   0x000000
          .romdata_list.o    romdata   0x0047cd    program   0x000000
      .romdata_croutine.o    romdata   0x0047cd    program   0x000000
         .romdata_board.o    romdata   0x0047cd    program   0x000000
          .idata_main.o_i    romdata   0x0047dc    program   0x000000
          .idata_port.o_i    romdata   0x0047dc    program   0x000000
         .idata_queue.o_i    romdata   0x0047dc    program   0x000000
          .idata_list.o_i    romdata   0x0047dc    program   0x000000
     .idata_heartBeat.o_i    romdata   0x0047dc    program   0x000003
        .idata_t1open.o_i    romdata   0x0047dc    program   0x000000
        .idata_heap_1.o_i    romdata   0x0047df    program   0x000004
      .idata_croutine.o_i    romdata   0x0047e3    program   0x000009
        .idata___init.o_i    romdata   0x0047ec    program   0x000000
         .idata_board.o_i    romdata   0x0047ec    program   0x000000
            .code_c018i.o       code   0x0047ec    program   0x000000
         .idata_c018i.o_i    romdata   0x0047ec    program   0x000000
     .config_1fff8_main.o    romdata   0x01fff8    program   0x000001
     .config_1fff9_main.o    romdata   0x01fff9    program   0x000001
     .config_1fffa_main.o    romdata   0x01fffa    program   0x000001
     .config_1fffb_main.o    romdata   0x01fffb    program   0x000001
     .config_1fffd_main.o    romdata   0x01fffd    program   0x000001
                MATH_DATA      udata   0x000000       data   0x00000b
                 .tmpdata      udata   0x00000b       data   0x000008
          .udata_heap_1.o      udata   0x000800       data   0x000400
                   .stack      udata   0x000d00       data   0x000100
        .udata_croutine.o      udata   0x000e00       data   0x000031
           .udata_c018i.o      udata   0x000e31       data   0x00000a
        .idata_croutine.o      idata   0x000e3b       data   0x000009
       .idata_heartBeat.o      idata   0x000e44       data   0x000003
          .idata___init.o      idata   0x000e47       data   0x000000
          .udata___init.o      udata   0x000e47       data   0x000000
       .idata_tmrccpsrc.o      idata   0x000e47       data   0x000000
       .udata_tmrccpsrc.o      udata   0x000e47       data   0x000000
          .idata_t1open.o      idata   0x000e47       data   0x000000
          .udata_t1open.o      udata   0x000e47       data   0x000000
            .idata_main.o      idata   0x000e47       data   0x000000
            .udata_main.o      udata   0x000e47       data   0x000000
       .udata_heartBeat.o      udata   0x000e47       data   0x000000
            .udata_list.o      udata   0x000e47       data   0x000000
            .idata_list.o      idata   0x000e47       data   0x000000
           .udata_queue.o      udata   0x000e47       data   0x000000
           .idata_queue.o      idata   0x000e47       data   0x000000
           .idata_c018i.o      idata   0x000e47       data   0x000000
           .idata_board.o      idata   0x000e47       data   0x000000
            .idata_port.o      idata   0x000e47       data   0x000000
            .udata_port.o      udata   0x000e47       data   0x000000
              SFR_BANKED0      udata   0x000e80       data   0x000006
              SFR_BANKED1      udata   0x000e8a       data   0x000001
              SFR_BANKED2      udata   0x000e97       data   0x000003
              SFR_BANKED3      udata   0x000ea0       data   0x000001
              SFR_BANKED4      udata   0x000ea2       data   0x000003
              SFR_BANKED5      udata   0x000ea6       data   0x000002
              SFR_BANKED6      udata   0x000eaa       data   0x000002
              SFR_BANKED7      udata   0x000eb2       data   0x000001
              SFR_BANKED8      udata   0x000eb4       data   0x000001
              SFR_BANKED9      udata   0x000eb6       data   0x000004
             SFR_BANKED10      udata   0x000ec0       data   0x000012
             SFR_BANKED11      udata   0x000ed4       data   0x000002
             SFR_BANKED12      udata   0x000ed8       data   0x000002
             SFR_BANKED13      udata   0x000ee2       data   0x000016
             SFR_BANKED14      udata   0x000efb       data   0x000001
             SFR_BANKED15      udata   0x000efd       data   0x000002
           .udata_tasks.o      udata   0x000f00       data   0x00004c
           .idata_tasks.o      idata   0x000f4c       data   0x00000f
          .idata_heap_1.o      idata   0x000f5b       data   0x000004
           .udata_board.o      udata   0x000f5f       data   0x000001
            SFR_UNBANKED0      udata   0x000f60       data   0x0000a0



                              Program Memory Usage 
                               Start         End      
                           ---------   ---------      
                            0x000000    0x0047eb      
                            0x01fff8    0x01fffb      
                            0x01fffd    0x01fffd      
            18417 out of 131072 program addresses used, program memory utilization is 14%



                              Symbols - Sorted by Name
                     Name    Address   Location    Storage File                     
                ---------  ---------  ---------  --------- ---------                
                 BRD_init   0x0047b6    program     extern C:\Users\JO\Desktop\ongoing_projects\PIC18F67J60_RTOS\test\board.c
                  HB_init   0x00465e    program     extern C:\Users\JO\Desktop\ongoing_projects\PIC18F67J60_RTOS\test\heartBeat.c
                  HB_task   0x004664    program     extern C:\Users\JO\Desktop\ongoing_projects\PIC18F67J60_RTOS\test\heartBeat.c
               OpenTimer1   0x004700    program     extern E:\c18v3.46\pic18-lt\cxx-framework\src\pmc_common\Timers\t1open.c
             SetTmrCCPSrc   0x004742    program     extern E:\c18v3.46\pic18-lt\cxx-framework\src\pmc_common\Timers\tmrccpsrc.c
              _4jContinue   0x00463c    program     static E:\c18v3.46\pic18-lt\cxx-framework\src\traditional\stdclib\memcpy.asm
                   _5jEnd   0x004646    program     static E:\c18v3.46\pic18-lt\cxx-framework\src\traditional\stdclib\memcpy.asm
           ___?:_lbl00021   0x000346    program     static                          
           ___?:_lbl00022   0x00033a    program     static                          
         ___else_lbl00002   0x001a24    program     static                          
         ___else_lbl00002   0x0001c6    program     static                          
         ___else_lbl00004   0x001a26    program     static                          
         ___else_lbl00004   0x0001f0    program     static                          
         ___else_lbl00006   0x001a28    program     static                          
         ___else_lbl00006   0x00021e    program     static                          
         ___else_lbl00008   0x0031ae    program     static                          
         ___else_lbl00008   0x000220    program     static                          
         ___else_lbl00010   0x0001f2    program     static                          
         ___else_lbl00014   0x0002ca    program     static                          
         ___else_lbl00016   0x003368    program     static                          
         ___else_lbl00016   0x0002ee    program     static                          
         ___else_lbl00018   0x0002f0    program     static                          
         ___else_lbl00020   0x001cac    program     static                          
         ___else_lbl00022   0x001cae    program     static                          
         ___else_lbl00024   0x00037c    program     static                          
         ___else_lbl00026   0x001cf6    program     static                          
         ___else_lbl00026   0x0003c4    program     static                          
         ___else_lbl00028   0x001cd8    program     static                          
         ___else_lbl00029   0x003526    program     static                          
         ___else_lbl00030   0x000428    program     static                          
         ___else_lbl00030   0x001cba    program     static                          
         ___else_lbl00037   0x001e0a    program     static                          
         ___else_lbl00039   0x001e24    program     static                          
         ___else_lbl00057   0x00209c    program     static                          
         ___else_lbl00059   0x00209e    program     static                          
         ___else_lbl00061   0x00210a    program     static                          
         ___else_lbl00063   0x00210c    program     static                          
         ___else_lbl00065   0x0020a0    program     static                          
         ___else_lbl00066   0x000860    program     static                          
         ___else_lbl00069   0x002154    program     static                          
         ___else_lbl00070   0x000880    program     static                          
         ___else_lbl00071   0x002136    program     static                          
         ___else_lbl00072   0x000888    program     static                          
         ___else_lbl00073   0x002118    program     static                          
         ___else_lbl00074   0x000890    program     static                          
         ___else_lbl00077   0x000892    program     static                          
         ___else_lbl00079   0x002266    program     static                          
         ___else_lbl00081   0x002268    program     static                          
         ___else_lbl00083   0x002280    program     static                          
         ___else_lbl00125   0x00127c    program     static                          
         ___else_lbl00127   0x0011e8    program     static                          
         ___else_lbl00128   0x002a46    program     static                          
         ___else_lbl00130   0x002a48    program     static                          
         ___else_lbl00135   0x002b00    program     static                          
         ___else_lbl00137   0x002b18    program     static                          
         ___else_lbl00141   0x002b6e    program     static                          
         ___else_lbl00148   0x002c04    program     static                          
         ___else_lbl00151   0x0015ac    program     static                          
          ___for_lbl00016   0x001e40    program     static                          
          ___for_lbl00017   0x001e42    program     static                          
          ___for_lbl00040   0x001bf8    program     static                          
          ___for_lbl00054   0x00229a    program     static                          
          ___for_lbl00055   0x00229c    program     static                          
          ___for_lbl00084   0x001fd0    program     static                          
           ___if_lbl00001   0x001a24    program     static                          
           ___if_lbl00001   0x0001c6    program     static                          
           ___if_lbl00003   0x0001f0    program     static                          
           ___if_lbl00003   0x001a26    program     static                          
           ___if_lbl00005   0x00021e    program     static                          
           ___if_lbl00005   0x001a78    program     static                          
           ___if_lbl00007   0x001a7e    program     static                          
           ___if_lbl00007   0x0031b8    program     static                          
           ___if_lbl00007   0x000220    program     static                          
           ___if_lbl00009   0x000220    program     static                          
           ___if_lbl00011   0x00025e    program     static                          
           ___if_lbl00012   0x0002c8    program     static                          
           ___if_lbl00013   0x0002cc    program     static                          
           ___if_lbl00015   0x0002ee    program     static                          
           ___if_lbl00015   0x003372    program     static                          
           ___if_lbl00017   0x0002f0    program     static                          
           ___if_lbl00018   0x000010    program     static                          
           ___if_lbl00019   0x001cac    program     static                          
           ___if_lbl00019   0x0002f0    program     static                          
           ___if_lbl00019   0x000014    program     static                          
           ___if_lbl00020   0x00001c    program     static                          
           ___if_lbl00021   0x001cae    program     static                          
           ___if_lbl00021   0x00001c    program     static                          
           ___if_lbl00023   0x001cb4    program     static                          
           ___if_lbl00023   0x00037c    program     static                          
           ___if_lbl00024   0x001cd2    program     static                          
           ___if_lbl00025   0x001cf6    program     static                          
           ___if_lbl00025   0x003456    program     static                          
           ___if_lbl00025   0x0003c4    program     static                          
           ___if_lbl00027   0x001cf6    program     static                          
           ___if_lbl00027   0x000406    program     static                          
           ___if_lbl00028   0x000438    program     static                          
           ___if_lbl00028   0x003530    program     static                          
           ___if_lbl00029   0x000438    program     static                          
           ___if_lbl00029   0x001cf6    program     static                          
           ___if_lbl00031   0x000438    program     static                          
           ___if_lbl00031   0x001cfc    program     static                          
           ___if_lbl00032   0x001d36    program     static                          
           ___if_lbl00033   0x001d66    program     static                          
           ___if_lbl00034   0x001d6c    program     static                          
           ___if_lbl00035   0x001e08    program     static                          
           ___if_lbl00036   0x001e22    program     static                          
           ___if_lbl00038   0x001e40    program     static                          
           ___if_lbl00056   0x00209c    program     static                          
           ___if_lbl00058   0x00209e    program     static                          
           ___if_lbl00060   0x00210a    program     static                          
           ___if_lbl00062   0x00210c    program     static                          
           ___if_lbl00064   0x00210c    program     static                          
           ___if_lbl00064   0x0007dc    program     static                          
           ___if_lbl00065   0x000860    program     static                          
           ___if_lbl00066   0x002112    program     static                          
           ___if_lbl00067   0x002130    program     static                          
           ___if_lbl00068   0x002154    program     static                          
           ___if_lbl00069   0x000880    program     static                          
           ___if_lbl00070   0x002154    program     static                          
           ___if_lbl00071   0x000888    program     static                          
           ___if_lbl00072   0x002154    program     static                          
           ___if_lbl00073   0x000890    program     static                          
           ___if_lbl00074   0x00215a    program     static                          
           ___if_lbl00075   0x002194    program     static                          
           ___if_lbl00075   0x000890    program     static                          
           ___if_lbl00076   0x0021c4    program     static                          
           ___if_lbl00076   0x000892    program     static                          
           ___if_lbl00077   0x0021ca    program     static                          
           ___if_lbl00078   0x002266    program     static                          
           ___if_lbl00078   0x000898    program     static                          
           ___if_lbl00080   0x0008d6    program     static                          
           ___if_lbl00080   0x00227e    program     static                          
           ___if_lbl00082   0x00229a    program     static                          
           ___if_lbl00100   0x0024ea    program     static                          
           ___if_lbl00102   0x00255a    program     static                          
           ___if_lbl00124   0x001280    program     static                          
           ___if_lbl00126   0x001280    program     static                          
           ___if_lbl00127   0x002a46    program     static                          
           ___if_lbl00128   0x001286    program     static                          
           ___if_lbl00129   0x002a4a    program     static                          
           ___if_lbl00131   0x002a7e    program     static                          
           ___if_lbl00134   0x002b00    program     static                          
           ___if_lbl00136   0x002b1a    program     static                          
           ___if_lbl00138   0x002b38    program     static                          
           ___if_lbl00140   0x002b70    program     static                          
           ___if_lbl00142   0x002b76    program     static                          
           ___if_lbl00147   0x002c06    program     static                          
           ___if_lbl00149   0x002c0c    program     static                          
           ___if_lbl00149   0x001598    program     static                          
           ___if_lbl00150   0x0015ac    program     static                          
       ___return_lbl00000   0x000004    program     static                          
       ___return_lbl00000   0x0002f4    program     static                          
       ___return_lbl00000   0x001a82    program     static                          
       ___return_lbl00000   0x0046fe    program     static                          
       ___return_lbl00001   0x0047b4    program     static                          
       ___return_lbl00002   0x004606    program     static                          
       ___return_lbl00004   0x0031bc    program     static                          
       ___return_lbl00010   0x003372    program     static                          
       ___return_lbl00015   0x001e42    program     static                          
       ___return_lbl00017   0x00001c    program     static                          
       ___return_lbl00020   0x000438    program     static                          
       ___return_lbl00022   0x003530    program     static                          
       ___return_lbl00053   0x00229c    program     static                          
       ___return_lbl00061   0x00089e    program     static                          
       ___return_lbl00079   0x0008e8    program     static                          
       ___return_lbl00099   0x0024ee    program     static                          
       ___return_lbl00101   0x00255e    program     static                          
       ___return_lbl00122   0x00128a    program     static                          
       ___return_lbl00124   0x002b38    program     static                          
       ___return_lbl00139   0x002b7a    program     static                          
       ___return_lbl00146   0x002c10    program     static                          
       ___return_lbl00146   0x0015ae    program     static                          
        ___while_lbl00005   0x0030f8    program     static                          
        ___while_lbl00006   0x00310e    program     static                          
        ___while_lbl00011   0x003268    program     static                          
        ___while_lbl00012   0x00327e    program     static                          
        ___while_lbl00013   0x0032b2    program     static                          
        ___while_lbl00014   0x0032c8    program     static                          
        ___while_lbl00023   0x00341c    program     static                          
        ___while_lbl00024   0x003432    program     static                          
        ___while_lbl00026   0x003470    program     static                          
        ___while_lbl00027   0x003486    program     static                          
        ___while_lbl00062   0x00073a    program     static                          
        ___while_lbl00063   0x000862    program     static                          
        ___while_lbl00067   0x00086a    program     static                          
        ___while_lbl00068   0x000886    program     static                          
        ___while_lbl00125   0x0029ca    program     static                          
        ___while_lbl00126   0x002a62    program     static                          
        ___while_lbl00132   0x002a84    program     static                          
        ___while_lbl00133   0x002b1c    program     static                          
        ___while_lbl00147   0x00151a    program     static                          
        ___while_lbl00148   0x0015ae    program     static                          
               __config_0   0x01fff8    program     static C:\Users\JO\Desktop\ongoing_projects\PIC18F67J60_RTOS\test\main.c
               __config_1   0x01fff9    program     static C:\Users\JO\Desktop\ongoing_projects\PIC18F67J60_RTOS\test\main.c
               __config_2   0x01fffa    program     static C:\Users\JO\Desktop\ongoing_projects\PIC18F67J60_RTOS\test\main.c
               __config_3   0x01fffb    program     static C:\Users\JO\Desktop\ongoing_projects\PIC18F67J60_RTOS\test\main.c
               __config_4   0x01fffd    program     static C:\Users\JO\Desktop\ongoing_projects\PIC18F67J60_RTOS\test\main.c
                   __init   0x000006    program     extern E:\c18v3.46\pic18-lt\cxx-framework\src\traditional\stdclib\__init.c
               __string_0   0x0047c7    program     static C:\Users\JO\Desktop\ongoing_projects\PIC18F67J60_RTOS\test\main.c
               __string_0   0x0047c2    program     static C:\Users\JO\Desktop\ongoing_projects\PIC18F67J60_RTOS\Source\tasks.c
               __tmplbl_0   0x001c38    program     static                          
               __tmplbl_1   0x001c30    program     static                          
               __tmplbl_4   0x0011e2    program     static                          
               __tmplbl_5   0x0011b2    program     static                          
               __tmplbl_6   0x001530    program     static                          
               __tmplbl_7   0x0029f0    program     static                          
               __tmplbl_7   0x00152c    program     static                          
               __tmplbl_8   0x002aaa    program     static                          
            __zero_memory   0x00476e    program     extern E:\c18v3.46\pic18-lt\cxx-framework\src\traditional\proc\p18f67j60.asm
                _do_cinit   0x00456a    program     extern E:\c18v3.46\pic18-lt\cxx-framework\src\traditional\startup\c018i.c
                   _entry   0x000000    program     extern E:\c18v3.46\pic18-lt\cxx-framework\src\traditional\startup\c018i.c
                 _startup   0x00479a    program     extern E:\c18v3.46\pic18-lt\cxx-framework\src\traditional\startup\c018i.c
                compare_l   0x004790    program     static E:\c18v3.46\pic18-lt\cxx-framework\src\traditional\proc\p18f67j60.asm
                copy_loop   0x0045dc    program     static                          
            copy_one_byte   0x0045e2    program     static                          
                     done   0x004606    program     static                          
             done_copying   0x0045f0    program     static                          
                     jEnd   0x00464c    program     static E:\c18v3.46\pic18-lt\cxx-framework\src\traditional\stdclib\memcpy.asm
                    jLoop   0x004630    program     static E:\c18v3.46\pic18-lt\cxx-framework\src\traditional\stdclib\memcpy.asm
                     loop   0x0047aa    program     static                          
                   loop_h   0x004788    program     static E:\c18v3.46\pic18-lt\cxx-framework\src\traditional\proc\p18f67j60.asm
                   loop_l   0x004792    program     static E:\c18v3.46\pic18-lt\cxx-framework\src\traditional\proc\p18f67j60.asm
                     main   0x0046b0    program     extern C:\Users\JO\Desktop\ongoing_projects\PIC18F67J60_RTOS\test\main.c
                   memcpy   0x004608    program     extern E:\c18v3.46\pic18-lt\cxx-framework\src\traditional\stdclib\memcpy.asm
prvAddCurrentTaskToDelayedList   0x0015c2    program     extern C:\Users\JO\Desktop\ongoing_projects\PIC18F67J60_RTOS\Source\tasks.c
   prvAllocateTCBAndStack   0x001696    program     extern C:\Users\JO\Desktop\ongoing_projects\PIC18F67J60_RTOS\Source\tasks.c
      prvCheckDelayedList   0x003abe    program     extern C:\Users\JO\Desktop\ongoing_projects\PIC18F67J60_RTOS\Source\croutine.c
 prvCheckPendingReadyList   0x00399e    program     extern C:\Users\JO\Desktop\ongoing_projects\PIC18F67J60_RTOS\Source\croutine.c
prvCheckTasksWaitingTermination   0x00150e    program     extern C:\Users\JO\Desktop\ongoing_projects\PIC18F67J60_RTOS\Source\tasks.c
     prvCopyDataFromQueue   0x00289c    program     static C:\Users\JO\Desktop\ongoing_projects\PIC18F67J60_RTOS\Source\queue.c
       prvCopyDataToQueue   0x002606    program     static C:\Users\JO\Desktop\ongoing_projects\PIC18F67J60_RTOS\Source\queue.c
             prvDeleteTCB   0x00176c    program     extern C:\Users\JO\Desktop\ongoing_projects\PIC18F67J60_RTOS\Source\tasks.c
              prvIdleTask   0x0012aa    program     extern C:\Users\JO\Desktop\ongoing_projects\PIC18F67J60_RTOS\Source\tasks.c
prvInitialiseCoRoutineLists   0x003df6    program     extern C:\Users\JO\Desktop\ongoing_projects\PIC18F67J60_RTOS\Source\croutine.c
prvInitialiseTCBVariables   0x0012c2    program     extern C:\Users\JO\Desktop\ongoing_projects\PIC18F67J60_RTOS\Source\tasks.c
   prvInitialiseTaskLists   0x001478    program     extern C:\Users\JO\Desktop\ongoing_projects\PIC18F67J60_RTOS\Source\tasks.c
          prvIsQueueEmpty   0x002b40    program     static C:\Users\JO\Desktop\ongoing_projects\PIC18F67J60_RTOS\Source\queue.c
           prvIsQueueFull   0x002bbc    program     static C:\Users\JO\Desktop\ongoing_projects\PIC18F67J60_RTOS\Source\queue.c
          prvLowInterrupt   0x000008    program     static C:\Users\JO\Desktop\ongoing_projects\PIC18F67J60_RTOS\Source\portable\port.c
prvResetNextTaskUnblockTime   0x0017b4    program     extern C:\Users\JO\Desktop\ongoing_projects\PIC18F67J60_RTOS\Source\tasks.c
   prvSetupTimerInterrupt   0x003532    program     static C:\Users\JO\Desktop\ongoing_projects\PIC18F67J60_RTOS\Source\portable\port.c
               prvTickISR   0x003374    program     static C:\Users\JO\Desktop\ongoing_projects\PIC18F67J60_RTOS\Source\portable\port.c
           prvUnlockQueue   0x0029bc    program     static C:\Users\JO\Desktop\ongoing_projects\PIC18F67J60_RTOS\Source\queue.c
             pvPortMalloc   0x00446e    program     extern C:\Users\JO\Desktop\ongoing_projects\PIC18F67J60_RTOS\Source\portable\heap_1.c
    pxPortInitialiseStack   0x002c6c    program     extern C:\Users\JO\Desktop\ongoing_projects\PIC18F67J60_RTOS\Source\portable\port.c
                     test   0x004584    program     static                          
             uxListRemove   0x004322    program     extern C:\Users\JO\Desktop\ongoing_projects\PIC18F67J60_RTOS\Source\list.c
   uxQueueMessagesWaiting   0x0024bc    program     extern C:\Users\JO\Desktop\ongoing_projects\PIC18F67J60_RTOS\Source\queue.c
uxQueueMessagesWaitingFromISR   0x002576    program     extern C:\Users\JO\Desktop\ongoing_projects\PIC18F67J60_RTOS\Source\queue.c
   uxQueueSpacesAvailable   0x0024f8    program     extern C:\Users\JO\Desktop\ongoing_projects\PIC18F67J60_RTOS\Source\queue.c
   uxTaskGetNumberOfTasks   0x00093a    program     extern C:\Users\JO\Desktop\ongoing_projects\PIC18F67J60_RTOS\Source\tasks.c
uxTaskResetEventItemValue   0x001832    program     extern C:\Users\JO\Desktop\ongoing_projects\PIC18F67J60_RTOS\Source\tasks.c
vCoRoutineAddToDelayedList   0x003856    program     extern C:\Users\JO\Desktop\ongoing_projects\PIC18F67J60_RTOS\Source\croutine.c
       vCoRoutineSchedule   0x003c98    program     extern C:\Users\JO\Desktop\ongoing_projects\PIC18F67J60_RTOS\Source\croutine.c
          vListInitialise   0x003f68    program     extern C:\Users\JO\Desktop\ongoing_projects\PIC18F67J60_RTOS\Source\list.c
      vListInitialiseItem   0x004050    program     extern C:\Users\JO\Desktop\ongoing_projects\PIC18F67J60_RTOS\Source\list.c
              vListInsert   0x004170    program     extern C:\Users\JO\Desktop\ongoing_projects\PIC18F67J60_RTOS\Source\list.c
           vListInsertEnd   0x004074    program     extern C:\Users\JO\Desktop\ongoing_projects\PIC18F67J60_RTOS\Source\list.c
        vPortEndScheduler   0x0031be    program     extern C:\Users\JO\Desktop\ongoing_projects\PIC18F67J60_RTOS\Source\portable\port.c
                vPortFree   0x004534    program     extern C:\Users\JO\Desktop\ongoing_projects\PIC18F67J60_RTOS\Source\portable\heap_1.c
    vPortInitialiseBlocks   0x004544    program     extern C:\Users\JO\Desktop\ongoing_projects\PIC18F67J60_RTOS\Source\portable\heap_1.c
               vPortYield   0x0031c0    program     extern C:\Users\JO\Desktop\ongoing_projects\PIC18F67J60_RTOS\Source\portable\port.c
             vQueueDelete   0x0025a6    program     extern C:\Users\JO\Desktop\ongoing_projects\PIC18F67J60_RTOS\Source\queue.c
               vTaskDelay   0x0005e4    program     extern C:\Users\JO\Desktop\ongoing_projects\PIC18F67J60_RTOS\Source\tasks.c
          vTaskDelayUntil   0x00044c    program     extern C:\Users\JO\Desktop\ongoing_projects\PIC18F67J60_RTOS\Source\tasks.c
              vTaskDelete   0x00030c    program     extern C:\Users\JO\Desktop\ongoing_projects\PIC18F67J60_RTOS\Source\tasks.c
        vTaskEndScheduler   0x0006fe    program     extern C:\Users\JO\Desktop\ongoing_projects\PIC18F67J60_RTOS\Source\tasks.c
         vTaskMissedYield   0x0012a2    program     extern C:\Users\JO\Desktop\ongoing_projects\PIC18F67J60_RTOS\Source\tasks.c
    vTaskPlaceOnEventList   0x000c98    program     extern C:\Users\JO\Desktop\ongoing_projects\PIC18F67J60_RTOS\Source\tasks.c
vTaskPlaceOnUnorderedEventList   0x000d4e    program     extern C:\Users\JO\Desktop\ongoing_projects\PIC18F67J60_RTOS\Source\tasks.c
     vTaskSetTimeOutState   0x00114a    program     extern C:\Users\JO\Desktop\ongoing_projects\PIC18F67J60_RTOS\Source\tasks.c
      vTaskStartScheduler   0x000698    program     extern C:\Users\JO\Desktop\ongoing_projects\PIC18F67J60_RTOS\Source\tasks.c
          vTaskSuspendAll   0x000708    program     extern C:\Users\JO\Desktop\ongoing_projects\PIC18F67J60_RTOS\Source\tasks.c
       vTaskSwitchContext   0x000b72    program     extern C:\Users\JO\Desktop\ongoing_projects\PIC18F67J60_RTOS\Source\tasks.c
         xCoRoutineCreate   0x003600    program     extern C:\Users\JO\Desktop\ongoing_projects\PIC18F67J60_RTOS\Source\croutine.c
xCoRoutineRemoveFromEventList   0x003e7c    program     extern C:\Users\JO\Desktop\ongoing_projects\PIC18F67J60_RTOS\Source\croutine.c
     xPortGetFreeHeapSize   0x00454c    program     extern C:\Users\JO\Desktop\ongoing_projects\PIC18F67J60_RTOS\Source\portable\heap_1.c
      xPortStartScheduler   0x0030dc    program     extern C:\Users\JO\Desktop\ongoing_projects\PIC18F67J60_RTOS\Source\portable\port.c
      xQueueGenericCreate   0x001a9a    program     extern C:\Users\JO\Desktop\ongoing_projects\PIC18F67J60_RTOS\Source\queue.c
     xQueueGenericReceive   0x001faa    program     extern C:\Users\JO\Desktop\ongoing_projects\PIC18F67J60_RTOS\Source\queue.c
       xQueueGenericReset   0x0018ae    program     extern C:\Users\JO\Desktop\ongoing_projects\PIC18F67J60_RTOS\Source\queue.c
        xQueueGenericSend   0x001bd2    program     extern C:\Users\JO\Desktop\ongoing_projects\PIC18F67J60_RTOS\Source\queue.c
 xQueueGenericSendFromISR   0x001e5a    program     extern C:\Users\JO\Desktop\ongoing_projects\PIC18F67J60_RTOS\Source\queue.c
xQueueIsQueueEmptyFromISR   0x002b84    program     extern C:\Users\JO\Desktop\ongoing_projects\PIC18F67J60_RTOS\Source\queue.c
 xQueueIsQueueFullFromISR   0x002c1a    program     extern C:\Users\JO\Desktop\ongoing_projects\PIC18F67J60_RTOS\Source\queue.c
        xQueuePeekFromISR   0x0023f4    program     extern C:\Users\JO\Desktop\ongoing_projects\PIC18F67J60_RTOS\Source\queue.c
     xQueueReceiveFromISR   0x0022b4    program     extern C:\Users\JO\Desktop\ongoing_projects\PIC18F67J60_RTOS\Source\queue.c
     xTaskCheckForTimeOut   0x001180    program     extern C:\Users\JO\Desktop\ongoing_projects\PIC18F67J60_RTOS\Source\tasks.c
       xTaskGenericCreate   0x000050    program     extern C:\Users\JO\Desktop\ongoing_projects\PIC18F67J60_RTOS\Source\tasks.c
        xTaskGetTickCount   0x0008b6    program     extern C:\Users\JO\Desktop\ongoing_projects\PIC18F67J60_RTOS\Source\tasks.c
 xTaskGetTickCountFromISR   0x0008fc    program     extern C:\Users\JO\Desktop\ongoing_projects\PIC18F67J60_RTOS\Source\tasks.c
       xTaskIncrementTick   0x000942    program     extern C:\Users\JO\Desktop\ongoing_projects\PIC18F67J60_RTOS\Source\tasks.c
 xTaskRemoveFromEventList   0x000e2c    program     extern C:\Users\JO\Desktop\ongoing_projects\PIC18F67J60_RTOS\Source\tasks.c
xTaskRemoveFromUnorderedEventList   0x000fdc    program     extern C:\Users\JO\Desktop\ongoing_projects\PIC18F67J60_RTOS\Source\tasks.c
           xTaskResumeAll   0x00070e    program     extern C:\Users\JO\Desktop\ongoing_projects\PIC18F67J60_RTOS\Source\tasks.c
               zero_block   0x004788    program     static E:\c18v3.46\pic18-lt\cxx-framework\src\traditional\proc\p18f67j60.asm
                   ADCON0   0x000fc2       data     extern E:\c18v3.46\pic18-lt\cxx-framework\src\traditional\proc\p18f67j60.asm
               ADCON0bits   0x000fc2       data     extern E:\c18v3.46\pic18-lt\cxx-framework\src\traditional\proc\p18f67j60.asm
                   ADCON1   0x000fc1       data     extern E:\c18v3.46\pic18-lt\cxx-framework\src\traditional\proc\p18f67j60.asm
               ADCON1bits   0x000fc1       data     extern E:\c18v3.46\pic18-lt\cxx-framework\src\traditional\proc\p18f67j60.asm
                   ADCON2   0x000fc0       data     extern E:\c18v3.46\pic18-lt\cxx-framework\src\traditional\proc\p18f67j60.asm
               ADCON2bits   0x000fc0       data     extern E:\c18v3.46\pic18-lt\cxx-framework\src\traditional\proc\p18f67j60.asm
                    ADRES   0x000fc3       data     extern E:\c18v3.46\pic18-lt\cxx-framework\src\traditional\proc\p18f67j60.asm
                   ADRESH   0x000fc4       data     extern E:\c18v3.46\pic18-lt\cxx-framework\src\traditional\proc\p18f67j60.asm
                   ADRESL   0x000fc3       data     extern E:\c18v3.46\pic18-lt\cxx-framework\src\traditional\proc\p18f67j60.asm
                  BAUDCON   0x000f7e       data     extern E:\c18v3.46\pic18-lt\cxx-framework\src\traditional\proc\p18f67j60.asm
                 BAUDCON1   0x000f7e       data     extern E:\c18v3.46\pic18-lt\cxx-framework\src\traditional\proc\p18f67j60.asm
             BAUDCON1bits   0x000f7e       data     extern E:\c18v3.46\pic18-lt\cxx-framework\src\traditional\proc\p18f67j60.asm
              BAUDCONbits   0x000f7e       data     extern E:\c18v3.46\pic18-lt\cxx-framework\src\traditional\proc\p18f67j60.asm
                  BAUDCTL   0x000f7e       data     extern E:\c18v3.46\pic18-lt\cxx-framework\src\traditional\proc\p18f67j60.asm
                 BAUDCTL1   0x000f7e       data     extern E:\c18v3.46\pic18-lt\cxx-framework\src\traditional\proc\p18f67j60.asm
             BAUDCTL1bits   0x000f7e       data     extern E:\c18v3.46\pic18-lt\cxx-framework\src\traditional\proc\p18f67j60.asm
              BAUDCTLbits   0x000f7e       data     extern E:\c18v3.46\pic18-lt\cxx-framework\src\traditional\proc\p18f67j60.asm
                      BSR   0x000fe0       data     extern E:\c18v3.46\pic18-lt\cxx-framework\src\traditional\proc\p18f67j60.asm
                  CCP1CON   0x000fbd       data     extern E:\c18v3.46\pic18-lt\cxx-framework\src\traditional\proc\p18f67j60.asm
              CCP1CONbits   0x000fbd       data     extern E:\c18v3.46\pic18-lt\cxx-framework\src\traditional\proc\p18f67j60.asm
                  CCP2CON   0x000fba       data     extern E:\c18v3.46\pic18-lt\cxx-framework\src\traditional\proc\p18f67j60.asm
              CCP2CONbits   0x000fba       data     extern E:\c18v3.46\pic18-lt\cxx-framework\src\traditional\proc\p18f67j60.asm
                  CCP3CON   0x000fb7       data     extern E:\c18v3.46\pic18-lt\cxx-framework\src\traditional\proc\p18f67j60.asm
              CCP3CONbits   0x000fb7       data     extern E:\c18v3.46\pic18-lt\cxx-framework\src\traditional\proc\p18f67j60.asm
                  CCP4CON   0x000f73       data     extern E:\c18v3.46\pic18-lt\cxx-framework\src\traditional\proc\p18f67j60.asm
              CCP4CONbits   0x000f73       data     extern E:\c18v3.46\pic18-lt\cxx-framework\src\traditional\proc\p18f67j60.asm
                  CCP5CON   0x000f70       data     extern E:\c18v3.46\pic18-lt\cxx-framework\src\traditional\proc\p18f67j60.asm
              CCP5CONbits   0x000f70       data     extern E:\c18v3.46\pic18-lt\cxx-framework\src\traditional\proc\p18f67j60.asm
                    CCPR1   0x000fbe       data     extern E:\c18v3.46\pic18-lt\cxx-framework\src\traditional\proc\p18f67j60.asm
                   CCPR1H   0x000fbf       data     extern E:\c18v3.46\pic18-lt\cxx-framework\src\traditional\proc\p18f67j60.asm
                   CCPR1L   0x000fbe       data     extern E:\c18v3.46\pic18-lt\cxx-framework\src\traditional\proc\p18f67j60.asm
                    CCPR2   0x000fbb       data     extern E:\c18v3.46\pic18-lt\cxx-framework\src\traditional\proc\p18f67j60.asm
                   CCPR2H   0x000fbc       data     extern E:\c18v3.46\pic18-lt\cxx-framework\src\traditional\proc\p18f67j60.asm
                   CCPR2L   0x000fbb       data     extern E:\c18v3.46\pic18-lt\cxx-framework\src\traditional\proc\p18f67j60.asm
                    CCPR3   0x000fb8       data     extern E:\c18v3.46\pic18-lt\cxx-framework\src\traditional\proc\p18f67j60.asm
                   CCPR3H   0x000fb9       data     extern E:\c18v3.46\pic18-lt\cxx-framework\src\traditional\proc\p18f67j60.asm
                   CCPR3L   0x000fb8       data     extern E:\c18v3.46\pic18-lt\cxx-framework\src\traditional\proc\p18f67j60.asm
                    CCPR4   0x000f74       data     extern E:\c18v3.46\pic18-lt\cxx-framework\src\traditional\proc\p18f67j60.asm
                   CCPR4H   0x000f75       data     extern E:\c18v3.46\pic18-lt\cxx-framework\src\traditional\proc\p18f67j60.asm
                   CCPR4L   0x000f74       data     extern E:\c18v3.46\pic18-lt\cxx-framework\src\traditional\proc\p18f67j60.asm
                    CCPR5   0x000f71       data     extern E:\c18v3.46\pic18-lt\cxx-framework\src\traditional\proc\p18f67j60.asm
                   CCPR5H   0x000f72       data     extern E:\c18v3.46\pic18-lt\cxx-framework\src\traditional\proc\p18f67j60.asm
                   CCPR5L   0x000f71       data     extern E:\c18v3.46\pic18-lt\cxx-framework\src\traditional\proc\p18f67j60.asm
                    CMCON   0x000fb4       data     extern E:\c18v3.46\pic18-lt\cxx-framework\src\traditional\proc\p18f67j60.asm
                CMCONbits   0x000fb4       data     extern E:\c18v3.46\pic18-lt\cxx-framework\src\traditional\proc\p18f67j60.asm
                   CVRCON   0x000fb5       data     extern E:\c18v3.46\pic18-lt\cxx-framework\src\traditional\proc\p18f67j60.asm
               CVRCONbits   0x000fb5       data     extern E:\c18v3.46\pic18-lt\cxx-framework\src\traditional\proc\p18f67j60.asm
                     DDRA   0x000f92       data     extern E:\c18v3.46\pic18-lt\cxx-framework\src\traditional\proc\p18f67j60.asm
                 DDRAbits   0x000f92       data     extern E:\c18v3.46\pic18-lt\cxx-framework\src\traditional\proc\p18f67j60.asm
                     DDRB   0x000f93       data     extern E:\c18v3.46\pic18-lt\cxx-framework\src\traditional\proc\p18f67j60.asm
                 DDRBbits   0x000f93       data     extern E:\c18v3.46\pic18-lt\cxx-framework\src\traditional\proc\p18f67j60.asm
                     DDRC   0x000f94       data     extern E:\c18v3.46\pic18-lt\cxx-framework\src\traditional\proc\p18f67j60.asm
                 DDRCbits   0x000f94       data     extern E:\c18v3.46\pic18-lt\cxx-framework\src\traditional\proc\p18f67j60.asm
                     DDRD   0x000f95       data     extern E:\c18v3.46\pic18-lt\cxx-framework\src\traditional\proc\p18f67j60.asm
                 DDRDbits   0x000f95       data     extern E:\c18v3.46\pic18-lt\cxx-framework\src\traditional\proc\p18f67j60.asm
                     DDRE   0x000f96       data     extern E:\c18v3.46\pic18-lt\cxx-framework\src\traditional\proc\p18f67j60.asm
                 DDREbits   0x000f96       data     extern E:\c18v3.46\pic18-lt\cxx-framework\src\traditional\proc\p18f67j60.asm
                     DDRF   0x000f97       data     extern E:\c18v3.46\pic18-lt\cxx-framework\src\traditional\proc\p18f67j60.asm
                 DDRFbits   0x000f97       data     extern E:\c18v3.46\pic18-lt\cxx-framework\src\traditional\proc\p18f67j60.asm
                     DDRG   0x000f98       data     extern E:\c18v3.46\pic18-lt\cxx-framework\src\traditional\proc\p18f67j60.asm
                 DDRGbits   0x000f98       data     extern E:\c18v3.46\pic18-lt\cxx-framework\src\traditional\proc\p18f67j60.asm
                  ECCP1AS   0x000fb6       data     extern E:\c18v3.46\pic18-lt\cxx-framework\src\traditional\proc\p18f67j60.asm
              ECCP1ASbits   0x000fb6       data     extern E:\c18v3.46\pic18-lt\cxx-framework\src\traditional\proc\p18f67j60.asm
                 ECCP1CON   0x000fbd       data     extern E:\c18v3.46\pic18-lt\cxx-framework\src\traditional\proc\p18f67j60.asm
             ECCP1CONbits   0x000fbd       data     extern E:\c18v3.46\pic18-lt\cxx-framework\src\traditional\proc\p18f67j60.asm
                 ECCP1DEL   0x000f79       data     extern E:\c18v3.46\pic18-lt\cxx-framework\src\traditional\proc\p18f67j60.asm
             ECCP1DELbits   0x000f79       data     extern E:\c18v3.46\pic18-lt\cxx-framework\src\traditional\proc\p18f67j60.asm
                  ECCP2AS   0x000f68       data     extern E:\c18v3.46\pic18-lt\cxx-framework\src\traditional\proc\p18f67j60.asm
              ECCP2ASbits   0x000f68       data     extern E:\c18v3.46\pic18-lt\cxx-framework\src\traditional\proc\p18f67j60.asm
                 ECCP2CON   0x000fba       data     extern E:\c18v3.46\pic18-lt\cxx-framework\src\traditional\proc\p18f67j60.asm
             ECCP2CONbits   0x000fba       data     extern E:\c18v3.46\pic18-lt\cxx-framework\src\traditional\proc\p18f67j60.asm
                 ECCP2DEL   0x000f67       data     extern E:\c18v3.46\pic18-lt\cxx-framework\src\traditional\proc\p18f67j60.asm
             ECCP2DELbits   0x000f67       data     extern E:\c18v3.46\pic18-lt\cxx-framework\src\traditional\proc\p18f67j60.asm
                  ECCP3AS   0x000f6a       data     extern E:\c18v3.46\pic18-lt\cxx-framework\src\traditional\proc\p18f67j60.asm
              ECCP3ASbits   0x000f6a       data     extern E:\c18v3.46\pic18-lt\cxx-framework\src\traditional\proc\p18f67j60.asm
                 ECCP3CON   0x000fb7       data     extern E:\c18v3.46\pic18-lt\cxx-framework\src\traditional\proc\p18f67j60.asm
             ECCP3CONbits   0x000fb7       data     extern E:\c18v3.46\pic18-lt\cxx-framework\src\traditional\proc\p18f67j60.asm
                 ECCP3DEL   0x000f69       data     extern E:\c18v3.46\pic18-lt\cxx-framework\src\traditional\proc\p18f67j60.asm
             ECCP3DELbits   0x000f69       data     extern E:\c18v3.46\pic18-lt\cxx-framework\src\traditional\proc\p18f67j60.asm
                    ECON1   0x000fd2       data     extern E:\c18v3.46\pic18-lt\cxx-framework\src\traditional\proc\p18f67j60.asm
                ECON1bits   0x000fd2       data     extern E:\c18v3.46\pic18-lt\cxx-framework\src\traditional\proc\p18f67j60.asm
                    ECON2   0x000efe       data     extern E:\c18v3.46\pic18-lt\cxx-framework\src\traditional\proc\p18f67j60.asm
                ECON2bits   0x000efe       data     extern E:\c18v3.46\pic18-lt\cxx-framework\src\traditional\proc\p18f67j60.asm
                    EDATA   0x000f61       data     extern E:\c18v3.46\pic18-lt\cxx-framework\src\traditional\proc\p18f67j60.asm
                EDATAbits   0x000f61       data     extern E:\c18v3.46\pic18-lt\cxx-framework\src\traditional\proc\p18f67j60.asm
                   EDMACS   0x000ef6       data     extern E:\c18v3.46\pic18-lt\cxx-framework\src\traditional\proc\p18f67j60.asm
                  EDMACSH   0x000ef7       data     extern E:\c18v3.46\pic18-lt\cxx-framework\src\traditional\proc\p18f67j60.asm
                  EDMACSL   0x000ef6       data     extern E:\c18v3.46\pic18-lt\cxx-framework\src\traditional\proc\p18f67j60.asm
                  EDMADST   0x000ef4       data     extern E:\c18v3.46\pic18-lt\cxx-framework\src\traditional\proc\p18f67j60.asm
                 EDMADSTH   0x000ef5       data     extern E:\c18v3.46\pic18-lt\cxx-framework\src\traditional\proc\p18f67j60.asm
                 EDMADSTL   0x000ef4       data     extern E:\c18v3.46\pic18-lt\cxx-framework\src\traditional\proc\p18f67j60.asm
                   EDMAND   0x000ef2       data     extern E:\c18v3.46\pic18-lt\cxx-framework\src\traditional\proc\p18f67j60.asm
                  EDMANDH   0x000ef3       data     extern E:\c18v3.46\pic18-lt\cxx-framework\src\traditional\proc\p18f67j60.asm
                  EDMANDL   0x000ef2       data     extern E:\c18v3.46\pic18-lt\cxx-framework\src\traditional\proc\p18f67j60.asm
                   EDMAST   0x000ef0       data     extern E:\c18v3.46\pic18-lt\cxx-framework\src\traditional\proc\p18f67j60.asm
                  EDMASTH   0x000ef1       data     extern E:\c18v3.46\pic18-lt\cxx-framework\src\traditional\proc\p18f67j60.asm
                  EDMASTL   0x000ef0       data     extern E:\c18v3.46\pic18-lt\cxx-framework\src\traditional\proc\p18f67j60.asm
                   EECON1   0x000fa6       data     extern E:\c18v3.46\pic18-lt\cxx-framework\src\traditional\proc\p18f67j60.asm
               EECON1bits   0x000fa6       data     extern E:\c18v3.46\pic18-lt\cxx-framework\src\traditional\proc\p18f67j60.asm
                   EECON2   0x000fa7       data     extern E:\c18v3.46\pic18-lt\cxx-framework\src\traditional\proc\p18f67j60.asm
                  EFLOCON   0x000e97       data     extern E:\c18v3.46\pic18-lt\cxx-framework\src\traditional\proc\p18f67j60.asm
              EFLOCONbits   0x000e97       data     extern E:\c18v3.46\pic18-lt\cxx-framework\src\traditional\proc\p18f67j60.asm
                     EHT0   0x000ec0       data     extern E:\c18v3.46\pic18-lt\cxx-framework\src\traditional\proc\p18f67j60.asm
                     EHT1   0x000ec1       data     extern E:\c18v3.46\pic18-lt\cxx-framework\src\traditional\proc\p18f67j60.asm
                     EHT2   0x000ec2       data     extern E:\c18v3.46\pic18-lt\cxx-framework\src\traditional\proc\p18f67j60.asm
                     EHT3   0x000ec3       data     extern E:\c18v3.46\pic18-lt\cxx-framework\src\traditional\proc\p18f67j60.asm
                     EHT4   0x000ec4       data     extern E:\c18v3.46\pic18-lt\cxx-framework\src\traditional\proc\p18f67j60.asm
                     EHT5   0x000ec5       data     extern E:\c18v3.46\pic18-lt\cxx-framework\src\traditional\proc\p18f67j60.asm
                     EHT6   0x000ec6       data     extern E:\c18v3.46\pic18-lt\cxx-framework\src\traditional\proc\p18f67j60.asm
                     EHT7   0x000ec7       data     extern E:\c18v3.46\pic18-lt\cxx-framework\src\traditional\proc\p18f67j60.asm
                      EIE   0x000efb       data     extern E:\c18v3.46\pic18-lt\cxx-framework\src\traditional\proc\p18f67j60.asm
                  EIEbits   0x000efb       data     extern E:\c18v3.46\pic18-lt\cxx-framework\src\traditional\proc\p18f67j60.asm
                      EIR   0x000f60       data     extern E:\c18v3.46\pic18-lt\cxx-framework\src\traditional\proc\p18f67j60.asm
                  EIRbits   0x000f60       data     extern E:\c18v3.46\pic18-lt\cxx-framework\src\traditional\proc\p18f67j60.asm
                    EPAUS   0x000e98       data     extern E:\c18v3.46\pic18-lt\cxx-framework\src\traditional\proc\p18f67j60.asm
                   EPAUSH   0x000e99       data     extern E:\c18v3.46\pic18-lt\cxx-framework\src\traditional\proc\p18f67j60.asm
                   EPAUSL   0x000e98       data     extern E:\c18v3.46\pic18-lt\cxx-framework\src\traditional\proc\p18f67j60.asm
                  EPKTCNT   0x000ed9       data     extern E:\c18v3.46\pic18-lt\cxx-framework\src\traditional\proc\p18f67j60.asm
                    EPMCS   0x000ed0       data     extern E:\c18v3.46\pic18-lt\cxx-framework\src\traditional\proc\p18f67j60.asm
                   EPMCSH   0x000ed1       data     extern E:\c18v3.46\pic18-lt\cxx-framework\src\traditional\proc\p18f67j60.asm
                   EPMCSL   0x000ed0       data     extern E:\c18v3.46\pic18-lt\cxx-framework\src\traditional\proc\p18f67j60.asm
                    EPMM0   0x000ec8       data     extern E:\c18v3.46\pic18-lt\cxx-framework\src\traditional\proc\p18f67j60.asm
                    EPMM1   0x000ec9       data     extern E:\c18v3.46\pic18-lt\cxx-framework\src\traditional\proc\p18f67j60.asm
                    EPMM2   0x000eca       data     extern E:\c18v3.46\pic18-lt\cxx-framework\src\traditional\proc\p18f67j60.asm
                    EPMM3   0x000ecb       data     extern E:\c18v3.46\pic18-lt\cxx-framework\src\traditional\proc\p18f67j60.asm
                    EPMM4   0x000ecc       data     extern E:\c18v3.46\pic18-lt\cxx-framework\src\traditional\proc\p18f67j60.asm
                    EPMM5   0x000ecd       data     extern E:\c18v3.46\pic18-lt\cxx-framework\src\traditional\proc\p18f67j60.asm
                    EPMM6   0x000ece       data     extern E:\c18v3.46\pic18-lt\cxx-framework\src\traditional\proc\p18f67j60.asm
                    EPMM7   0x000ecf       data     extern E:\c18v3.46\pic18-lt\cxx-framework\src\traditional\proc\p18f67j60.asm
                     EPMO   0x000ed4       data     extern E:\c18v3.46\pic18-lt\cxx-framework\src\traditional\proc\p18f67j60.asm
                    EPMOH   0x000ed5       data     extern E:\c18v3.46\pic18-lt\cxx-framework\src\traditional\proc\p18f67j60.asm
                    EPMOL   0x000ed4       data     extern E:\c18v3.46\pic18-lt\cxx-framework\src\traditional\proc\p18f67j60.asm
                    ERDPT   0x000f7a       data     extern E:\c18v3.46\pic18-lt\cxx-framework\src\traditional\proc\p18f67j60.asm
                   ERDPTH   0x000f7b       data     extern E:\c18v3.46\pic18-lt\cxx-framework\src\traditional\proc\p18f67j60.asm
                   ERDPTL   0x000f7a       data     extern E:\c18v3.46\pic18-lt\cxx-framework\src\traditional\proc\p18f67j60.asm
                  ERXFCON   0x000ed8       data     extern E:\c18v3.46\pic18-lt\cxx-framework\src\traditional\proc\p18f67j60.asm
              ERXFCONbits   0x000ed8       data     extern E:\c18v3.46\pic18-lt\cxx-framework\src\traditional\proc\p18f67j60.asm
                    ERXND   0x000eea       data     extern E:\c18v3.46\pic18-lt\cxx-framework\src\traditional\proc\p18f67j60.asm
                   ERXNDH   0x000eeb       data     extern E:\c18v3.46\pic18-lt\cxx-framework\src\traditional\proc\p18f67j60.asm
                   ERXNDL   0x000eea       data     extern E:\c18v3.46\pic18-lt\cxx-framework\src\traditional\proc\p18f67j60.asm
                  ERXRDPT   0x000eec       data     extern E:\c18v3.46\pic18-lt\cxx-framework\src\traditional\proc\p18f67j60.asm
                 ERXRDPTH   0x000eed       data     extern E:\c18v3.46\pic18-lt\cxx-framework\src\traditional\proc\p18f67j60.asm
                 ERXRDPTL   0x000eec       data     extern E:\c18v3.46\pic18-lt\cxx-framework\src\traditional\proc\p18f67j60.asm
                    ERXST   0x000ee8       data     extern E:\c18v3.46\pic18-lt\cxx-framework\src\traditional\proc\p18f67j60.asm
                   ERXSTH   0x000ee9       data     extern E:\c18v3.46\pic18-lt\cxx-framework\src\traditional\proc\p18f67j60.asm
                   ERXSTL   0x000ee8       data     extern E:\c18v3.46\pic18-lt\cxx-framework\src\traditional\proc\p18f67j60.asm
                  ERXWRPT   0x000eee       data     extern E:\c18v3.46\pic18-lt\cxx-framework\src\traditional\proc\p18f67j60.asm
                 ERXWRPTH   0x000eef       data     extern E:\c18v3.46\pic18-lt\cxx-framework\src\traditional\proc\p18f67j60.asm
                 ERXWRPTL   0x000eee       data     extern E:\c18v3.46\pic18-lt\cxx-framework\src\traditional\proc\p18f67j60.asm
                    ESTAT   0x000efd       data     extern E:\c18v3.46\pic18-lt\cxx-framework\src\traditional\proc\p18f67j60.asm
                ESTATbits   0x000efd       data     extern E:\c18v3.46\pic18-lt\cxx-framework\src\traditional\proc\p18f67j60.asm
                    ETXND   0x000ee6       data     extern E:\c18v3.46\pic18-lt\cxx-framework\src\traditional\proc\p18f67j60.asm
                   ETXNDH   0x000ee7       data     extern E:\c18v3.46\pic18-lt\cxx-framework\src\traditional\proc\p18f67j60.asm
                   ETXNDL   0x000ee6       data     extern E:\c18v3.46\pic18-lt\cxx-framework\src\traditional\proc\p18f67j60.asm
                    ETXST   0x000ee4       data     extern E:\c18v3.46\pic18-lt\cxx-framework\src\traditional\proc\p18f67j60.asm
                   ETXSTH   0x000ee5       data     extern E:\c18v3.46\pic18-lt\cxx-framework\src\traditional\proc\p18f67j60.asm
                   ETXSTL   0x000ee4       data     extern E:\c18v3.46\pic18-lt\cxx-framework\src\traditional\proc\p18f67j60.asm
                    EWRPT   0x000ee2       data     extern E:\c18v3.46\pic18-lt\cxx-framework\src\traditional\proc\p18f67j60.asm
                   EWRPTH   0x000ee3       data     extern E:\c18v3.46\pic18-lt\cxx-framework\src\traditional\proc\p18f67j60.asm
                   EWRPTL   0x000ee2       data     extern E:\c18v3.46\pic18-lt\cxx-framework\src\traditional\proc\p18f67j60.asm
                     FSR0   0x000fe9       data     extern E:\c18v3.46\pic18-lt\cxx-framework\src\traditional\proc\p18f67j60.asm
                    FSR0H   0x000fea       data     extern E:\c18v3.46\pic18-lt\cxx-framework\src\traditional\proc\p18f67j60.asm
                    FSR0L   0x000fe9       data     extern E:\c18v3.46\pic18-lt\cxx-framework\src\traditional\proc\p18f67j60.asm
                     FSR1   0x000fe1       data     extern E:\c18v3.46\pic18-lt\cxx-framework\src\traditional\proc\p18f67j60.asm
                    FSR1H   0x000fe2       data     extern E:\c18v3.46\pic18-lt\cxx-framework\src\traditional\proc\p18f67j60.asm
                    FSR1L   0x000fe1       data     extern E:\c18v3.46\pic18-lt\cxx-framework\src\traditional\proc\p18f67j60.asm
                     FSR2   0x000fd9       data     extern E:\c18v3.46\pic18-lt\cxx-framework\src\traditional\proc\p18f67j60.asm
                    FSR2H   0x000fda       data     extern E:\c18v3.46\pic18-lt\cxx-framework\src\traditional\proc\p18f67j60.asm
                    FSR2L   0x000fd9       data     extern E:\c18v3.46\pic18-lt\cxx-framework\src\traditional\proc\p18f67j60.asm
                    INDF0   0x000fef       data     extern E:\c18v3.46\pic18-lt\cxx-framework\src\traditional\proc\p18f67j60.asm
                    INDF1   0x000fe7       data     extern E:\c18v3.46\pic18-lt\cxx-framework\src\traditional\proc\p18f67j60.asm
                    INDF2   0x000fdf       data     extern E:\c18v3.46\pic18-lt\cxx-framework\src\traditional\proc\p18f67j60.asm
                   INTCON   0x000ff2       data     extern E:\c18v3.46\pic18-lt\cxx-framework\src\traditional\proc\p18f67j60.asm
                  INTCON2   0x000ff1       data     extern E:\c18v3.46\pic18-lt\cxx-framework\src\traditional\proc\p18f67j60.asm
              INTCON2bits   0x000ff1       data     extern E:\c18v3.46\pic18-lt\cxx-framework\src\traditional\proc\p18f67j60.asm
                  INTCON3   0x000ff0       data     extern E:\c18v3.46\pic18-lt\cxx-framework\src\traditional\proc\p18f67j60.asm
              INTCON3bits   0x000ff0       data     extern E:\c18v3.46\pic18-lt\cxx-framework\src\traditional\proc\p18f67j60.asm
               INTCONbits   0x000ff2       data     extern E:\c18v3.46\pic18-lt\cxx-framework\src\traditional\proc\p18f67j60.asm
                     IPR1   0x000f9f       data     extern E:\c18v3.46\pic18-lt\cxx-framework\src\traditional\proc\p18f67j60.asm
                 IPR1bits   0x000f9f       data     extern E:\c18v3.46\pic18-lt\cxx-framework\src\traditional\proc\p18f67j60.asm
                     IPR2   0x000fa2       data     extern E:\c18v3.46\pic18-lt\cxx-framework\src\traditional\proc\p18f67j60.asm
                 IPR2bits   0x000fa2       data     extern E:\c18v3.46\pic18-lt\cxx-framework\src\traditional\proc\p18f67j60.asm
                     IPR3   0x000fa5       data     extern E:\c18v3.46\pic18-lt\cxx-framework\src\traditional\proc\p18f67j60.asm
                 IPR3bits   0x000fa5       data     extern E:\c18v3.46\pic18-lt\cxx-framework\src\traditional\proc\p18f67j60.asm
                     LATA   0x000f89       data     extern E:\c18v3.46\pic18-lt\cxx-framework\src\traditional\proc\p18f67j60.asm
                 LATAbits   0x000f89       data     extern E:\c18v3.46\pic18-lt\cxx-framework\src\traditional\proc\p18f67j60.asm
                     LATB   0x000f8a       data     extern E:\c18v3.46\pic18-lt\cxx-framework\src\traditional\proc\p18f67j60.asm
                 LATBbits   0x000f8a       data     extern E:\c18v3.46\pic18-lt\cxx-framework\src\traditional\proc\p18f67j60.asm
                     LATC   0x000f8b       data     extern E:\c18v3.46\pic18-lt\cxx-framework\src\traditional\proc\p18f67j60.asm
                 LATCbits   0x000f8b       data     extern E:\c18v3.46\pic18-lt\cxx-framework\src\traditional\proc\p18f67j60.asm
                     LATD   0x000f8c       data     extern E:\c18v3.46\pic18-lt\cxx-framework\src\traditional\proc\p18f67j60.asm
                 LATDbits   0x000f8c       data     extern E:\c18v3.46\pic18-lt\cxx-framework\src\traditional\proc\p18f67j60.asm
                     LATE   0x000f8d       data     extern E:\c18v3.46\pic18-lt\cxx-framework\src\traditional\proc\p18f67j60.asm
                 LATEbits   0x000f8d       data     extern E:\c18v3.46\pic18-lt\cxx-framework\src\traditional\proc\p18f67j60.asm
                     LATF   0x000f8e       data     extern E:\c18v3.46\pic18-lt\cxx-framework\src\traditional\proc\p18f67j60.asm
                 LATFbits   0x000f8e       data     extern E:\c18v3.46\pic18-lt\cxx-framework\src\traditional\proc\p18f67j60.asm
                     LATG   0x000f8f       data     extern E:\c18v3.46\pic18-lt\cxx-framework\src\traditional\proc\p18f67j60.asm
                 LATGbits   0x000f8f       data     extern E:\c18v3.46\pic18-lt\cxx-framework\src\traditional\proc\p18f67j60.asm
                   MAADR1   0x000e84       data     extern E:\c18v3.46\pic18-lt\cxx-framework\src\traditional\proc\p18f67j60.asm
                   MAADR2   0x000e85       data     extern E:\c18v3.46\pic18-lt\cxx-framework\src\traditional\proc\p18f67j60.asm
                   MAADR3   0x000e82       data     extern E:\c18v3.46\pic18-lt\cxx-framework\src\traditional\proc\p18f67j60.asm
                   MAADR4   0x000e83       data     extern E:\c18v3.46\pic18-lt\cxx-framework\src\traditional\proc\p18f67j60.asm
                   MAADR5   0x000e80       data     extern E:\c18v3.46\pic18-lt\cxx-framework\src\traditional\proc\p18f67j60.asm
                   MAADR6   0x000e81       data     extern E:\c18v3.46\pic18-lt\cxx-framework\src\traditional\proc\p18f67j60.asm
                  MABBIPG   0x000ea4       data     extern E:\c18v3.46\pic18-lt\cxx-framework\src\traditional\proc\p18f67j60.asm
              MABBIPGbits   0x000ea4       data     extern E:\c18v3.46\pic18-lt\cxx-framework\src\traditional\proc\p18f67j60.asm
                   MACON1   0x000ea0       data     extern E:\c18v3.46\pic18-lt\cxx-framework\src\traditional\proc\p18f67j60.asm
               MACON1bits   0x000ea0       data     extern E:\c18v3.46\pic18-lt\cxx-framework\src\traditional\proc\p18f67j60.asm
                   MACON3   0x000ea2       data     extern E:\c18v3.46\pic18-lt\cxx-framework\src\traditional\proc\p18f67j60.asm
               MACON3bits   0x000ea2       data     extern E:\c18v3.46\pic18-lt\cxx-framework\src\traditional\proc\p18f67j60.asm
                   MACON4   0x000ea3       data     extern E:\c18v3.46\pic18-lt\cxx-framework\src\traditional\proc\p18f67j60.asm
               MACON4bits   0x000ea3       data     extern E:\c18v3.46\pic18-lt\cxx-framework\src\traditional\proc\p18f67j60.asm
                    MAIPG   0x000ea6       data     extern E:\c18v3.46\pic18-lt\cxx-framework\src\traditional\proc\p18f67j60.asm
                   MAIPGH   0x000ea7       data     extern E:\c18v3.46\pic18-lt\cxx-framework\src\traditional\proc\p18f67j60.asm
                   MAIPGL   0x000ea6       data     extern E:\c18v3.46\pic18-lt\cxx-framework\src\traditional\proc\p18f67j60.asm
                   MAMXFL   0x000eaa       data     extern E:\c18v3.46\pic18-lt\cxx-framework\src\traditional\proc\p18f67j60.asm
                  MAMXFLH   0x000eab       data     extern E:\c18v3.46\pic18-lt\cxx-framework\src\traditional\proc\p18f67j60.asm
                  MAMXFLL   0x000eaa       data     extern E:\c18v3.46\pic18-lt\cxx-framework\src\traditional\proc\p18f67j60.asm
                    MICMD   0x000eb2       data     extern E:\c18v3.46\pic18-lt\cxx-framework\src\traditional\proc\p18f67j60.asm
                MICMDbits   0x000eb2       data     extern E:\c18v3.46\pic18-lt\cxx-framework\src\traditional\proc\p18f67j60.asm
                     MIRD   0x000eb8       data     extern E:\c18v3.46\pic18-lt\cxx-framework\src\traditional\proc\p18f67j60.asm
                    MIRDH   0x000eb9       data     extern E:\c18v3.46\pic18-lt\cxx-framework\src\traditional\proc\p18f67j60.asm
                    MIRDL   0x000eb8       data     extern E:\c18v3.46\pic18-lt\cxx-framework\src\traditional\proc\p18f67j60.asm
                 MIREGADR   0x000eb4       data     extern E:\c18v3.46\pic18-lt\cxx-framework\src\traditional\proc\p18f67j60.asm
                   MISTAT   0x000e8a       data     extern E:\c18v3.46\pic18-lt\cxx-framework\src\traditional\proc\p18f67j60.asm
               MISTATbits   0x000e8a       data     extern E:\c18v3.46\pic18-lt\cxx-framework\src\traditional\proc\p18f67j60.asm
                     MIWR   0x000eb6       data     extern E:\c18v3.46\pic18-lt\cxx-framework\src\traditional\proc\p18f67j60.asm
                    MIWRH   0x000eb7       data     extern E:\c18v3.46\pic18-lt\cxx-framework\src\traditional\proc\p18f67j60.asm
                    MIWRL   0x000eb6       data     extern E:\c18v3.46\pic18-lt\cxx-framework\src\traditional\proc\p18f67j60.asm
                   OSCCON   0x000fd3       data     extern E:\c18v3.46\pic18-lt\cxx-framework\src\traditional\proc\p18f67j60.asm
               OSCCONbits   0x000fd3       data     extern E:\c18v3.46\pic18-lt\cxx-framework\src\traditional\proc\p18f67j60.asm
                  OSCTUNE   0x000f9b       data     extern E:\c18v3.46\pic18-lt\cxx-framework\src\traditional\proc\p18f67j60.asm
              OSCTUNEbits   0x000f9b       data     extern E:\c18v3.46\pic18-lt\cxx-framework\src\traditional\proc\p18f67j60.asm
                       PC   0x000ff9       data     extern E:\c18v3.46\pic18-lt\cxx-framework\src\traditional\proc\p18f67j60.asm
                      PCL   0x000ff9       data     extern E:\c18v3.46\pic18-lt\cxx-framework\src\traditional\proc\p18f67j60.asm
                   PCLATH   0x000ffa       data     extern E:\c18v3.46\pic18-lt\cxx-framework\src\traditional\proc\p18f67j60.asm
                   PCLATU   0x000ffb       data     extern E:\c18v3.46\pic18-lt\cxx-framework\src\traditional\proc\p18f67j60.asm
                     PIE1   0x000f9d       data     extern E:\c18v3.46\pic18-lt\cxx-framework\src\traditional\proc\p18f67j60.asm
                 PIE1bits   0x000f9d       data     extern E:\c18v3.46\pic18-lt\cxx-framework\src\traditional\proc\p18f67j60.asm
                     PIE2   0x000fa0       data     extern E:\c18v3.46\pic18-lt\cxx-framework\src\traditional\proc\p18f67j60.asm
                 PIE2bits   0x000fa0       data     extern E:\c18v3.46\pic18-lt\cxx-framework\src\traditional\proc\p18f67j60.asm
                     PIE3   0x000fa3       data     extern E:\c18v3.46\pic18-lt\cxx-framework\src\traditional\proc\p18f67j60.asm
                 PIE3bits   0x000fa3       data     extern E:\c18v3.46\pic18-lt\cxx-framework\src\traditional\proc\p18f67j60.asm
                     PIR1   0x000f9e       data     extern E:\c18v3.46\pic18-lt\cxx-framework\src\traditional\proc\p18f67j60.asm
                 PIR1bits   0x000f9e       data     extern E:\c18v3.46\pic18-lt\cxx-framework\src\traditional\proc\p18f67j60.asm
                     PIR2   0x000fa1       data     extern E:\c18v3.46\pic18-lt\cxx-framework\src\traditional\proc\p18f67j60.asm
                 PIR2bits   0x000fa1       data     extern E:\c18v3.46\pic18-lt\cxx-framework\src\traditional\proc\p18f67j60.asm
                     PIR3   0x000fa4       data     extern E:\c18v3.46\pic18-lt\cxx-framework\src\traditional\proc\p18f67j60.asm
                 PIR3bits   0x000fa4       data     extern E:\c18v3.46\pic18-lt\cxx-framework\src\traditional\proc\p18f67j60.asm
                   PLUSW0   0x000feb       data     extern E:\c18v3.46\pic18-lt\cxx-framework\src\traditional\proc\p18f67j60.asm
                   PLUSW1   0x000fe3       data     extern E:\c18v3.46\pic18-lt\cxx-framework\src\traditional\proc\p18f67j60.asm
                   PLUSW2   0x000fdb       data     extern E:\c18v3.46\pic18-lt\cxx-framework\src\traditional\proc\p18f67j60.asm
                    PORTA   0x000f80       data     extern E:\c18v3.46\pic18-lt\cxx-framework\src\traditional\proc\p18f67j60.asm
                PORTAbits   0x000f80       data     extern E:\c18v3.46\pic18-lt\cxx-framework\src\traditional\proc\p18f67j60.asm
                    PORTB   0x000f81       data     extern E:\c18v3.46\pic18-lt\cxx-framework\src\traditional\proc\p18f67j60.asm
                PORTBbits   0x000f81       data     extern E:\c18v3.46\pic18-lt\cxx-framework\src\traditional\proc\p18f67j60.asm
                    PORTC   0x000f82       data     extern E:\c18v3.46\pic18-lt\cxx-framework\src\traditional\proc\p18f67j60.asm
                PORTCbits   0x000f82       data     extern E:\c18v3.46\pic18-lt\cxx-framework\src\traditional\proc\p18f67j60.asm
                    PORTD   0x000f83       data     extern E:\c18v3.46\pic18-lt\cxx-framework\src\traditional\proc\p18f67j60.asm
                PORTDbits   0x000f83       data     extern E:\c18v3.46\pic18-lt\cxx-framework\src\traditional\proc\p18f67j60.asm
                    PORTE   0x000f84       data     extern E:\c18v3.46\pic18-lt\cxx-framework\src\traditional\proc\p18f67j60.asm
                PORTEbits   0x000f84       data     extern E:\c18v3.46\pic18-lt\cxx-framework\src\traditional\proc\p18f67j60.asm
                    PORTF   0x000f85       data     extern E:\c18v3.46\pic18-lt\cxx-framework\src\traditional\proc\p18f67j60.asm
                PORTFbits   0x000f85       data     extern E:\c18v3.46\pic18-lt\cxx-framework\src\traditional\proc\p18f67j60.asm
                    PORTG   0x000f86       data     extern E:\c18v3.46\pic18-lt\cxx-framework\src\traditional\proc\p18f67j60.asm
                PORTGbits   0x000f86       data     extern E:\c18v3.46\pic18-lt\cxx-framework\src\traditional\proc\p18f67j60.asm
                 POSTDEC0   0x000fed       data     extern E:\c18v3.46\pic18-lt\cxx-framework\src\traditional\proc\p18f67j60.asm
                 POSTDEC1   0x000fe5       data     extern E:\c18v3.46\pic18-lt\cxx-framework\src\traditional\proc\p18f67j60.asm
                 POSTDEC2   0x000fdd       data     extern E:\c18v3.46\pic18-lt\cxx-framework\src\traditional\proc\p18f67j60.asm
                 POSTINC0   0x000fee       data     extern E:\c18v3.46\pic18-lt\cxx-framework\src\traditional\proc\p18f67j60.asm
                 POSTINC1   0x000fe6       data     extern E:\c18v3.46\pic18-lt\cxx-framework\src\traditional\proc\p18f67j60.asm
                 POSTINC2   0x000fde       data     extern E:\c18v3.46\pic18-lt\cxx-framework\src\traditional\proc\p18f67j60.asm
                      PR2   0x000fcb       data     extern E:\c18v3.46\pic18-lt\cxx-framework\src\traditional\proc\p18f67j60.asm
                      PR4   0x000f77       data     extern E:\c18v3.46\pic18-lt\cxx-framework\src\traditional\proc\p18f67j60.asm
                  PREINC0   0x000fec       data     extern E:\c18v3.46\pic18-lt\cxx-framework\src\traditional\proc\p18f67j60.asm
                  PREINC1   0x000fe4       data     extern E:\c18v3.46\pic18-lt\cxx-framework\src\traditional\proc\p18f67j60.asm
                  PREINC2   0x000fdc       data     extern E:\c18v3.46\pic18-lt\cxx-framework\src\traditional\proc\p18f67j60.asm
                     PROD   0x000ff3       data     extern E:\c18v3.46\pic18-lt\cxx-framework\src\traditional\proc\p18f67j60.asm
                    PRODH   0x000ff4       data     extern E:\c18v3.46\pic18-lt\cxx-framework\src\traditional\proc\p18f67j60.asm
                    PRODL   0x000ff3       data     extern E:\c18v3.46\pic18-lt\cxx-framework\src\traditional\proc\p18f67j60.asm
                     RCON   0x000fd0       data     extern E:\c18v3.46\pic18-lt\cxx-framework\src\traditional\proc\p18f67j60.asm
                 RCONbits   0x000fd0       data     extern E:\c18v3.46\pic18-lt\cxx-framework\src\traditional\proc\p18f67j60.asm
                    RCREG   0x000fae       data     extern E:\c18v3.46\pic18-lt\cxx-framework\src\traditional\proc\p18f67j60.asm
                   RCREG1   0x000fae       data     extern E:\c18v3.46\pic18-lt\cxx-framework\src\traditional\proc\p18f67j60.asm
                    RCSTA   0x000fab       data     extern E:\c18v3.46\pic18-lt\cxx-framework\src\traditional\proc\p18f67j60.asm
                   RCSTA1   0x000fab       data     extern E:\c18v3.46\pic18-lt\cxx-framework\src\traditional\proc\p18f67j60.asm
               RCSTA1bits   0x000fab       data     extern E:\c18v3.46\pic18-lt\cxx-framework\src\traditional\proc\p18f67j60.asm
                RCSTAbits   0x000fab       data     extern E:\c18v3.46\pic18-lt\cxx-framework\src\traditional\proc\p18f67j60.asm
                     SIGN   0x000009       data     extern E:\c18v3.46\pic18-lt\cxx-framework\src\traditional\math\cmath18.asm
                    SPBRG   0x000faf       data     extern E:\c18v3.46\pic18-lt\cxx-framework\src\traditional\proc\p18f67j60.asm
                   SPBRG1   0x000faf       data     extern E:\c18v3.46\pic18-lt\cxx-framework\src\traditional\proc\p18f67j60.asm
                   SPBRGH   0x000f7f       data     extern E:\c18v3.46\pic18-lt\cxx-framework\src\traditional\proc\p18f67j60.asm
                  SPBRGH1   0x000f7f       data     extern E:\c18v3.46\pic18-lt\cxx-framework\src\traditional\proc\p18f67j60.asm
                  SSP1ADD   0x000fc8       data     extern E:\c18v3.46\pic18-lt\cxx-framework\src\traditional\proc\p18f67j60.asm
                  SSP1BUF   0x000fc9       data     extern E:\c18v3.46\pic18-lt\cxx-framework\src\traditional\proc\p18f67j60.asm
                 SSP1CON1   0x000fc6       data     extern E:\c18v3.46\pic18-lt\cxx-framework\src\traditional\proc\p18f67j60.asm
             SSP1CON1bits   0x000fc6       data     extern E:\c18v3.46\pic18-lt\cxx-framework\src\traditional\proc\p18f67j60.asm
                 SSP1CON2   0x000fc5       data     extern E:\c18v3.46\pic18-lt\cxx-framework\src\traditional\proc\p18f67j60.asm
             SSP1CON2bits   0x000fc5       data     extern E:\c18v3.46\pic18-lt\cxx-framework\src\traditional\proc\p18f67j60.asm
                 SSP1STAT   0x000fc7       data     extern E:\c18v3.46\pic18-lt\cxx-framework\src\traditional\proc\p18f67j60.asm
             SSP1STATbits   0x000fc7       data     extern E:\c18v3.46\pic18-lt\cxx-framework\src\traditional\proc\p18f67j60.asm
                   SSPADD   0x000fc8       data     extern E:\c18v3.46\pic18-lt\cxx-framework\src\traditional\proc\p18f67j60.asm
                   SSPBUF   0x000fc9       data     extern E:\c18v3.46\pic18-lt\cxx-framework\src\traditional\proc\p18f67j60.asm
                  SSPCON1   0x000fc6       data     extern E:\c18v3.46\pic18-lt\cxx-framework\src\traditional\proc\p18f67j60.asm
              SSPCON1bits   0x000fc6       data     extern E:\c18v3.46\pic18-lt\cxx-framework\src\traditional\proc\p18f67j60.asm
                  SSPCON2   0x000fc5       data     extern E:\c18v3.46\pic18-lt\cxx-framework\src\traditional\proc\p18f67j60.asm
              SSPCON2bits   0x000fc5       data     extern E:\c18v3.46\pic18-lt\cxx-framework\src\traditional\proc\p18f67j60.asm
                  SSPSTAT   0x000fc7       data     extern E:\c18v3.46\pic18-lt\cxx-framework\src\traditional\proc\p18f67j60.asm
              SSPSTATbits   0x000fc7       data     extern E:\c18v3.46\pic18-lt\cxx-framework\src\traditional\proc\p18f67j60.asm
                   STATUS   0x000fd8       data     extern E:\c18v3.46\pic18-lt\cxx-framework\src\traditional\proc\p18f67j60.asm
               STATUSbits   0x000fd8       data     extern E:\c18v3.46\pic18-lt\cxx-framework\src\traditional\proc\p18f67j60.asm
                   STKPTR   0x000ffc       data     extern E:\c18v3.46\pic18-lt\cxx-framework\src\traditional\proc\p18f67j60.asm
               STKPTRbits   0x000ffc       data     extern E:\c18v3.46\pic18-lt\cxx-framework\src\traditional\proc\p18f67j60.asm
                    T0CON   0x000fd5       data     extern E:\c18v3.46\pic18-lt\cxx-framework\src\traditional\proc\p18f67j60.asm
                T0CONbits   0x000fd5       data     extern E:\c18v3.46\pic18-lt\cxx-framework\src\traditional\proc\p18f67j60.asm
                    T1CON   0x000fcd       data     extern E:\c18v3.46\pic18-lt\cxx-framework\src\traditional\proc\p18f67j60.asm
                T1CONbits   0x000fcd       data     extern E:\c18v3.46\pic18-lt\cxx-framework\src\traditional\proc\p18f67j60.asm
                    T2CON   0x000fca       data     extern E:\c18v3.46\pic18-lt\cxx-framework\src\traditional\proc\p18f67j60.asm
                T2CONbits   0x000fca       data     extern E:\c18v3.46\pic18-lt\cxx-framework\src\traditional\proc\p18f67j60.asm
                    T3CON   0x000fb1       data     extern E:\c18v3.46\pic18-lt\cxx-framework\src\traditional\proc\p18f67j60.asm
                T3CONbits   0x000fb1       data     extern E:\c18v3.46\pic18-lt\cxx-framework\src\traditional\proc\p18f67j60.asm
                    T4CON   0x000f76       data     extern E:\c18v3.46\pic18-lt\cxx-framework\src\traditional\proc\p18f67j60.asm
                T4CONbits   0x000f76       data     extern E:\c18v3.46\pic18-lt\cxx-framework\src\traditional\proc\p18f67j60.asm
                   TABLAT   0x000ff5       data     extern E:\c18v3.46\pic18-lt\cxx-framework\src\traditional\proc\p18f67j60.asm
                   TBLPTR   0x000ff6       data     extern E:\c18v3.46\pic18-lt\cxx-framework\src\traditional\proc\p18f67j60.asm
                  TBLPTRH   0x000ff7       data     extern E:\c18v3.46\pic18-lt\cxx-framework\src\traditional\proc\p18f67j60.asm
                  TBLPTRL   0x000ff6       data     extern E:\c18v3.46\pic18-lt\cxx-framework\src\traditional\proc\p18f67j60.asm
                  TBLPTRU   0x000ff8       data     extern E:\c18v3.46\pic18-lt\cxx-framework\src\traditional\proc\p18f67j60.asm
                    TMR0H   0x000fd7       data     extern E:\c18v3.46\pic18-lt\cxx-framework\src\traditional\proc\p18f67j60.asm
                    TMR0L   0x000fd6       data     extern E:\c18v3.46\pic18-lt\cxx-framework\src\traditional\proc\p18f67j60.asm
                    TMR1H   0x000fcf       data     extern E:\c18v3.46\pic18-lt\cxx-framework\src\traditional\proc\p18f67j60.asm
[...]
                 PIR2bits   0x000fa1       data     extern E:\c18v3.46\pic18-lt\cxx-framework\src\traditional\proc\p18f67j60.asm
                     PIR2   0x000fa1       data     extern E:\c18v3.46\pic18-lt\cxx-framework\src\traditional\proc\p18f67j60.asm
                     IPR2   0x000fa2       data     extern E:\c18v3.46\pic18-lt\cxx-framework\src\traditional\proc\p18f67j60.asm
                 IPR2bits   0x000fa2       data     extern E:\c18v3.46\pic18-lt\cxx-framework\src\traditional\proc\p18f67j60.asm
                     PIE3   0x000fa3       data     extern E:\c18v3.46\pic18-lt\cxx-framework\src\traditional\proc\p18f67j60.asm
                 PIE3bits   0x000fa3       data     extern E:\c18v3.46\pic18-lt\cxx-framework\src\traditional\proc\p18f67j60.asm
                 PIR3bits   0x000fa4       data     extern E:\c18v3.46\pic18-lt\cxx-framework\src\traditional\proc\p18f67j60.asm
                     PIR3   0x000fa4       data     extern E:\c18v3.46\pic18-lt\cxx-framework\src\traditional\proc\p18f67j60.asm
                     IPR3   0x000fa5       data     extern E:\c18v3.46\pic18-lt\cxx-framework\src\traditional\proc\p18f67j60.asm
                 IPR3bits   0x000fa5       data     extern E:\c18v3.46\pic18-lt\cxx-framework\src\traditional\proc\p18f67j60.asm
                   EECON1   0x000fa6       data     extern E:\c18v3.46\pic18-lt\cxx-framework\src\traditional\proc\p18f67j60.asm
               EECON1bits   0x000fa6       data     extern E:\c18v3.46\pic18-lt\cxx-framework\src\traditional\proc\p18f67j60.asm
                   EECON2   0x000fa7       data     extern E:\c18v3.46\pic18-lt\cxx-framework\src\traditional\proc\p18f67j60.asm
                    RCSTA   0x000fab       data     extern E:\c18v3.46\pic18-lt\cxx-framework\src\traditional\proc\p18f67j60.asm
                   RCSTA1   0x000fab       data     extern E:\c18v3.46\pic18-lt\cxx-framework\src\traditional\proc\p18f67j60.asm
               RCSTA1bits   0x000fab       data     extern E:\c18v3.46\pic18-lt\cxx-framework\src\traditional\proc\p18f67j60.asm
                RCSTAbits   0x000fab       data     extern E:\c18v3.46\pic18-lt\cxx-framework\src\traditional\proc\p18f67j60.asm
                   TXSTA1   0x000fac       data     extern E:\c18v3.46\pic18-lt\cxx-framework\src\traditional\proc\p18f67j60.asm
                    TXSTA   0x000fac       data     extern E:\c18v3.46\pic18-lt\cxx-framework\src\traditional\proc\p18f67j60.asm
                TXSTAbits   0x000fac       data     extern E:\c18v3.46\pic18-lt\cxx-framework\src\traditional\proc\p18f67j60.asm
               TXSTA1bits   0x000fac       data     extern E:\c18v3.46\pic18-lt\cxx-framework\src\traditional\proc\p18f67j60.asm
                   TXREG1   0x000fad       data     extern E:\c18v3.46\pic18-lt\cxx-framework\src\traditional\proc\p18f67j60.asm
                    TXREG   0x000fad       data     extern E:\c18v3.46\pic18-lt\cxx-framework\src\traditional\proc\p18f67j60.asm
                   RCREG1   0x000fae       data     extern E:\c18v3.46\pic18-lt\cxx-framework\src\traditional\proc\p18f67j60.asm
                    RCREG   0x000fae       data     extern E:\c18v3.46\pic18-lt\cxx-framework\src\traditional\proc\p18f67j60.asm
                    SPBRG   0x000faf       data     extern E:\c18v3.46\pic18-lt\cxx-framework\src\traditional\proc\p18f67j60.asm
                   SPBRG1   0x000faf       data     extern E:\c18v3.46\pic18-lt\cxx-framework\src\traditional\proc\p18f67j60.asm
                T3CONbits   0x000fb1       data     extern E:\c18v3.46\pic18-lt\cxx-framework\src\traditional\proc\p18f67j60.asm
                    T3CON   0x000fb1       data     extern E:\c18v3.46\pic18-lt\cxx-framework\src\traditional\proc\p18f67j60.asm
                    TMR3L   0x000fb2       data     extern E:\c18v3.46\pic18-lt\cxx-framework\src\traditional\proc\p18f67j60.asm
                    TMR3H   0x000fb3       data     extern E:\c18v3.46\pic18-lt\cxx-framework\src\traditional\proc\p18f67j60.asm
                CMCONbits   0x000fb4       data     extern E:\c18v3.46\pic18-lt\cxx-framework\src\traditional\proc\p18f67j60.asm
                    CMCON   0x000fb4       data     extern E:\c18v3.46\pic18-lt\cxx-framework\src\traditional\proc\p18f67j60.asm
               CVRCONbits   0x000fb5       data     extern E:\c18v3.46\pic18-lt\cxx-framework\src\traditional\proc\p18f67j60.asm
                   CVRCON   0x000fb5       data     extern E:\c18v3.46\pic18-lt\cxx-framework\src\traditional\proc\p18f67j60.asm
              ECCP1ASbits   0x000fb6       data     extern E:\c18v3.46\pic18-lt\cxx-framework\src\traditional\proc\p18f67j60.asm
                  ECCP1AS   0x000fb6       data     extern E:\c18v3.46\pic18-lt\cxx-framework\src\traditional\proc\p18f67j60.asm
                 ECCP3CON   0x000fb7       data     extern E:\c18v3.46\pic18-lt\cxx-framework\src\traditional\proc\p18f67j60.asm
             ECCP3CONbits   0x000fb7       data     extern E:\c18v3.46\pic18-lt\cxx-framework\src\traditional\proc\p18f67j60.asm
                  CCP3CON   0x000fb7       data     extern E:\c18v3.46\pic18-lt\cxx-framework\src\traditional\proc\p18f67j60.asm
              CCP3CONbits   0x000fb7       data     extern E:\c18v3.46\pic18-lt\cxx-framework\src\traditional\proc\p18f67j60.asm
                    CCPR3   0x000fb8       data     extern E:\c18v3.46\pic18-lt\cxx-framework\src\traditional\proc\p18f67j60.asm
                   CCPR3L   0x000fb8       data     extern E:\c18v3.46\pic18-lt\cxx-framework\src\traditional\proc\p18f67j60.asm
                   CCPR3H   0x000fb9       data     extern E:\c18v3.46\pic18-lt\cxx-framework\src\traditional\proc\p18f67j60.asm
             ECCP2CONbits   0x000fba       data     extern E:\c18v3.46\pic18-lt\cxx-framework\src\traditional\proc\p18f67j60.asm
                 ECCP2CON   0x000fba       data     extern E:\c18v3.46\pic18-lt\cxx-framework\src\traditional\proc\p18f67j60.asm
              CCP2CONbits   0x000fba       data     extern E:\c18v3.46\pic18-lt\cxx-framework\src\traditional\proc\p18f67j60.asm
                  CCP2CON   0x000fba       data     extern E:\c18v3.46\pic18-lt\cxx-framework\src\traditional\proc\p18f67j60.asm
                   CCPR2L   0x000fbb       data     extern E:\c18v3.46\pic18-lt\cxx-framework\src\traditional\proc\p18f67j60.asm
                    CCPR2   0x000fbb       data     extern E:\c18v3.46\pic18-lt\cxx-framework\src\traditional\proc\p18f67j60.asm
                   CCPR2H   0x000fbc       data     extern E:\c18v3.46\pic18-lt\cxx-framework\src\traditional\proc\p18f67j60.asm
              CCP1CONbits   0x000fbd       data     extern E:\c18v3.46\pic18-lt\cxx-framework\src\traditional\proc\p18f67j60.asm
                  CCP1CON   0x000fbd       data     extern E:\c18v3.46\pic18-lt\cxx-framework\src\traditional\proc\p18f67j60.asm
                 ECCP1CON   0x000fbd       data     extern E:\c18v3.46\pic18-lt\cxx-framework\src\traditional\proc\p18f67j60.asm
             ECCP1CONbits   0x000fbd       data     extern E:\c18v3.46\pic18-lt\cxx-framework\src\traditional\proc\p18f67j60.asm
                    CCPR1   0x000fbe       data     extern E:\c18v3.46\pic18-lt\cxx-framework\src\traditional\proc\p18f67j60.asm
                   CCPR1L   0x000fbe       data     extern E:\c18v3.46\pic18-lt\cxx-framework\src\traditional\proc\p18f67j60.asm
                   CCPR1H   0x000fbf       data     extern E:\c18v3.46\pic18-lt\cxx-framework\src\traditional\proc\p18f67j60.asm
               ADCON2bits   0x000fc0       data     extern E:\c18v3.46\pic18-lt\cxx-framework\src\traditional\proc\p18f67j60.asm
                   ADCON2   0x000fc0       data     extern E:\c18v3.46\pic18-lt\cxx-framework\src\traditional\proc\p18f67j60.asm
               ADCON1bits   0x000fc1       data     extern E:\c18v3.46\pic18-lt\cxx-framework\src\traditional\proc\p18f67j60.asm
                   ADCON1   0x000fc1       data     extern E:\c18v3.46\pic18-lt\cxx-framework\src\traditional\proc\p18f67j60.asm
               ADCON0bits   0x000fc2       data     extern E:\c18v3.46\pic18-lt\cxx-framework\src\traditional\proc\p18f67j60.asm
                   ADCON0   0x000fc2       data     extern E:\c18v3.46\pic18-lt\cxx-framework\src\traditional\proc\p18f67j60.asm
                   ADRESL   0x000fc3       data     extern E:\c18v3.46\pic18-lt\cxx-framework\src\traditional\proc\p18f67j60.asm
                    ADRES   0x000fc3       data     extern E:\c18v3.46\pic18-lt\cxx-framework\src\traditional\proc\p18f67j60.asm
                   ADRESH   0x000fc4       data     extern E:\c18v3.46\pic18-lt\cxx-framework\src\traditional\proc\p18f67j60.asm
              SSPCON2bits   0x000fc5       data     extern E:\c18v3.46\pic18-lt\cxx-framework\src\traditional\proc\p18f67j60.asm
                  SSPCON2   0x000fc5       data     extern E:\c18v3.46\pic18-lt\cxx-framework\src\traditional\proc\p18f67j60.asm
                 SSP1CON2   0x000fc5       data     extern E:\c18v3.46\pic18-lt\cxx-framework\src\traditional\proc\p18f67j60.asm
             SSP1CON2bits   0x000fc5       data     extern E:\c18v3.46\pic18-lt\cxx-framework\src\traditional\proc\p18f67j60.asm
                 SSP1CON1   0x000fc6       data     extern E:\c18v3.46\pic18-lt\cxx-framework\src\traditional\proc\p18f67j60.asm
             SSP1CON1bits   0x000fc6       data     extern E:\c18v3.46\pic18-lt\cxx-framework\src\traditional\proc\p18f67j60.asm
              SSPCON1bits   0x000fc6       data     extern E:\c18v3.46\pic18-lt\cxx-framework\src\traditional\proc\p18f67j60.asm
                  SSPCON1   0x000fc6       data     extern E:\c18v3.46\pic18-lt\cxx-framework\src\traditional\proc\p18f67j60.asm
              SSPSTATbits   0x000fc7       data     extern E:\c18v3.46\pic18-lt\cxx-framework\src\traditional\proc\p18f67j60.asm
                  SSPSTAT   0x000fc7       data     extern E:\c18v3.46\pic18-lt\cxx-framework\src\traditional\proc\p18f67j60.asm
             SSP1STATbits   0x000fc7       data     extern E:\c18v3.46\pic18-lt\cxx-framework\src\traditional\proc\p18f67j60.asm
                 SSP1STAT   0x000fc7       data     extern E:\c18v3.46\pic18-lt\cxx-framework\src\traditional\proc\p18f67j60.asm
                   SSPADD   0x000fc8       data     extern E:\c18v3.46\pic18-lt\cxx-framework\src\traditional\proc\p18f67j60.asm
                  SSP1ADD   0x000fc8       data     extern E:\c18v3.46\pic18-lt\cxx-framework\src\traditional\proc\p18f67j60.asm
                   SSPBUF   0x000fc9       data     extern E:\c18v3.46\pic18-lt\cxx-framework\src\traditional\proc\p18f67j60.asm
                  SSP1BUF   0x000fc9       data     extern E:\c18v3.46\pic18-lt\cxx-framework\src\traditional\proc\p18f67j60.asm
                T2CONbits   0x000fca       data     extern E:\c18v3.46\pic18-lt\cxx-framework\src\traditional\proc\p18f67j60.asm
                    T2CON   0x000fca       data     extern E:\c18v3.46\pic18-lt\cxx-framework\src\traditional\proc\p18f67j60.asm
                      PR2   0x000fcb       data     extern E:\c18v3.46\pic18-lt\cxx-framework\src\traditional\proc\p18f67j60.asm
                     TMR2   0x000fcc       data     extern E:\c18v3.46\pic18-lt\cxx-framework\src\traditional\proc\p18f67j60.asm
                    T1CON   0x000fcd       data     extern E:\c18v3.46\pic18-lt\cxx-framework\src\traditional\proc\p18f67j60.asm
                T1CONbits   0x000fcd       data     extern E:\c18v3.46\pic18-lt\cxx-framework\src\traditional\proc\p18f67j60.asm
                    TMR1L   0x000fce       data     extern E:\c18v3.46\pic18-lt\cxx-framework\src\traditional\proc\p18f67j60.asm
                    TMR1H   0x000fcf       data     extern E:\c18v3.46\pic18-lt\cxx-framework\src\traditional\proc\p18f67j60.asm
                     RCON   0x000fd0       data     extern E:\c18v3.46\pic18-lt\cxx-framework\src\traditional\proc\p18f67j60.asm
                 RCONbits   0x000fd0       data     extern E:\c18v3.46\pic18-lt\cxx-framework\src\traditional\proc\p18f67j60.asm
                   WDTCON   0x000fd1       data     extern E:\c18v3.46\pic18-lt\cxx-framework\src\traditional\proc\p18f67j60.asm
               WDTCONbits   0x000fd1       data     extern E:\c18v3.46\pic18-lt\cxx-framework\src\traditional\proc\p18f67j60.asm
                ECON1bits   0x000fd2       data     extern E:\c18v3.46\pic18-lt\cxx-framework\src\traditional\proc\p18f67j60.asm
                    ECON1   0x000fd2       data     extern E:\c18v3.46\pic18-lt\cxx-framework\src\traditional\proc\p18f67j60.asm
               OSCCONbits   0x000fd3       data     extern E:\c18v3.46\pic18-lt\cxx-framework\src\traditional\proc\p18f67j60.asm
                   OSCCON   0x000fd3       data     extern E:\c18v3.46\pic18-lt\cxx-framework\src\traditional\proc\p18f67j60.asm
                T0CONbits   0x000fd5       data     extern E:\c18v3.46\pic18-lt\cxx-framework\src\traditional\proc\p18f67j60.asm
                    T0CON   0x000fd5       data     extern E:\c18v3.46\pic18-lt\cxx-framework\src\traditional\proc\p18f67j60.asm
                    TMR0L   0x000fd6       data     extern E:\c18v3.46\pic18-lt\cxx-framework\src\traditional\proc\p18f67j60.asm
                    TMR0H   0x000fd7       data     extern E:\c18v3.46\pic18-lt\cxx-framework\src\traditional\proc\p18f67j60.asm
                   STATUS   0x000fd8       data     extern E:\c18v3.46\pic18-lt\cxx-framework\src\traditional\proc\p18f67j60.asm
               STATUSbits   0x000fd8       data     extern E:\c18v3.46\pic18-lt\cxx-framework\src\traditional\proc\p18f67j60.asm
                    FSR2L   0x000fd9       data     extern E:\c18v3.46\pic18-lt\cxx-framework\src\traditional\proc\p18f67j60.asm
                     FSR2   0x000fd9       data     extern E:\c18v3.46\pic18-lt\cxx-framework\src\traditional\proc\p18f67j60.asm
                    FSR2H   0x000fda       data     extern E:\c18v3.46\pic18-lt\cxx-framework\src\traditional\proc\p18f67j60.asm
                   PLUSW2   0x000fdb       data     extern E:\c18v3.46\pic18-lt\cxx-framework\src\traditional\proc\p18f67j60.asm
                  PREINC2   0x000fdc       data     extern E:\c18v3.46\pic18-lt\cxx-framework\src\traditional\proc\p18f67j60.asm
                 POSTDEC2   0x000fdd       data     extern E:\c18v3.46\pic18-lt\cxx-framework\src\traditional\proc\p18f67j60.asm
                 POSTINC2   0x000fde       data     extern E:\c18v3.46\pic18-lt\cxx-framework\src\traditional\proc\p18f67j60.asm
                    INDF2   0x000fdf       data     extern E:\c18v3.46\pic18-lt\cxx-framework\src\traditional\proc\p18f67j60.asm
                      BSR   0x000fe0       data     extern E:\c18v3.46\pic18-lt\cxx-framework\src\traditional\proc\p18f67j60.asm
                    FSR1L   0x000fe1       data     extern E:\c18v3.46\pic18-lt\cxx-framework\src\traditional\proc\p18f67j60.asm
                     FSR1   0x000fe1       data     extern E:\c18v3.46\pic18-lt\cxx-framework\src\traditional\proc\p18f67j60.asm
                    FSR1H   0x000fe2       data     extern E:\c18v3.46\pic18-lt\cxx-framework\src\traditional\proc\p18f67j60.asm
                   PLUSW1   0x000fe3       data     extern E:\c18v3.46\pic18-lt\cxx-framework\src\traditional\proc\p18f67j60.asm
                  PREINC1   0x000fe4       data     extern E:\c18v3.46\pic18-lt\cxx-framework\src\traditional\proc\p18f67j60.asm
                 POSTDEC1   0x000fe5       data     extern E:\c18v3.46\pic18-lt\cxx-framework\src\traditional\proc\p18f67j60.asm
                 POSTINC1   0x000fe6       data     extern E:\c18v3.46\pic18-lt\cxx-framework\src\traditional\proc\p18f67j60.asm
                    INDF1   0x000fe7       data     extern E:\c18v3.46\pic18-lt\cxx-framework\src\traditional\proc\p18f67j60.asm
                     WREG   0x000fe8       data     extern E:\c18v3.46\pic18-lt\cxx-framework\src\traditional\proc\p18f67j60.asm
                    FSR0L   0x000fe9       data     extern E:\c18v3.46\pic18-lt\cxx-framework\src\traditional\proc\p18f67j60.asm
                     FSR0   0x000fe9       data     extern E:\c18v3.46\pic18-lt\cxx-framework\src\traditional\proc\p18f67j60.asm
                    FSR0H   0x000fea       data     extern E:\c18v3.46\pic18-lt\cxx-framework\src\traditional\proc\p18f67j60.asm
                   PLUSW0   0x000feb       data     extern E:\c18v3.46\pic18-lt\cxx-framework\src\traditional\proc\p18f67j60.asm
                  PREINC0   0x000fec       data     extern E:\c18v3.46\pic18-lt\cxx-framework\src\traditional\proc\p18f67j60.asm
                 POSTDEC0   0x000fed       data     extern E:\c18v3.46\pic18-lt\cxx-framework\src\traditional\proc\p18f67j60.asm
                 POSTINC0   0x000fee       data     extern E:\c18v3.46\pic18-lt\cxx-framework\src\traditional\proc\p18f67j60.asm
                    INDF0   0x000fef       data     extern E:\c18v3.46\pic18-lt\cxx-framework\src\traditional\proc\p18f67j60.asm
                  INTCON3   0x000ff0       data     extern E:\c18v3.46\pic18-lt\cxx-framework\src\traditional\proc\p18f67j60.asm
              INTCON3bits   0x000ff0       data     extern E:\c18v3.46\pic18-lt\cxx-framework\src\traditional\proc\p18f67j60.asm
              INTCON2bits   0x000ff1       data     extern E:\c18v3.46\pic18-lt\cxx-framework\src\traditional\proc\p18f67j60.asm
                  INTCON2   0x000ff1       data     extern E:\c18v3.46\pic18-lt\cxx-framework\src\traditional\proc\p18f67j60.asm
                   INTCON   0x000ff2       data     extern E:\c18v3.46\pic18-lt\cxx-framework\src\traditional\proc\p18f67j60.asm
               INTCONbits   0x000ff2       data     extern E:\c18v3.46\pic18-lt\cxx-framework\src\traditional\proc\p18f67j60.asm
                     PROD   0x000ff3       data     extern E:\c18v3.46\pic18-lt\cxx-framework\src\traditional\proc\p18f67j60.asm
                    PRODL   0x000ff3       data     extern E:\c18v3.46\pic18-lt\cxx-framework\src\traditional\proc\p18f67j60.asm
                    PRODH   0x000ff4       data     extern E:\c18v3.46\pic18-lt\cxx-framework\src\traditional\proc\p18f67j60.asm
                   TABLAT   0x000ff5       data     extern E:\c18v3.46\pic18-lt\cxx-framework\src\traditional\proc\p18f67j60.asm
                  TBLPTRL   0x000ff6       data     extern E:\c18v3.46\pic18-lt\cxx-framework\src\traditional\proc\p18f67j60.asm
                   TBLPTR   0x000ff6       data     extern E:\c18v3.46\pic18-lt\cxx-framework\src\traditional\proc\p18f67j60.asm
                  TBLPTRH   0x000ff7       data     extern E:\c18v3.46\pic18-lt\cxx-framework\src\traditional\proc\p18f67j60.asm
                  TBLPTRU   0x000ff8       data     extern E:\c18v3.46\pic18-lt\cxx-framework\src\traditional\proc\p18f67j60.asm
                      PCL   0x000ff9       data     extern E:\c18v3.46\pic18-lt\cxx-framework\src\traditional\proc\p18f67j60.asm
                       PC   0x000ff9       data     extern E:\c18v3.46\pic18-lt\cxx-framework\src\traditional\proc\p18f67j60.asm
                   PCLATH   0x000ffa       data     extern E:\c18v3.46\pic18-lt\cxx-framework\src\traditional\proc\p18f67j60.asm
                   PCLATU   0x000ffb       data     extern E:\c18v3.46\pic18-lt\cxx-framework\src\traditional\proc\p18f67j60.asm
               STKPTRbits   0x000ffc       data     extern E:\c18v3.46\pic18-lt\cxx-framework\src\traditional\proc\p18f67j60.asm
                   STKPTR   0x000ffc       data     extern E:\c18v3.46\pic18-lt\cxx-framework\src\traditional\proc\p18f67j60.asm
                      TOS   0x000ffd       data     extern E:\c18v3.46\pic18-lt\cxx-framework\src\traditional\proc\p18f67j60.asm
                     TOSL   0x000ffd       data     extern E:\c18v3.46\pic18-lt\cxx-framework\src\traditional\proc\p18f67j60.asm
                     TOSH   0x000ffe       data     extern E:\c18v3.46\pic18-lt\cxx-framework\src\traditional\proc\p18f67j60.asm
                     TOSU   0x000fff       data     extern E:\c18v3.46\pic18-lt\cxx-framework\src\traditional\proc\p18f67j60.asm


