MPLINK 4.48, Linker
Linker Map File - Created Sun Aug 31 18:57:24 2014

                                 Section Info
                  Section       Type    Address   Location Size(Bytes)
                ---------  ---------  ---------  ---------  ---------
               _entry_scn       code   0x000000    program   0x000006
           .code___init.o       code   0x000006    program   0x000002
              high_vector       code   0x000008    program   0x00001a
                   .cinit    romdata   0x000022    program   0x00003e
            .code_tasks.o       code   0x000060    program   0x001bae
            .code_queue.o       code   0x001c0e    program   0x0013ce
     .code_event_groups.o       code   0x002fdc    program   0x000a5c
             .code_port.o       code   0x003a38    program   0x000996
         .code_croutine.o       code   0x0043ce    program   0x000986
             .code_list.o       code   0x004d54    program   0x000506
      .code_uart_driver.o       code   0x00525a    program   0x00049e
           .code_heap_1.o       code   0x0056f8    program   0x00010e
             .code_main.o       code   0x005806    program   0x0000d6
               _cinit_scn       code   0x0058dc    program   0x00009e
           .code_u1open.o       code   0x00597a    program   0x000084
                   STRING       code   0x0059fe    program   0x000056
        .code_heartBeat.o       code   0x005a54    program   0x00004a
         .code_fxd3232u.o       code   0x005a9e    program   0x000048
           .code_t1open.o       code   0x005ae6    program   0x000042
           .code_u1read.o       code   0x005b28    program   0x00003e
        .code_tmrccpsrc.o       code   0x005b66    program   0x00002c
                    .code       code   0x005b92    program   0x00002c
              D1KTCYXCODE       code   0x005bbe    program   0x000020
             _startup_scn       code   0x005bde    program   0x00001c
            .code_board.o       code   0x005bfa    program   0x00000c
             .stringtable    romdata   0x005c06    program   0x00000b
               uartdata_i    romdata   0x005c11    program   0x000107
   .idata_uart_driver.o_i    romdata   0x005d18    program   0x000000
   .romdata_uart_driver.o    romdata   0x005d18    program   0x000000
      .romdata_fxd3232u.o    romdata   0x005d18    program   0x000000
        .idata_u1open.o_i    romdata   0x005d18    program   0x000000
        .romdata_u1open.o    romdata   0x005d18    program   0x000000
        .romdata_t1open.o    romdata   0x005d18    program   0x000000
        .idata_u1read.o_i    romdata   0x005d18    program   0x000000
        .romdata_u1read.o    romdata   0x005d18    program   0x000000
     .idata_tmrccpsrc.o_i    romdata   0x005d18    program   0x000000
     .romdata_tmrccpsrc.o    romdata   0x005d18    program   0x000000
        .idata_u1defs.o_i    romdata   0x005d18    program   0x000000
        .romdata_u1defs.o    romdata   0x005d18    program   0x000000
        .romdata___init.o    romdata   0x005d18    program   0x000000
         .romdata_c018i.o    romdata   0x005d18    program   0x000000
        .romdata_timers.o    romdata   0x005d18    program   0x000000
         .romdata_queue.o    romdata   0x005d18    program   0x000000
         .idata_tasks.o_i    romdata   0x005d18    program   0x00000f
        .idata_timers.o_i    romdata   0x005d18    program   0x000000
         .romdata_tasks.o    romdata   0x005d18    program   0x000000
      .romdata_croutine.o    romdata   0x005d18    program   0x000000
          .romdata_main.o    romdata   0x005d18    program   0x000000
        .romdata_heap_1.o    romdata   0x005d18    program   0x000000
          .romdata_list.o    romdata   0x005d18    program   0x000000
     .romdata_heartBeat.o    romdata   0x005d18    program   0x000000
          .romdata_port.o    romdata   0x005d18    program   0x000000
         .romdata_board.o    romdata   0x005d18    program   0x000000
  .romdata_event_groups.o    romdata   0x005d18    program   0x000000
          .idata_port.o_i    romdata   0x005d27    program   0x000000
        .idata_t1open.o_i    romdata   0x005d27    program   0x000000
          .idata_list.o_i    romdata   0x005d27    program   0x000000
         .idata_queue.o_i    romdata   0x005d27    program   0x000000
     .idata_heartBeat.o_i    romdata   0x005d27    program   0x000003
          .idata_main.o_i    romdata   0x005d27    program   0x000000
        .idata_heap_1.o_i    romdata   0x005d2a    program   0x000004
      .idata_fxd3232u.o_i    romdata   0x005d2e    program   0x000000
  .idata_event_groups.o_i    romdata   0x005d2e    program   0x000000
      .idata_croutine.o_i    romdata   0x005d2e    program   0x000009
        .idata___init.o_i    romdata   0x005d37    program   0x000000
         .idata_c018i.o_i    romdata   0x005d37    program   0x000000
         .idata_board.o_i    romdata   0x005d37    program   0x000000
           .code_timers.o       code   0x005d38    program   0x000000
           .code_u1defs.o       code   0x005d38    program   0x000000
            .code_c018i.o       code   0x005d38    program   0x000000
     .config_1fff8_main.o    romdata   0x01fff8    program   0x000001
     .config_1fff9_main.o    romdata   0x01fff9    program   0x000001
     .config_1fffa_main.o    romdata   0x01fffa    program   0x000001
     .config_1fffb_main.o    romdata   0x01fffb    program   0x000001
     .config_1fffd_main.o    romdata   0x01fffd    program   0x000001
                MATH_DATA      udata   0x000000       data   0x000010
                 .tmpdata      udata   0x000010       data   0x000008
 Uart_TransmitHandler_tmp      udata   0x000018       data   0x000002
  Uart_ReceiveHandler_tmp      udata   0x00001a       data   0x000002
                DELAYDAT1      udata   0x00001c       data   0x000001
                 uartdata      idata   0x000400       data   0x000107
          .udata_heap_1.o      udata   0x000800       data   0x000400
                   .stack      udata   0x000d00       data   0x000100
        .udata_croutine.o      udata   0x000e00       data   0x00004c
           .idata_tasks.o      idata   0x000e4c       data   0x00000f
        .idata_croutine.o      idata   0x000e5b       data   0x000009
          .idata_heap_1.o      idata   0x000e64       data   0x000004
       .idata_heartBeat.o      idata   0x000e68       data   0x000003
           .udata_board.o      udata   0x000e6b       data   0x000001
    .udata_event_groups.o      udata   0x000e6c       data   0x000000
          .udata___init.o      udata   0x000e6c       data   0x000000
          .idata_u1defs.o      idata   0x000e6c       data   0x000000
       .idata_tmrccpsrc.o      idata   0x000e6c       data   0x000000
       .udata_tmrccpsrc.o      udata   0x000e6c       data   0x000000
          .idata_u1read.o      idata   0x000e6c       data   0x000000
          .udata_u1read.o      udata   0x000e6c       data   0x000000
          .idata_t1open.o      idata   0x000e6c       data   0x000000
          .udata_t1open.o      udata   0x000e6c       data   0x000000
          .idata_u1open.o      idata   0x000e6c       data   0x000000
          .udata_u1open.o      udata   0x000e6c       data   0x000000
        .idata_fxd3232u.o      idata   0x000e6c       data   0x000000
        .udata_fxd3232u.o      udata   0x000e6c       data   0x000000
           .idata_c018i.o      idata   0x000e6c       data   0x000000
            .udata_list.o      udata   0x000e6c       data   0x000000
            .idata_list.o      idata   0x000e6c       data   0x000000
           .udata_queue.o      udata   0x000e6c       data   0x000000
           .idata_queue.o      idata   0x000e6c       data   0x000000
          .idata___init.o      idata   0x000e6c       data   0x000000
          .udata_timers.o      udata   0x000e6c       data   0x000000
          .idata_timers.o      idata   0x000e6c       data   0x000000
    .idata_event_groups.o      idata   0x000e6c       data   0x000000
            .udata_port.o      udata   0x000e6c       data   0x000000
            .idata_port.o      idata   0x000e6c       data   0x000000
           .idata_board.o      idata   0x000e6c       data   0x000000
       .udata_heartBeat.o      udata   0x000e6c       data   0x000000
            .udata_main.o      udata   0x000e6c       data   0x000000
            .idata_main.o      idata   0x000e6c       data   0x000000
     .udata_uart_driver.o      udata   0x000e6c       data   0x000000
     .idata_uart_driver.o      idata   0x000e6c       data   0x000000
              SFR_BANKED0      udata   0x000e80       data   0x000006
              SFR_BANKED1      udata   0x000e8a       data   0x000001
              SFR_BANKED2      udata   0x000e97       data   0x000003
              SFR_BANKED3      udata   0x000ea0       data   0x000001
              SFR_BANKED4      udata   0x000ea2       data   0x000003
              SFR_BANKED5      udata   0x000ea6       data   0x000002
              SFR_BANKED6      udata   0x000eaa       data   0x000002
              SFR_BANKED7      udata   0x000eb2       data   0x000001
              SFR_BANKED8      udata   0x000eb4       data   0x000001
              SFR_BANKED9      udata   0x000eb6       data   0x000004
             SFR_BANKED10      udata   0x000ec0       data   0x000012
             SFR_BANKED11      udata   0x000ed4       data   0x000002
             SFR_BANKED12      udata   0x000ed8       data   0x000002
             SFR_BANKED13      udata   0x000ee2       data   0x000016
             SFR_BANKED14      udata   0x000efb       data   0x000001
             SFR_BANKED15      udata   0x000efd       data   0x000002
           .udata_tasks.o      udata   0x000f00       data   0x000055
           .udata_c018i.o      udata   0x000f55       data   0x00000a
          .udata_u1defs.o      udata   0x000f5f       data   0x000001
            SFR_UNBANKED0      udata   0x000f60       data   0x0000a0



                              Program Memory Usage 
                               Start         End      
                           ---------   ---------      
                            0x000000    0x005d36      
                            0x01fff8    0x01fffb      
                            0x01fffd    0x01fffd      
            23868 out of 131072 program addresses used, program memory utilization is 18%



                              Symbols - Sorted by Name
                     Name    Address   Location    Storage File                     
                ---------  ---------  ---------  --------- ---------                
                 BRD_init   0x005bfa    program     extern C:\Users\JO\Desktop\ongoing_projects\PIC18F67J60_RTOS_UART\test\board.c
                    D1K_1   0x005bca    program     static E:\c18v3.46\pic18-lt\cxx-framework\src\traditional\delays\d1ktcyx.asm
                     D1Kx   0x005bc8    program     static E:\c18v3.46\pic18-lt\cxx-framework\src\traditional\delays\d1ktcyx.asm
              Delay1KTCYx   0x005bbe    program     extern E:\c18v3.46\pic18-lt\cxx-framework\src\traditional\delays\d1ktcyx.asm
                 FXD3232U   0x005a9e    program     extern E:\c18v3.46\pic18-lt\cxx-framework\src\traditional\math\fxd3232u.c
                  HB_init   0x005a54    program     extern C:\Users\JO\Desktop\ongoing_projects\PIC18F67J60_RTOS_UART\test\heartBeat.c
                  HB_task   0x005a5a    program     extern C:\Users\JO\Desktop\ongoing_projects\PIC18F67J60_RTOS_UART\test\heartBeat.c
               Open1USART   0x00597a    program     extern E:\c18v3.46\pic18-lt\cxx-framework\src\pmc_common\USART\u1open.c
               OpenTimer1   0x005ae6    program     extern E:\c18v3.46\pic18-lt\cxx-framework\src\pmc_common\Timers\t1open.c
               Read1USART   0x005b28    program     extern E:\c18v3.46\pic18-lt\cxx-framework\src\pmc_common\USART\u1read.c
             SetTmrCCPSrc   0x005b66    program     extern E:\c18v3.46\pic18-lt\cxx-framework\src\pmc_common\Timers\tmrccpsrc.c
             UART_hasData   0x005656    program     extern C:\Users\JO\Desktop\ongoing_projects\PIC18F67J60_RTOS_UART\test\uart_driver.c
                UART_init   0x0053f0    program     extern C:\Users\JO\Desktop\ongoing_projects\PIC18F67J60_RTOS_UART\test\uart_driver.c
                UART_read   0x005690    program     extern C:\Users\JO\Desktop\ongoing_projects\PIC18F67J60_RTOS_UART\test\uart_driver.c
            UART_transmit   0x005556    program     extern C:\Users\JO\Desktop\ongoing_projects\PIC18F67J60_RTOS_UART\test\uart_driver.c
               UART_write   0x0054c6    program     extern C:\Users\JO\Desktop\ongoing_projects\PIC18F67J60_RTOS_UART\test\uart_driver.c
      Uart_ReceiveHandler   0x00525a    program     extern C:\Users\JO\Desktop\ongoing_projects\PIC18F67J60_RTOS_UART\test\uart_driver.c
     Uart_TransmitHandler   0x00533a    program     extern C:\Users\JO\Desktop\ongoing_projects\PIC18F67J60_RTOS_UART\test\uart_driver.c
              _4jContinue   0x005a32    program     static E:\c18v3.46\pic18-lt\cxx-framework\src\traditional\stdclib\memcpy.asm
                   _5jEnd   0x005a3c    program     static E:\c18v3.46\pic18-lt\cxx-framework\src\traditional\stdclib\memcpy.asm
        _D1KTCYXCODE_0010   0x005bce    program     static E:\c18v3.46\pic18-lt\cxx-framework\src\traditional\delays\d1ktcyx.asm
        _D1KTCYXCODE_0016   0x005bd4    program     static E:\c18v3.46\pic18-lt\cxx-framework\src\traditional\delays\d1ktcyx.asm
           ___?:_lbl00021   0x00035a    program     static                          
           ___?:_lbl00022   0x00034e    program     static                          
           ___?:_lbl00057   0x000708    program     static                          
           ___?:_lbl00058   0x0006fc    program     static                          
         ___else_lbl00002   0x0001d6    program     static                          
         ___else_lbl00002   0x001d88    program     static                          
         ___else_lbl00004   0x000200    program     static                          
         ___else_lbl00004   0x001d8a    program     static                          
         ___else_lbl00005   0x0031cc    program     static                          
         ___else_lbl00006   0x001d8c    program     static                          
         ___else_lbl00006   0x00022e    program     static                          
         ___else_lbl00007   0x003154    program     static                          
         ___else_lbl00008   0x000230    program     static                          
         ___else_lbl00008   0x003f7c    program     static                          
         ___else_lbl00009   0x00320e    program     static                          
         ___else_lbl00010   0x000202    program     static                          
         ___else_lbl00011   0x003292    program     static                          
         ___else_lbl00014   0x0002da    program     static                          
         ___else_lbl00014   0x0032a4    program     static                          
         ___else_lbl00016   0x000302    program     static                          
         ___else_lbl00016   0x004136    program     static                          
         ___else_lbl00018   0x003390    program     static                          
         ___else_lbl00018   0x000304    program     static                          
         ___else_lbl00020   0x002014    program     static                          
         ___else_lbl00020   0x0033d4    program     static                          
         ___else_lbl00022   0x002016    program     static                          
         ___else_lbl00022   0x0033ea    program     static                          
         ___else_lbl00024   0x0033be    program     static                          
         ___else_lbl00024   0x000390    program     static                          
         ___else_lbl00026   0x003392    program     static                          
         ___else_lbl00026   0x00205e    program     static                          
         ___else_lbl00026   0x0003d8    program     static                          
         ___else_lbl00028   0x002040    program     static                          
         ___else_lbl00028   0x0042f4    program     static                          
         ___else_lbl00028   0x003478    program     static                          
         ___else_lbl00030   0x0034fa    program     static                          
         ___else_lbl00030   0x002022    program     static                          
         ___else_lbl00030   0x00043c    program     static                          
         ___else_lbl00032   0x0034fc    program     static                          
         ___else_lbl00035   0x003508    program     static                          
         ___else_lbl00037   0x002172    program     static                          
         ___else_lbl00039   0x00218c    program     static                          
         ___else_lbl00056   0x0006da    program     static                          
         ___else_lbl00057   0x002408    program     static                          
         ___else_lbl00059   0x00240a    program     static                          
         ___else_lbl00060   0x000782    program     static                          
         ___else_lbl00061   0x00247a    program     static                          
         ___else_lbl00062   0x000784    program     static                          
         ___else_lbl00063   0x00247c    program     static                          
         ___else_lbl00064   0x0007a8    program     static                          
         ___else_lbl00065   0x00240c    program     static                          
         ___else_lbl00066   0x000786    program     static                          
         ___else_lbl00068   0x00082e    program     static                          
         ___else_lbl00069   0x0024c4    program     static                          
         ___else_lbl00070   0x00089e    program     static                          
         ___else_lbl00071   0x0024a6    program     static                          
         ___else_lbl00073   0x002488    program     static                          
         ___else_lbl00073   0x00092a    program     static                          
         ___else_lbl00075   0x000936    program     static                          
         ___else_lbl00079   0x0025d6    program     static                          
         ___else_lbl00081   0x0025d8    program     static                          
         ___else_lbl00083   0x0025f0    program     static                          
         ___else_lbl00090   0x000b24    program     static                          
         ___else_lbl00094   0x000b44    program     static                          
         ___else_lbl00096   0x000b4c    program     static                          
         ___else_lbl00098   0x000b62    program     static                          
         ___else_lbl00101   0x000b64    program     static                          
         ___else_lbl00128   0x002db6    program     static                          
         ___else_lbl00130   0x002db8    program     static                          
         ___else_lbl00135   0x002e70    program     static                          
         ___else_lbl00137   0x002e88    program     static                          
         ___else_lbl00141   0x002ede    program     static                          
         ___else_lbl00148   0x002f74    program     static                          
         ___else_lbl00155   0x0015d0    program     static                          
         ___else_lbl00157   0x00153c    program     static                          
         ___else_lbl00183   0x00190c    program     static                          
          ___for_lbl00016   0x0021a8    program     static                          
          ___for_lbl00017   0x0021aa    program     static                          
          ___for_lbl00040   0x001f5c    program     static                          
          ___for_lbl00054   0x00260a    program     static                          
          ___for_lbl00055   0x00260c    program     static                          
          ___for_lbl00084   0x002338    program     static                          
           ___if_lbl00001   0x0001d6    program     static                          
           ___if_lbl00001   0x001d88    program     static                          
           ___if_lbl00003   0x001d8a    program     static                          
           ___if_lbl00003   0x000200    program     static                          
           ___if_lbl00004   0x0031e4    program     static                          
           ___if_lbl00005   0x001ddc    program     static                          
           ___if_lbl00005   0x00022e    program     static                          
           ___if_lbl00006   0x0031e4    program     static                          
           ___if_lbl00007   0x000230    program     static                          
           ___if_lbl00007   0x001de2    program     static                          
           ___if_lbl00007   0x003f86    program     static                          
           ___if_lbl00008   0x00320e    program     static                          
           ___if_lbl00009   0x000230    program     static                          
           ___if_lbl00010   0x003292    program     static                          
           ___if_lbl00011   0x00026e    program     static                          
           ___if_lbl00012   0x003298    program     static                          
           ___if_lbl00012   0x0002d8    program     static                          
           ___if_lbl00013   0x0002dc    program     static                          
           ___if_lbl00013   0x0032a4    program     static                          
           ___if_lbl00015   0x000302    program     static                          
           ___if_lbl00015   0x0032b2    program     static                          
           ___if_lbl00015   0x004140    program     static                          
           ___if_lbl00017   0x003390    program     static                          
           ___if_lbl00017   0x000304    program     static                          
           ___if_lbl00018   0x000010    program     static                          
           ___if_lbl00019   0x002014    program     static                          
           ___if_lbl00019   0x0033d4    program     static                          
           ___if_lbl00019   0x000304    program     static                          
           ___if_lbl00019   0x000018    program     static                          
           ___if_lbl00020   0x000020    program     static                          
           ___if_lbl00021   0x002016    program     static                          
           ___if_lbl00021   0x0033ea    program     static                          
           ___if_lbl00023   0x00201c    program     static                          
           ___if_lbl00023   0x000390    program     static                          
           ___if_lbl00023   0x00344e    program     static                          
           ___if_lbl00024   0x004224    program     static                          
           ___if_lbl00024   0x00203a    program     static                          
           ___if_lbl00025   0x00205e    program     static                          
           ___if_lbl00025   0x00344e    program     static                          
           ___if_lbl00025   0x0003d8    program     static                          
           ___if_lbl00027   0x003478    program     static                          
           ___if_lbl00027   0x0042fe    program     static                          
           ___if_lbl00027   0x00205e    program     static                          
           ___if_lbl00027   0x00041a    program     static                          
           ___if_lbl00028   0x00044c    program     static                          
           ___if_lbl00029   0x00044c    program     static                          
           ___if_lbl00029   0x00205e    program     static                          
           ___if_lbl00029   0x0034fa    program     static                          
           ___if_lbl00031   0x002064    program     static                          
           ___if_lbl00031   0x00044c    program     static                          
           ___if_lbl00031   0x0034fc    program     static                          
           ___if_lbl00032   0x00209e    program     static                          
           ___if_lbl00033   0x003502    program     static                          
           ___if_lbl00033   0x0020ce    program     static                          
           ___if_lbl00034   0x003508    program     static                          
           ___if_lbl00034   0x0020d4    program     static                          
           ___if_lbl00035   0x002170    program     static                          
           ___if_lbl00036   0x003516    program     static                          
           ___if_lbl00036   0x00218a    program     static                          
           ___if_lbl00038   0x003592    program     static                          
           ___if_lbl00038   0x0021a8    program     static                          
           ___if_lbl00055   0x0006da    program     static                          
           ___if_lbl00056   0x002408    program     static                          
           ___if_lbl00058   0x00240a    program     static                          
           ___if_lbl00059   0x000782    program     static                          
           ___if_lbl00060   0x00247a    program     static                          
           ___if_lbl00061   0x000784    program     static                          
           ___if_lbl00062   0x00247c    program     static                          
           ___if_lbl00063   0x0007a8    program     static                          
           ___if_lbl00064   0x00247c    program     static                          
           ___if_lbl00065   0x0007a8    program     static                          
           ___if_lbl00066   0x002482    program     static                          
           ___if_lbl00067   0x0024a0    program     static                          
           ___if_lbl00067   0x00082e    program     static                          
           ___if_lbl00068   0x0024c4    program     static                          
           ___if_lbl00069   0x00089e    program     static                          
           ___if_lbl00070   0x0024c4    program     static                          
           ___if_lbl00071   0x0008d0    program     static                          
           ___if_lbl00072   0x00092a    program     static                          
           ___if_lbl00072   0x0024c4    program     static                          
           ___if_lbl00074   0x000936    program     static                          
           ___if_lbl00074   0x0024ca    program     static                          
           ___if_lbl00075   0x002504    program     static                          
           ___if_lbl00076   0x000936    program     static                          
           ___if_lbl00076   0x002534    program     static                          
           ___if_lbl00077   0x00093c    program     static                          
           ___if_lbl00077   0x00253a    program     static                          
           ___if_lbl00078   0x0025d6    program     static                          
           ___if_lbl00080   0x0025ee    program     static                          
           ___if_lbl00082   0x00260a    program     static                          
           ___if_lbl00088   0x000aa0    program     static                          
           ___if_lbl00089   0x000b24    program     static                          
           ___if_lbl00093   0x000b44    program     static                          
           ___if_lbl00095   0x000b4c    program     static                          
           ___if_lbl00097   0x000b62    program     static                          
           ___if_lbl00099   0x000b62    program     static                          
           ___if_lbl00100   0x000b64    program     static                          
           ___if_lbl00100   0x00285a    program     static                          
           ___if_lbl00102   0x0028ca    program     static                          
           ___if_lbl00102   0x000b6a    program     static                          
           ___if_lbl00104   0x000ba8    program     static                          
           ___if_lbl00127   0x002db6    program     static                          
           ___if_lbl00129   0x002dba    program     static                          
           ___if_lbl00131   0x002dee    program     static                          
           ___if_lbl00134   0x002e70    program     static                          
           ___if_lbl00136   0x002e8a    program     static                          
           ___if_lbl00138   0x002ea8    program     static                          
           ___if_lbl00140   0x002ee0    program     static                          
           ___if_lbl00142   0x002ee6    program     static                          
           ___if_lbl00147   0x002f76    program     static                          
           ___if_lbl00149   0x002f7c    program     static                          
           ___if_lbl00154   0x0015d4    program     static                          
           ___if_lbl00156   0x0015d4    program     static                          
           ___if_lbl00158   0x0015da    program     static                          
           ___if_lbl00181   0x0018f8    program     static                          
           ___if_lbl00182   0x00190c    program     static                          
       ___return_lbl00000   0x000004    program     static                          
       ___return_lbl00000   0x000308    program     static                          
       ___return_lbl00000   0x001de6    program     static                          
       ___return_lbl00000   0x005ae4    program     static                          
       ___return_lbl00001   0x005bf8    program     static                          
       ___return_lbl00002   0x005978    program     static                          
       ___return_lbl00003   0x0032c8    program     static                          
       ___return_lbl00004   0x003f8a    program     static                          
       ___return_lbl00010   0x004140    program     static                          
       ___return_lbl00015   0x0021aa    program     static                          
       ___return_lbl00016   0x00352c    program     static                          
       ___return_lbl00017   0x000020    program     static                          
       ___return_lbl00020   0x00044c    program     static                          
       ___return_lbl00021   0x0042fe    program     static                          
       ___return_lbl00037   0x0035a8    program     static                          
       ___return_lbl00053   0x00260c    program     static                          
       ___return_lbl00054   0x00093c    program     static                          
       ___return_lbl00085   0x000b70    program     static                          
       ___return_lbl00099   0x00285e    program     static                          
       ___return_lbl00101   0x0028ce    program     static                          
       ___return_lbl00103   0x000bba    program     static                          
       ___return_lbl00124   0x002ea8    program     static                          
       ___return_lbl00139   0x002eea    program     static                          
       ___return_lbl00146   0x002f80    program     static                          
       ___return_lbl00152   0x0015de    program     static                          
       ___return_lbl00178   0x00190e    program     static                          
        ___while_lbl00005   0x003ec6    program     static                          
        ___while_lbl00006   0x003edc    program     static                          
        ___while_lbl00011   0x004036    program     static                          
        ___while_lbl00012   0x00404c    program     static                          
        ___while_lbl00013   0x004080    program     static                          
        ___while_lbl00014   0x004096    program     static                          
        ___while_lbl00022   0x0041ea    program     static                          
        ___while_lbl00023   0x004200    program     static                          
        ___while_lbl00025   0x00423e    program     static                          
        ___while_lbl00026   0x004254    program     static                          
        ___while_lbl00086   0x0009fe    program     static                          
        ___while_lbl00087   0x000b26    program     static                          
        ___while_lbl00091   0x000b2e    program     static                          
        ___while_lbl00092   0x000b4a    program     static                          
        ___while_lbl00125   0x002d3a    program     static                          
        ___while_lbl00126   0x002dd2    program     static                          
        ___while_lbl00132   0x002df4    program     static                          
        ___while_lbl00133   0x002e8c    program     static                          
        ___while_lbl00179   0x00187a    program     static                          
        ___while_lbl00180   0x00190e    program     static                          
               __config_0   0x01fff8    program     static C:\Users\JO\Desktop\ongoing_projects\PIC18F67J60_RTOS_UART\test\main.c
               __config_1   0x01fff9    program     static C:\Users\JO\Desktop\ongoing_projects\PIC18F67J60_RTOS_UART\test\main.c
               __config_2   0x01fffa    program     static C:\Users\JO\Desktop\ongoing_projects\PIC18F67J60_RTOS_UART\test\main.c
               __config_3   0x01fffb    program     static C:\Users\JO\Desktop\ongoing_projects\PIC18F67J60_RTOS_UART\test\main.c
               __config_4   0x01fffd    program     static C:\Users\JO\Desktop\ongoing_projects\PIC18F67J60_RTOS_UART\test\main.c
                   __init   0x000006    program     extern E:\c18v3.46\pic18-lt\cxx-framework\src\traditional\stdclib\__init.c
               __string_0   0x005c0b    program     static C:\Users\JO\Desktop\ongoing_projects\PIC18F67J60_RTOS_UART\test\main.c
               __string_0   0x005c06    program     static C:\Users\JO\Desktop\ongoing_projects\PIC18F67J60_RTOS_UART\Source\tasks.c
               __tmplbl_0   0x001f9c    program     static                          
               __tmplbl_1   0x001f94    program     static                          
               __tmplbl_4   0x001536    program     static                          
               __tmplbl_4   0x002d60    program     static                          
               __tmplbl_5   0x001506    program     static                          
               __tmplbl_5   0x002e1a    program     static                          
               __tmplbl_6   0x001890    program     static                          
               __tmplbl_7   0x00188c    program     static                          
            __zero_memory   0x005b92    program     extern E:\c18v3.46\pic18-lt\cxx-framework\src\traditional\proc\p18f67j60.asm
                _do_cinit   0x0058dc    program     extern E:\c18v3.46\pic18-lt\cxx-framework\src\traditional\startup\c018i.c
                   _entry   0x000000    program     extern E:\c18v3.46\pic18-lt\cxx-framework\src\traditional\startup\c018i.c
                   _false   0x005ae0    program     static                          
                 _startup   0x005bde    program     extern E:\c18v3.46\pic18-lt\cxx-framework\src\traditional\startup\c018i.c
                  appTask   0x005898    program     extern C:\Users\JO\Desktop\ongoing_projects\PIC18F67J60_RTOS_UART\test\main.c
                compare_l   0x005bb4    program     static E:\c18v3.46\pic18-lt\cxx-framework\src\traditional\proc\p18f67j60.asm
                copy_loop   0x00594e    program     static                          
            copy_one_byte   0x005954    program     static                          
                     done   0x005978    program     static                          
             done_copying   0x005962    program     static                          
                     jEnd   0x005a42    program     static E:\c18v3.46\pic18-lt\cxx-framework\src\traditional\stdclib\memcpy.asm
                    jLoop   0x005a26    program     static E:\c18v3.46\pic18-lt\cxx-framework\src\traditional\stdclib\memcpy.asm
                     loop   0x005bee    program     static                          
                     loop   0x005aac    program     static                          
                   loop_h   0x005bac    program     static E:\c18v3.46\pic18-lt\cxx-framework\src\traditional\proc\p18f67j60.asm
                   loop_l   0x005bb6    program     static E:\c18v3.46\pic18-lt\cxx-framework\src\traditional\proc\p18f67j60.asm
                     main   0x005806    program     extern C:\Users\JO\Desktop\ongoing_projects\PIC18F67J60_RTOS_UART\test\main.c
                   memcpy   0x0059fe    program     extern E:\c18v3.46\pic18-lt\cxx-framework\src\traditional\stdclib\memcpy.asm
prvAddCurrentTaskToDelayedList   0x001922    program     extern C:\Users\JO\Desktop\ongoing_projects\PIC18F67J60_RTOS_UART\Source\tasks.c
   prvAllocateTCBAndStack   0x0019f6    program     extern C:\Users\JO\Desktop\ongoing_projects\PIC18F67J60_RTOS_UART\Source\tasks.c
      prvCheckDelayedList   0x004892    program     extern C:\Users\JO\Desktop\ongoing_projects\PIC18F67J60_RTOS_UART\Source\croutine.c
 prvCheckPendingReadyList   0x004772    program     extern C:\Users\JO\Desktop\ongoing_projects\PIC18F67J60_RTOS_UART\Source\croutine.c
prvCheckTasksWaitingTermination   0x00186e    program     extern C:\Users\JO\Desktop\ongoing_projects\PIC18F67J60_RTOS_UART\Source\tasks.c
     prvCopyDataFromQueue   0x002c0c    program     static C:\Users\JO\Desktop\ongoing_projects\PIC18F67J60_RTOS_UART\Source\queue.c
       prvCopyDataToQueue   0x002976    program     static C:\Users\JO\Desktop\ongoing_projects\PIC18F67J60_RTOS_UART\Source\queue.c
             prvDeleteTCB   0x001acc    program     extern C:\Users\JO\Desktop\ongoing_projects\PIC18F67J60_RTOS_UART\Source\tasks.c
              prvIdleTask   0x0015fe    program     extern C:\Users\JO\Desktop\ongoing_projects\PIC18F67J60_RTOS_UART\Source\tasks.c
prvInitialiseCoRoutineLists   0x004bde    program     extern C:\Users\JO\Desktop\ongoing_projects\PIC18F67J60_RTOS_UART\Source\croutine.c
prvInitialiseTCBVariables   0x001620    program     extern C:\Users\JO\Desktop\ongoing_projects\PIC18F67J60_RTOS_UART\Source\tasks.c
   prvInitialiseTaskLists   0x0017d6    program     extern C:\Users\JO\Desktop\ongoing_projects\PIC18F67J60_RTOS_UART\Source\tasks.c
          prvIsQueueEmpty   0x002eb0    program     static C:\Users\JO\Desktop\ongoing_projects\PIC18F67J60_RTOS_UART\Source\queue.c
           prvIsQueueFull   0x002f2c    program     static C:\Users\JO\Desktop\ongoing_projects\PIC18F67J60_RTOS_UART\Source\queue.c
          prvLowInterrupt   0x000008    program     static C:\Users\JO\Desktop\ongoing_projects\PIC18F67J60_RTOS_UART\Source\portable\port.c
prvResetNextTaskUnblockTime   0x001b14    program     extern C:\Users\JO\Desktop\ongoing_projects\PIC18F67J60_RTOS_UART\Source\tasks.c
   prvSetupTimerInterrupt   0x004300    program     static C:\Users\JO\Desktop\ongoing_projects\PIC18F67J60_RTOS_UART\Source\portable\port.c
     prvTestWaitCondition   0x0039bc    program     static C:\Users\JO\Desktop\ongoing_projects\PIC18F67J60_RTOS_UART\Source\event_groups.c
               prvTickISR   0x004142    program     static C:\Users\JO\Desktop\ongoing_projects\PIC18F67J60_RTOS_UART\Source\portable\port.c
           prvUnlockQueue   0x002d2c    program     static C:\Users\JO\Desktop\ongoing_projects\PIC18F67J60_RTOS_UART\Source\queue.c
             pvPortMalloc   0x0056f8    program     extern C:\Users\JO\Desktop\ongoing_projects\PIC18F67J60_RTOS_UART\Source\portable\heap_1.c
    pxPortInitialiseStack   0x003a38    program     extern C:\Users\JO\Desktop\ongoing_projects\PIC18F67J60_RTOS_UART\Source\portable\port.c
                     test   0x0058f6    program     static                          
             uxListRemove   0x00510e    program     extern C:\Users\JO\Desktop\ongoing_projects\PIC18F67J60_RTOS_UART\Source\list.c
   uxQueueMessagesWaiting   0x00282c    program     extern C:\Users\JO\Desktop\ongoing_projects\PIC18F67J60_RTOS_UART\Source\queue.c
uxQueueMessagesWaitingFromISR   0x0028e6    program     extern C:\Users\JO\Desktop\ongoing_projects\PIC18F67J60_RTOS_UART\Source\queue.c
   uxQueueSpacesAvailable   0x002868    program     extern C:\Users\JO\Desktop\ongoing_projects\PIC18F67J60_RTOS_UART\Source\queue.c
   uxTaskGetNumberOfTasks   0x000c0c    program     extern C:\Users\JO\Desktop\ongoing_projects\PIC18F67J60_RTOS_UART\Source\tasks.c
uxTaskResetEventItemValue   0x001b92    program     extern C:\Users\JO\Desktop\ongoing_projects\PIC18F67J60_RTOS_UART\Source\tasks.c
vCoRoutineAddToDelayedList   0x00462a    program     extern C:\Users\JO\Desktop\ongoing_projects\PIC18F67J60_RTOS_UART\Source\croutine.c
       vCoRoutineSchedule   0x004a7a    program     extern C:\Users\JO\Desktop\ongoing_projects\PIC18F67J60_RTOS_UART\Source\croutine.c
vEventGroupClearBitsCallback   0x00398a    program     extern C:\Users\JO\Desktop\ongoing_projects\PIC18F67J60_RTOS_UART\Source\event_groups.c
        vEventGroupDelete   0x0038a8    program     extern C:\Users\JO\Desktop\ongoing_projects\PIC18F67J60_RTOS_UART\Source\event_groups.c
vEventGroupSetBitsCallback   0x003958    program     extern C:\Users\JO\Desktop\ongoing_projects\PIC18F67J60_RTOS_UART\Source\event_groups.c
          vListInitialise   0x004d54    program     extern C:\Users\JO\Desktop\ongoing_projects\PIC18F67J60_RTOS_UART\Source\list.c
      vListInitialiseItem   0x004e3c    program     extern C:\Users\JO\Desktop\ongoing_projects\PIC18F67J60_RTOS_UART\Source\list.c
              vListInsert   0x004f5c    program     extern C:\Users\JO\Desktop\ongoing_projects\PIC18F67J60_RTOS_UART\Source\list.c
           vListInsertEnd   0x004e60    program     extern C:\Users\JO\Desktop\ongoing_projects\PIC18F67J60_RTOS_UART\Source\list.c
        vPortEndScheduler   0x003f8c    program     extern C:\Users\JO\Desktop\ongoing_projects\PIC18F67J60_RTOS_UART\Source\portable\port.c
                vPortFree   0x0057d0    program     extern C:\Users\JO\Desktop\ongoing_projects\PIC18F67J60_RTOS_UART\Source\portable\heap_1.c
    vPortInitialiseBlocks   0x0057e0    program     extern C:\Users\JO\Desktop\ongoing_projects\PIC18F67J60_RTOS_UART\Source\portable\heap_1.c
               vPortYield   0x003f8e    program     extern C:\Users\JO\Desktop\ongoing_projects\PIC18F67J60_RTOS_UART\Source\portable\port.c
             vQueueDelete   0x002916    program     extern C:\Users\JO\Desktop\ongoing_projects\PIC18F67J60_RTOS_UART\Source\queue.c
               vTaskDelay   0x0005fa    program     extern C:\Users\JO\Desktop\ongoing_projects\PIC18F67J60_RTOS_UART\Source\tasks.c
          vTaskDelayUntil   0x000460    program     extern C:\Users\JO\Desktop\ongoing_projects\PIC18F67J60_RTOS_UART\Source\tasks.c
              vTaskDelete   0x000320    program     extern C:\Users\JO\Desktop\ongoing_projects\PIC18F67J60_RTOS_UART\Source\tasks.c
        vTaskEndScheduler   0x0009c0    program     extern C:\Users\JO\Desktop\ongoing_projects\PIC18F67J60_RTOS_UART\Source\tasks.c
         vTaskMissedYield   0x0015f6    program     extern C:\Users\JO\Desktop\ongoing_projects\PIC18F67J60_RTOS_UART\Source\tasks.c
    vTaskPlaceOnEventList   0x000fec    program     extern C:\Users\JO\Desktop\ongoing_projects\PIC18F67J60_RTOS_UART\Source\tasks.c
vTaskPlaceOnUnorderedEventList   0x0010a2    program     extern C:\Users\JO\Desktop\ongoing_projects\PIC18F67J60_RTOS_UART\Source\tasks.c
         vTaskPrioritySet   0x0006ae    program     extern C:\Users\JO\Desktop\ongoing_projects\PIC18F67J60_RTOS_UART\Source\tasks.c
     vTaskSetTimeOutState   0x00149e    program     extern C:\Users\JO\Desktop\ongoing_projects\PIC18F67J60_RTOS_UART\Source\tasks.c
      vTaskStartScheduler   0x000950    program     extern C:\Users\JO\Desktop\ongoing_projects\PIC18F67J60_RTOS_UART\Source\tasks.c
          vTaskSuspendAll   0x0009cc    program     extern C:\Users\JO\Desktop\ongoing_projects\PIC18F67J60_RTOS_UART\Source\tasks.c
       vTaskSwitchContext   0x000ebc    program     extern C:\Users\JO\Desktop\ongoing_projects\PIC18F67J60_RTOS_UART\Source\tasks.c
         xCoRoutineCreate   0x0043ce    program     extern C:\Users\JO\Desktop\ongoing_projects\PIC18F67J60_RTOS_UART\Source\croutine.c
xCoRoutineRemoveFromEventList   0x004c66    program     extern C:\Users\JO\Desktop\ongoing_projects\PIC18F67J60_RTOS_UART\Source\croutine.c
     xEventGroupClearBits   0x003540    program     extern C:\Users\JO\Desktop\ongoing_projects\PIC18F67J60_RTOS_UART\Source\event_groups.c
        xEventGroupCreate   0x002fdc    program     extern C:\Users\JO\Desktop\ongoing_projects\PIC18F67J60_RTOS_UART\Source\event_groups.c
xEventGroupGetBitsFromISR   0x0035bc    program     extern C:\Users\JO\Desktop\ongoing_projects\PIC18F67J60_RTOS_UART\Source\event_groups.c
       xEventGroupSetBits   0x003624    program     extern C:\Users\JO\Desktop\ongoing_projects\PIC18F67J60_RTOS_UART\Source\event_groups.c
          xEventGroupSync   0x00306c    program     extern C:\Users\JO\Desktop\ongoing_projects\PIC18F67J60_RTOS_UART\Source\event_groups.c
      xEventGroupWaitBits   0x0032dc    program     extern C:\Users\JO\Desktop\ongoing_projects\PIC18F67J60_RTOS_UART\Source\event_groups.c
     xPortGetFreeHeapSize   0x0057e8    program     extern C:\Users\JO\Desktop\ongoing_projects\PIC18F67J60_RTOS_UART\Source\portable\heap_1.c
      xPortStartScheduler   0x003eaa    program     extern C:\Users\JO\Desktop\ongoing_projects\PIC18F67J60_RTOS_UART\Source\portable\port.c
      xQueueGenericCreate   0x001dfe    program     extern C:\Users\JO\Desktop\ongoing_projects\PIC18F67J60_RTOS_UART\Source\queue.c
     xQueueGenericReceive   0x002312    program     extern C:\Users\JO\Desktop\ongoing_projects\PIC18F67J60_RTOS_UART\Source\queue.c
       xQueueGenericReset   0x001c0e    program     extern C:\Users\JO\Desktop\ongoing_projects\PIC18F67J60_RTOS_UART\Source\queue.c
        xQueueGenericSend   0x001f36    program     extern C:\Users\JO\Desktop\ongoing_projects\PIC18F67J60_RTOS_UART\Source\queue.c
 xQueueGenericSendFromISR   0x0021c2    program     extern C:\Users\JO\Desktop\ongoing_projects\PIC18F67J60_RTOS_UART\Source\queue.c
xQueueIsQueueEmptyFromISR   0x002ef4    program     extern C:\Users\JO\Desktop\ongoing_projects\PIC18F67J60_RTOS_UART\Source\queue.c
 xQueueIsQueueFullFromISR   0x002f8a    program     extern C:\Users\JO\Desktop\ongoing_projects\PIC18F67J60_RTOS_UART\Source\queue.c
        xQueuePeekFromISR   0x002764    program     extern C:\Users\JO\Desktop\ongoing_projects\PIC18F67J60_RTOS_UART\Source\queue.c
     xQueueReceiveFromISR   0x002624    program     extern C:\Users\JO\Desktop\ongoing_projects\PIC18F67J60_RTOS_UART\Source\queue.c
     xTaskCheckForTimeOut   0x0014d4    program     extern C:\Users\JO\Desktop\ongoing_projects\PIC18F67J60_RTOS_UART\Source\tasks.c
       xTaskGenericCreate   0x000060    program     extern C:\Users\JO\Desktop\ongoing_projects\PIC18F67J60_RTOS_UART\Source\tasks.c
        xTaskGetTickCount   0x000b88    program     extern C:\Users\JO\Desktop\ongoing_projects\PIC18F67J60_RTOS_UART\Source\tasks.c
 xTaskGetTickCountFromISR   0x000bce    program     extern C:\Users\JO\Desktop\ongoing_projects\PIC18F67J60_RTOS_UART\Source\tasks.c
       xTaskIncrementTick   0x000c14    program     extern C:\Users\JO\Desktop\ongoing_projects\PIC18F67J60_RTOS_UART\Source\tasks.c
 xTaskRemoveFromEventList   0x001180    program     extern C:\Users\JO\Desktop\ongoing_projects\PIC18F67J60_RTOS_UART\Source\tasks.c
xTaskRemoveFromUnorderedEventList   0x001330    program     extern C:\Users\JO\Desktop\ongoing_projects\PIC18F67J60_RTOS_UART\Source\tasks.c
           xTaskResumeAll   0x0009d2    program     extern C:\Users\JO\Desktop\ongoing_projects\PIC18F67J60_RTOS_UART\Source\tasks.c
               zero_block   0x005bac    program     static E:\c18v3.46\pic18-lt\cxx-framework\src\traditional\proc\p18f67j60.asm
                   ADCON0   0x000fc2       data     extern E:\c18v3.46\pic18-lt\cxx-framework\src\traditional\proc\p18f67j60.asm
               ADCON0bits   0x000fc2       data     extern E:\c18v3.46\pic18-lt\cxx-framework\src\traditional\proc\p18f67j60.asm
                   ADCON1   0x000fc1       data     extern E:\c18v3.46\pic18-lt\cxx-framework\src\traditional\proc\p18f67j60.asm
               ADCON1bits   0x000fc1       data     extern E:\c18v3.46\pic18-lt\cxx-framework\src\traditional\proc\p18f67j60.asm
                   ADCON2   0x000fc0       data     extern E:\c18v3.46\pic18-lt\cxx-framework\src\traditional\proc\p18f67j60.asm
               ADCON2bits   0x000fc0       data     extern E:\c18v3.46\pic18-lt\cxx-framework\src\traditional\proc\p18f67j60.asm
                    ADRES   0x000fc3       data     extern E:\c18v3.46\pic18-lt\cxx-framework\src\traditional\proc\p18f67j60.asm
                   ADRESH   0x000fc4       data     extern E:\c18v3.46\pic18-lt\cxx-framework\src\traditional\proc\p18f67j60.asm
                   ADRESL   0x000fc3       data     extern E:\c18v3.46\pic18-lt\cxx-framework\src\traditional\proc\p18f67j60.asm
                  BAUDCON   0x000f7e       data     extern E:\c18v3.46\pic18-lt\cxx-framework\src\traditional\proc\p18f67j60.asm
                 BAUDCON1   0x000f7e       data     extern E:\c18v3.46\pic18-lt\cxx-framework\src\traditional\proc\p18f67j60.asm
             BAUDCON1bits   0x000f7e       data     extern E:\c18v3.46\pic18-lt\cxx-framework\src\traditional\proc\p18f67j60.asm
              BAUDCONbits   0x000f7e       data     extern E:\c18v3.46\pic18-lt\cxx-framework\src\traditional\proc\p18f67j60.asm
                  BAUDCTL   0x000f7e       data     extern E:\c18v3.46\pic18-lt\cxx-framework\src\traditional\proc\p18f67j60.asm
                 BAUDCTL1   0x000f7e       data     extern E:\c18v3.46\pic18-lt\cxx-framework\src\traditional\proc\p18f67j60.asm
             BAUDCTL1bits   0x000f7e       data     extern E:\c18v3.46\pic18-lt\cxx-framework\src\traditional\proc\p18f67j60.asm
              BAUDCTLbits   0x000f7e       data     extern E:\c18v3.46\pic18-lt\cxx-framework\src\traditional\proc\p18f67j60.asm
                      BSR   0x000fe0       data     extern E:\c18v3.46\pic18-lt\cxx-framework\src\traditional\proc\p18f67j60.asm
                  CCP1CON   0x000fbd       data     extern E:\c18v3.46\pic18-lt\cxx-framework\src\traditional\proc\p18f67j60.asm
              CCP1CONbits   0x000fbd       data     extern E:\c18v3.46\pic18-lt\cxx-framework\src\traditional\proc\p18f67j60.asm
                  CCP2CON   0x000fba       data     extern E:\c18v3.46\pic18-lt\cxx-framework\src\traditional\proc\p18f67j60.asm
              CCP2CONbits   0x000fba       data     extern E:\c18v3.46\pic18-lt\cxx-framework\src\traditional\proc\p18f67j60.asm
                  CCP3CON   0x000fb7       data     extern E:\c18v3.46\pic18-lt\cxx-framework\src\traditional\proc\p18f67j60.asm
              CCP3CONbits   0x000fb7       data     extern E:\c18v3.46\pic18-lt\cxx-framework\src\traditional\proc\p18f67j60.asm
                  CCP4CON   0x000f73       data     extern E:\c18v3.46\pic18-lt\cxx-framework\src\traditional\proc\p18f67j60.asm
              CCP4CONbits   0x000f73       data     extern E:\c18v3.46\pic18-lt\cxx-framework\src\traditional\proc\p18f67j60.asm
                  CCP5CON   0x000f70       data     extern E:\c18v3.46\pic18-lt\cxx-framework\src\traditional\proc\p18f67j60.asm
              CCP5CONbits   0x000f70       data     extern E:\c18v3.46\pic18-lt\cxx-framework\src\traditional\proc\p18f67j60.asm
                    CCPR1   0x000fbe       data     extern E:\c18v3.46\pic18-lt\cxx-framework\src\traditional\proc\p18f67j60.asm
                   CCPR1H   0x000fbf       data     extern E:\c18v3.46\pic18-lt\cxx-framework\src\traditional\proc\p18f67j60.asm
                   CCPR1L   0x000fbe       data     extern E:\c18v3.46\pic18-lt\cxx-framework\src\traditional\proc\p18f67j60.asm
                    CCPR2   0x000fbb       data     extern E:\c18v3.46\pic18-lt\cxx-framework\src\traditional\proc\p18f67j60.asm
                   CCPR2H   0x000fbc       data     extern E:\c18v3.46\pic18-lt\cxx-framework\src\traditional\proc\p18f67j60.asm
                   CCPR2L   0x000fbb       data     extern E:\c18v3.46\pic18-lt\cxx-framework\src\traditional\proc\p18f67j60.asm
                    CCPR3   0x000fb8       data     extern E:\c18v3.46\pic18-lt\cxx-framework\src\traditional\proc\p18f67j60.asm
                   CCPR3H   0x000fb9       data     extern E:\c18v3.46\pic18-lt\cxx-framework\src\traditional\proc\p18f67j60.asm
                   CCPR3L   0x000fb8       data     extern E:\c18v3.46\pic18-lt\cxx-framework\src\traditional\proc\p18f67j60.asm
                    CCPR4   0x000f74       data     extern E:\c18v3.46\pic18-lt\cxx-framework\src\traditional\proc\p18f67j60.asm
                   CCPR4H   0x000f75       data     extern E:\c18v3.46\pic18-lt\cxx-framework\src\traditional\proc\p18f67j60.asm
                   CCPR4L   0x000f74       data     extern E:\c18v3.46\pic18-lt\cxx-framework\src\traditional\proc\p18f67j60.asm
                    CCPR5   0x000f71       data     extern E:\c18v3.46\pic18-lt\cxx-framework\src\traditional\proc\p18f67j60.asm
                   CCPR5H   0x000f72       data     extern E:\c18v3.46\pic18-lt\cxx-framework\src\traditional\proc\p18f67j60.asm
                   CCPR5L   0x000f71       data     extern E:\c18v3.46\pic18-lt\cxx-framework\src\traditional\proc\p18f67j60.asm
                    CMCON   0x000fb4       data     extern E:\c18v3.46\pic18-lt\cxx-framework\src\traditional\proc\p18f67j60.asm
                CMCONbits   0x000fb4       data     extern E:\c18v3.46\pic18-lt\cxx-framework\src\traditional\proc\p18f67j60.asm
                   CVRCON   0x000fb5       data     extern E:\c18v3.46\pic18-lt\cxx-framework\src\traditional\proc\p18f67j60.asm
               CVRCONbits   0x000fb5       data     extern E:\c18v3.46\pic18-lt\cxx-framework\src\traditional\proc\p18f67j60.asm
                     DDRA   0x000f92       data     extern E:\c18v3.46\pic18-lt\cxx-framework\src\traditional\proc\p18f67j60.asm
                 DDRAbits   0x000f92       data     extern E:\c18v3.46\pic18-lt\cxx-framework\src\traditional\proc\p18f67j60.asm
                     DDRB   0x000f93       data     extern E:\c18v3.46\pic18-lt\cxx-framework\src\traditional\proc\p18f67j60.asm
                 DDRBbits   0x000f93       data     extern E:\c18v3.46\pic18-lt\cxx-framework\src\traditional\proc\p18f67j60.asm
                     DDRC   0x000f94       data     extern E:\c18v3.46\pic18-lt\cxx-framework\src\traditional\proc\p18f67j60.asm
                 DDRCbits   0x000f94       data     extern E:\c18v3.46\pic18-lt\cxx-framework\src\traditional\proc\p18f67j60.asm
                     DDRD   0x000f95       data     extern E:\c18v3.46\pic18-lt\cxx-framework\src\traditional\proc\p18f67j60.asm
                 DDRDbits   0x000f95       data     extern E:\c18v3.46\pic18-lt\cxx-framework\src\traditional\proc\p18f67j60.asm
                     DDRE   0x000f96       data     extern E:\c18v3.46\pic18-lt\cxx-framework\src\traditional\proc\p18f67j60.asm
                 DDREbits   0x000f96       data     extern E:\c18v3.46\pic18-lt\cxx-framework\src\traditional\proc\p18f67j60.asm
                     DDRF   0x000f97       data     extern E:\c18v3.46\pic18-lt\cxx-framework\src\traditional\proc\p18f67j60.asm
                 DDRFbits   0x000f97       data     extern E:\c18v3.46\pic18-lt\cxx-framework\src\traditional\proc\p18f67j60.asm
                     DDRG   0x000f98       data     extern E:\c18v3.46\pic18-lt\cxx-framework\src\traditional\proc\p18f67j60.asm
                 DDRGbits   0x000f98       data     extern E:\c18v3.46\pic18-lt\cxx-framework\src\traditional\proc\p18f67j60.asm
            DelayCounter1   0x00001c       data     extern E:\c18v3.46\pic18-lt\cxx-framework\src\traditional\delays\delayd1.asm
                  ECCP1AS   0x000fb6       data     extern E:\c18v3.46\pic18-lt\cxx-framework\src\traditional\proc\p18f67j60.asm
              ECCP1ASbits   0x000fb6       data     extern E:\c18v3.46\pic18-lt\cxx-framework\src\traditional\proc\p18f67j60.asm
                 ECCP1CON   0x000fbd       data     extern E:\c18v3.46\pic18-lt\cxx-framework\src\traditional\proc\p18f67j60.asm
             ECCP1CONbits   0x000fbd       data     extern E:\c18v3.46\pic18-lt\cxx-framework\src\traditional\proc\p18f67j60.asm
                 ECCP1DEL   0x000f79       data     extern E:\c18v3.46\pic18-lt\cxx-framework\src\traditional\proc\p18f67j60.asm
             ECCP1DELbits   0x000f79       data     extern E:\c18v3.46\pic18-lt\cxx-framework\src\traditional\proc\p18f67j60.asm
                  ECCP2AS   0x000f68       data     extern E:\c18v3.46\pic18-lt\cxx-framework\src\traditional\proc\p18f67j60.asm
              ECCP2ASbits   0x000f68       data     extern E:\c18v3.46\pic18-lt\cxx-framework\src\traditional\proc\p18f67j60.asm
                 ECCP2CON   0x000fba       data     extern E:\c18v3.46\pic18-lt\cxx-framework\src\traditional\proc\p18f67j60.asm
             ECCP2CONbits   0x000fba       data     extern E:\c18v3.46\pic18-lt\cxx-framework\src\traditional\proc\p18f67j60.asm
                 ECCP2DEL   0x000f67       data     extern E:\c18v3.46\pic18-lt\cxx-framework\src\traditional\proc\p18f67j60.asm
             ECCP2DELbits   0x000f67       data     extern E:\c18v3.46\pic18-lt\cxx-framework\src\traditional\proc\p18f67j60.asm
                  ECCP3AS   0x000f6a       data     extern E:\c18v3.46\pic18-lt\cxx-framework\src\traditional\proc\p18f67j60.asm
              ECCP3ASbits   0x000f6a       data     extern E:\c18v3.46\pic18-lt\cxx-framework\src\traditional\proc\p18f67j60.asm
                 ECCP3CON   0x000fb7       data     extern E:\c18v3.46\pic18-lt\cxx-framework\src\traditional\proc\p18f67j60.asm
             ECCP3CONbits   0x000fb7       data     extern E:\c18v3.46\pic18-lt\cxx-framework\src\traditional\proc\p18f67j60.asm
                 ECCP3DEL   0x000f69       data     extern E:\c18v3.46\pic18-lt\cxx-framework\src\traditional\proc\p18f67j60.asm
             ECCP3DELbits   0x000f69       data     extern E:\c18v3.46\pic18-lt\cxx-framework\src\traditional\proc\p18f67j60.asm
                    ECON1   0x000fd2       data     extern E:\c18v3.46\pic18-lt\cxx-framework\src\traditional\proc\p18f67j60.asm
                ECON1bits   0x000fd2       data     extern E:\c18v3.46\pic18-lt\cxx-framework\src\traditional\proc\p18f67j60.asm
                    ECON2   0x000efe       data     extern E:\c18v3.46\pic18-lt\cxx-framework\src\traditional\proc\p18f67j60.asm
                ECON2bits   0x000efe       data     extern E:\c18v3.46\pic18-lt\cxx-framework\src\traditional\proc\p18f67j60.asm
                    EDATA   0x000f61       data     extern E:\c18v3.46\pic18-lt\cxx-framework\src\traditional\proc\p18f67j60.asm
                EDATAbits   0x000f61       data     extern E:\c18v3.46\pic18-lt\cxx-framework\src\traditional\proc\p18f67j60.asm
                   EDMACS   0x000ef6       data     extern E:\c18v3.46\pic18-lt\cxx-framework\src\traditional\proc\p18f67j60.asm
                  EDMACSH   0x000ef7       data     extern E:\c18v3.46\pic18-lt\cxx-framework\src\traditional\proc\p18f67j60.asm
                  EDMACSL   0x000ef6       data     extern E:\c18v3.46\pic18-lt\cxx-framework\src\traditional\proc\p18f67j60.asm
                  EDMADST   0x000ef4       data     extern E:\c18v3.46\pic18-lt\cxx-framework\src\traditional\proc\p18f67j60.asm
                 EDMADSTH   0x000ef5       data     extern E:\c18v3.46\pic18-lt\cxx-framework\src\traditional\proc\p18f67j60.asm
                 EDMADSTL   0x000ef4       data     extern E:\c18v3.46\pic18-lt\cxx-framework\src\traditional\proc\p18f67j60.asm
                   EDMAND   0x000ef2       data     extern E:\c18v3.46\pic18-lt\cxx-framework\src\traditional\proc\p18f67j60.asm
                  EDMANDH   0x000ef3       data     extern E:\c18v3.46\pic18-lt\cxx-framework\src\traditional\proc\p18f67j60.asm
                  EDMANDL   0x000ef2       data     extern E:\c18v3.46\pic18-lt\cxx-framework\src\traditional\proc\p18f67j60.asm
                   EDMAST   0x000ef0       data     extern E:\c18v3.46\pic18-lt\cxx-framework\src\traditional\proc\p18f67j60.asm
                  EDMASTH   0x000ef1       data     extern E:\c18v3.46\pic18-lt\cxx-framework\src\traditional\proc\p18f67j60.asm
                  EDMASTL   0x000ef0       data     extern E:\c18v3.46\pic18-lt\cxx-framework\src\traditional\proc\p18f67j60.asm
                   EECON1   0x000fa6       data     extern E:\c18v3.46\pic18-lt\cxx-framework\src\traditional\proc\p18f67j60.asm
               EECON1bits   0x000fa6       data     extern E:\c18v3.46\pic18-lt\cxx-framework\src\traditional\proc\p18f67j60.asm
                   EECON2   0x000fa7       data     extern E:\c18v3.46\pic18-lt\cxx-framework\src\traditional\proc\p18f67j60.asm
                  EFLOCON   0x000e97       data     extern E:\c18v3.46\pic18-lt\cxx-framework\src\traditional\proc\p18f67j60.asm
              EFLOCONbits   0x000e97       data     extern E:\c18v3.46\pic18-lt\cxx-framework\src\traditional\proc\p18f67j60.asm
                     EHT0   0x000ec0       data     extern E:\c18v3.46\pic18-lt\cxx-framework\src\traditional\proc\p18f67j60.asm
                     EHT1   0x000ec1       data     extern E:\c18v3.46\pic18-lt\cxx-framework\src\traditional\proc\p18f67j60.asm
                     EHT2   0x000ec2       data     extern E:\c18v3.46\pic18-lt\cxx-framework\src\traditional\proc\p18f67j60.asm
                     EHT3   0x000ec3       data     extern E:\c18v3.46\pic18-lt\cxx-framework\src\traditional\proc\p18f67j60.asm
                     EHT4   0x000ec4       data     extern E:\c18v3.46\pic18-lt\cxx-framework\src\traditional\proc\p18f67j60.asm
                     EHT5   0x000ec5       data     extern E:\c18v3.46\pic18-lt\cxx-framework\src\traditional\proc\p18f67j60.asm
                     EHT6   0x000ec6       data     extern E:\c18v3.46\pic18-lt\cxx-framework\src\traditional\proc\p18f67j60.asm
                     EHT7   0x000ec7       data     extern E:\c18v3.46\pic18-lt\cxx-framework\src\traditional\proc\p18f67j60.asm
                      EIE   0x000efb       data     extern E:\c18v3.46\pic18-lt\cxx-framework\src\traditional\proc\p18f67j60.asm
                  EIEbits   0x000efb       data     extern E:\c18v3.46\pic18-lt\cxx-framework\src\traditional\proc\p18f67j60.asm
                      EIR   0x000f60       data     extern E:\c18v3.46\pic18-lt\cxx-framework\src\traditional\proc\p18f67j60.asm
                  EIRbits   0x000f60       data     extern E:\c18v3.46\pic18-lt\cxx-framework\src\traditional\proc\p18f67j60.asm
                    EPAUS   0x000e98       data     extern E:\c18v3.46\pic18-lt\cxx-framework\src\traditional\proc\p18f67j60.asm
                   EPAUSH   0x000e99       data     extern E:\c18v3.46\pic18-lt\cxx-framework\src\traditional\proc\p18f67j60.asm
                   EPAUSL   0x000e98       data     extern E:\c18v3.46\pic18-lt\cxx-framework\src\traditional\proc\p18f67j60.asm
                  EPKTCNT   0x000ed9       data     extern E:\c18v3.46\pic18-lt\cxx-framework\src\traditional\proc\p18f67j60.asm
                    EPMCS   0x000ed0       data     extern E:\c18v3.46\pic18-lt\cxx-framework\src\traditional\proc\p18f67j60.asm
                   EPMCSH   0x000ed1       data     extern E:\c18v3.46\pic18-lt\cxx-framework\src\traditional\proc\p18f67j60.asm
                   EPMCSL   0x000ed0       data     extern E:\c18v3.46\pic18-lt\cxx-framework\src\traditional\proc\p18f67j60.asm
                    EPMM0   0x000ec8       data     extern E:\c18v3.46\pic18-lt\cxx-framework\src\traditional\proc\p18f67j60.asm
                    EPMM1   0x000ec9       data     extern E:\c18v3.46\pic18-lt\cxx-framework\src\traditional\proc\p18f67j60.asm
                    EPMM2   0x000eca       data     extern E:\c18v3.46\pic18-lt\cxx-framework\src\traditional\proc\p18f67j60.asm
                    EPMM3   0x000ecb       data     extern E:\c18v3.46\pic18-lt\cxx-framework\src\traditional\proc\p18f67j60.asm
                    EPMM4   0x000ecc       data     extern E:\c18v3.46\pic18-lt\cxx-framework\src\traditional\proc\p18f67j60.asm
                    EPMM5   0x000ecd       data     extern E:\c18v3.46\pic18-lt\cxx-framework\src\traditional\proc\p18f67j60.asm
                    EPMM6   0x000ece       data     extern E:\c18v3.46\pic18-lt\cxx-framework\src\traditional\proc\p18f67j60.asm
                    EPMM7   0x000ecf       data     extern E:\c18v3.46\pic18-lt\cxx-framework\src\traditional\proc\p18f67j60.asm
                     EPMO   0x000ed4       data     extern E:\c18v3.46\pic18-lt\cxx-framework\src\traditional\proc\p18f67j60.asm
                    EPMOH   0x000ed5       data     extern E:\c18v3.46\pic18-lt\cxx-framework\src\traditional\proc\p18f67j60.asm
                    EPMOL   0x000ed4       data     extern E:\c18v3.46\pic18-lt\cxx-framework\src\traditional\proc\p18f67j60.asm
                    ERDPT   0x000f7a       data     extern E:\c18v3.46\pic18-lt\cxx-framework\src\traditional\proc\p18f67j60.asm
                   ERDPTH   0x000f7b       data     extern E:\c18v3.46\pic18-lt\cxx-framework\src\traditional\proc\p18f67j60.asm
                   ERDPTL   0x000f7a       data     extern E:\c18v3.46\pic18-lt\cxx-framework\src\traditional\proc\p18f67j60.asm
                  ERXFCON   0x000ed8       data     extern E:\c18v3.46\pic18-lt\cxx-framework\src\traditional\proc\p18f67j60.asm
              ERXFCONbits   0x000ed8       data     extern E:\c18v3.46\pic18-lt\cxx-framework\src\traditional\proc\p18f67j60.asm
                    ERXND   0x000eea       data     extern E:\c18v3.46\pic18-lt\cxx-framework\src\traditional\proc\p18f67j60.asm
                   ERXNDH   0x000eeb       data     extern E:\c18v3.46\pic18-lt\cxx-framework\src\traditional\proc\p18f67j60.asm
                   ERXNDL   0x000eea       data     extern E:\c18v3.46\pic18-lt\cxx-framework\src\traditional\proc\p18f67j60.asm
                  ERXRDPT   0x000eec       data     extern E:\c18v3.46\pic18-lt\cxx-framework\src\traditional\proc\p18f67j60.asm
                 ERXRDPTH   0x000eed       data     extern E:\c18v3.46\pic18-lt\cxx-framework\src\traditional\proc\p18f67j60.asm
                 ERXRDPTL   0x000eec       data     extern E:\c18v3.46\pic18-lt\cxx-framework\src\traditional\proc\p18f67j60.asm
                    ERXST   0x000ee8       data     extern E:\c18v3.46\pic18-lt\cxx-framework\src\traditional\proc\p18f67j60.asm
                   ERXSTH   0x000ee9       data     extern E:\c18v3.46\pic18-lt\cxx-framework\src\traditional\proc\p18f67j60.asm
                   ERXSTL   0x000ee8       data     extern E:\c18v3.46\pic18-lt\cxx-framework\src\traditional\proc\p18f67j60.asm
                  ERXWRPT   0x000eee       data     extern E:\c18v3.46\pic18-lt\cxx-framework\src\traditional\proc\p18f67j60.asm
                 ERXWRPTH   0x000eef       data     extern E:\c18v3.46\pic18-lt\cxx-framework\src\traditional\proc\p18f67j60.asm
                 ERXWRPTL   0x000eee       data     extern E:\c18v3.46\pic18-lt\cxx-framework\src\traditional\proc\p18f67j60.asm
                    ESTAT   0x000efd       data     extern E:\c18v3.46\pic18-lt\cxx-framework\src\traditional\proc\p18f67j60.asm
                ESTATbits   0x000efd       data     extern E:\c18v3.46\pic18-lt\cxx-framework\src\traditional\proc\p18f67j60.asm
                    ETXND   0x000ee6       data     extern E:\c18v3.46\pic18-lt\cxx-framework\src\traditional\proc\p18f67j60.asm
                   ETXNDH   0x000ee7       data     extern E:\c18v3.46\pic18-lt\cxx-framework\src\traditional\proc\p18f67j60.asm
                   ETXNDL   0x000ee6       data     extern E:\c18v3.46\pic18-lt\cxx-framework\src\traditional\proc\p18f67j60.asm
                    ETXST   0x000ee4       data     extern E:\c18v3.46\pic18-lt\cxx-framework\src\traditional\proc\p18f67j60.asm
                   ETXSTH   0x000ee5       data     extern E:\c18v3.46\pic18-lt\cxx-framework\src\traditional\proc\p18f67j60.asm
                   ETXSTL   0x000ee4       data     extern E:\c18v3.46\pic18-lt\cxx-framework\src\traditional\proc\p18f67j60.asm
                    EWRPT   0x000ee2       data     extern E:\c18v3.46\pic18-lt\cxx-framework\src\traditional\proc\p18f67j60.asm
                   EWRPTH   0x000ee3       data     extern E:\c18v3.46\pic18-lt\cxx-framework\src\traditional\proc\p18f67j60.asm
                   EWRPTL   0x000ee2       data     extern E:\c18v3.46\pic18-lt\cxx-framework\src\traditional\proc\p18f67j60.asm
                     FSR0   0x000fe9       data     extern E:\c18v3.46\pic18-lt\cxx-framework\src\traditional\proc\p18f67j60.asm
                    FSR0H   0x000fea       data     extern E:\c18v3.46\pic18-lt\cxx-framework\src\traditional\proc\p18f67j60.asm
                    FSR0L   0x000fe9       data     extern E:\c18v3.46\pic18-lt\cxx-framework\src\traditional\proc\p18f67j60.asm
                     FSR1   0x000fe1       data     extern E:\c18v3.46\pic18-lt\cxx-framework\src\traditional\proc\p18f67j60.asm
                    FSR1H   0x000fe2       data     extern E:\c18v3.46\pic18-lt\cxx-framework\src\traditional\proc\p18f67j60.asm
                    FSR1L   0x000fe1       data     extern E:\c18v3.46\pic18-lt\cxx-framework\src\traditional\proc\p18f67j60.asm
                     FSR2   0x000fd9       data     extern E:\c18v3.46\pic18-lt\cxx-framework\src\traditional\proc\p18f67j60.asm
                    FSR2H   0x000fda       data     extern E:\c18v3.46\pic18-lt\cxx-framework\src\traditional\proc\p18f67j60.asm
                    FSR2L   0x000fd9       data     extern E:\c18v3.46\pic18-lt\cxx-framework\src\traditional\proc\p18f67j60.asm
                    INDF0   0x000fef       data     extern E:\c18v3.46\pic18-lt\cxx-framework\src\traditional\proc\p18f67j60.asm
                    INDF1   0x000fe7       data     extern E:\c18v3.46\pic18-lt\cxx-framework\src\traditional\proc\p18f67j60.asm
                    INDF2   0x000fdf       data     extern E:\c18v3.46\pic18-lt\cxx-framework\src\traditional\proc\p18f67j60.asm
                   INTCON   0x000ff2       data     extern E:\c18v3.46\pic18-lt\cxx-framework\src\traditional\proc\p18f67j60.asm
                  INTCON2   0x000ff1       data     extern E:\c18v3.46\pic18-lt\cxx-framework\src\traditional\proc\p18f67j60.asm
              INTCON2bits   0x000ff1       data     extern E:\c18v3.46\pic18-lt\cxx-framework\src\traditional\proc\p18f67j60.asm
                  INTCON3   0x000ff0       data     extern E:\c18v3.46\pic18-lt\cxx-framework\src\traditional\proc\p18f67j60.asm
              INTCON3bits   0x000ff0       data     extern E:\c18v3.46\pic18-lt\cxx-framework\src\traditional\proc\p18f67j60.asm
               INTCONbits   0x000ff2       data     extern E:\c18v3.46\pic18-lt\cxx-framework\src\traditional\proc\p18f67j60.asm
                     IPR1   0x000f9f       data     extern E:\c18v3.46\pic18-lt\cxx-framework\src\traditional\proc\p18f67j60.asm
                 IPR1bits   0x000f9f       data     extern E:\c18v3.46\pic18-lt\cxx-framework\src\traditional\proc\p18f67j60.asm
                     IPR2   0x000fa2       data     extern E:\c18v3.46\pic18-lt\cxx-framework\src\traditional\proc\p18f67j60.asm
                 IPR2bits   0x000fa2       data     extern E:\c18v3.46\pic18-lt\cxx-framework\src\traditional\proc\p18f67j60.asm
                     IPR3   0x000fa5       data     extern E:\c18v3.46\pic18-lt\cxx-framework\src\traditional\proc\p18f67j60.asm
                 IPR3bits   0x000fa5       data     extern E:\c18v3.46\pic18-lt\cxx-framework\src\traditional\proc\p18f67j60.asm
                     LATA   0x000f89       data     extern E:\c18v3.46\pic18-lt\cxx-framework\src\traditional\proc\p18f67j60.asm
                 LATAbits   0x000f89       data     extern E:\c18v3.46\pic18-lt\cxx-framework\src\traditional\proc\p18f67j60.asm
                     LATB   0x000f8a       data     extern E:\c18v3.46\pic18-lt\cxx-framework\src\traditional\proc\p18f67j60.asm
                 LATBbits   0x000f8a       data     extern E:\c18v3.46\pic18-lt\cxx-framework\src\traditional\proc\p18f67j60.asm
                     LATC   0x000f8b       data     extern E:\c18v3.46\pic18-lt\cxx-framework\src\traditional\proc\p18f67j60.asm
                 LATCbits   0x000f8b       data     extern E:\c18v3.46\pic18-lt\cxx-framework\src\traditional\proc\p18f67j60.asm
                     LATD   0x000f8c       data     extern E:\c18v3.46\pic18-lt\cxx-framework\src\traditional\proc\p18f67j60.asm
                 LATDbits   0x000f8c       data     extern E:\c18v3.46\pic18-lt\cxx-framework\src\traditional\proc\p18f67j60.asm
                     LATE   0x000f8d       data     extern E:\c18v3.46\pic18-lt\cxx-framework\src\traditional\proc\p18f67j60.asm
                 LATEbits   0x000f8d       data     extern E:\c18v3.46\pic18-lt\cxx-framework\src\traditional\proc\p18f67j60.asm
                     LATF   0x000f8e       data     extern E:\c18v3.46\pic18-lt\cxx-framework\src\traditional\proc\p18f67j60.asm
                 LATFbits   0x000f8e       data     extern E:\c18v3.46\pic18-lt\cxx-framework\src\traditional\proc\p18f67j60.asm
                     LATG   0x000f8f       data     extern E:\c18v3.46\pic18-lt\cxx-framework\src\traditional\proc\p18f67j60.asm
                 LATGbits   0x000f8f       data     extern E:\c18v3.46\pic18-lt\cxx-framework\src\traditional\proc\p18f67j60.asm
                   MAADR1   0x000e84       data     extern E:\c18v3.46\pic18-lt\cxx-framework\src\traditional\proc\p18f67j60.asm
                   MAADR2   0x000e85       data     extern E:\c18v3.46\pic18-lt\cxx-framework\src\traditional\proc\p18f67j60.asm
                   MAADR3   0x000e82       data     extern E:\c18v3.46\pic18-lt\cxx-framework\src\traditional\proc\p18f67j60.asm
                   MAADR4   0x000e83       data     extern E:\c18v3.46\pic18-lt\cxx-framework\src\traditional\proc\p18f67j60.asm
                   MAADR5   0x000e80       data     extern E:\c18v3.46\pic18-lt\cxx-framework\src\traditional\proc\p18f67j60.asm
                   MAADR6   0x000e81       data     extern E:\c18v3.46\pic18-lt\cxx-framework\src\traditional\proc\p18f67j60.asm
                  MABBIPG   0x000ea4       data     extern E:\c18v3.46\pic18-lt\cxx-framework\src\traditional\proc\p18f67j60.asm
              MABBIPGbits   0x000ea4       data     extern E:\c18v3.46\pic18-lt\cxx-framework\src\traditional\proc\p18f67j60.asm
                   MACON1   0x000ea0       data     extern E:\c18v3.46\pic18-lt\cxx-framework\src\traditional\proc\p18f67j60.asm
               MACON1bits   0x000ea0       data     extern E:\c18v3.46\pic18-lt\cxx-framework\src\traditional\proc\p18f67j60.asm
                   MACON3   0x000ea2       data     extern E:\c18v3.46\pic18-lt\cxx-framework\src\traditional\proc\p18f67j60.asm
               MACON3bits   0x000ea2       data     extern E:\c18v3.46\pic18-lt\cxx-framework\src\traditional\proc\p18f67j60.asm
                   MACON4   0x000ea3       data     extern E:\c18v3.46\pic18-lt\cxx-framework\src\traditional\proc\p18f67j60.asm
               MACON4bits   0x000ea3       data     extern E:\c18v3.46\pic18-lt\cxx-framework\src\traditional\proc\p18f67j60.asm
                    MAIPG   0x000ea6       data     extern E:\c18v3.46\pic18-lt\cxx-framework\src\traditional\proc\p18f67j60.asm
                   MAIPGH   0x000ea7       data     extern E:\c18v3.46\pic18-lt\cxx-framework\src\traditional\proc\p18f67j60.asm
                   MAIPGL   0x000ea6       data     extern E:\c18v3.46\pic18-lt\cxx-framework\src\traditional\proc\p18f67j60.asm
                   MAMXFL   0x000eaa       data     extern E:\c18v3.46\pic18-lt\cxx-framework\src\traditional\proc\p18f67j60.asm
                  MAMXFLH   0x000eab       data     extern E:\c18v3.46\pic18-lt\cxx-framework\src\traditional\proc\p18f67j60.asm
                  MAMXFLL   0x000eaa       data     extern E:\c18v3.46\pic18-lt\cxx-framework\src\traditional\proc\p18f67j60.asm
                    MICMD   0x000eb2       data     extern E:\c18v3.46\pic18-lt\cxx-framework\src\traditional\proc\p18f67j60.asm
                MICMDbits   0x000eb2       data     extern E:\c18v3.46\pic18-lt\cxx-framework\src\traditional\proc\p18f67j60.asm
                     MIRD   0x000eb8       data     extern E:\c18v3.46\pic18-lt\cxx-framework\src\traditional\proc\p18f67j60.asm
                    MIRDH   0x000eb9       data     extern E:\c18v3.46\pic18-lt\cxx-framework\src\traditional\proc\p18f67j60.asm
                    MIRDL   0x000eb8       data     extern E:\c18v3.46\pic18-lt\cxx-framework\src\traditional\proc\p18f67j60.asm
                 MIREGADR   0x000eb4       data     extern E:\c18v3.46\pic18-lt\cxx-framework\src\traditional\proc\p18f67j60.asm
                   MISTAT   0x000e8a       data     extern E:\c18v3.46\pic18-lt\cxx-framework\src\traditional\proc\p18f67j60.asm
               MISTATbits   0x000e8a       data     extern E:\c18v3.46\pic18-lt\cxx-framework\src\traditional\proc\p18f67j60.asm
                     MIWR   0x000eb6       data     extern E:\c18v3.46\pic18-lt\cxx-framework\src\traditional\proc\p18f67j60.asm
                    MIWRH   0x000eb7       data     extern E:\c18v3.46\pic18-lt\cxx-framework\src\traditional\proc\p18f67j60.asm
                    MIWRL   0x000eb6       data     extern E:\c18v3.46\pic18-lt\cxx-framework\src\traditional\proc\p18f67j60.asm
                   OSCCON   0x000fd3       data     extern E:\c18v3.46\pic18-lt\cxx-framework\src\traditional\proc\p18f67j60.asm
               OSCCONbits   0x000fd3       data     extern E:\c18v3.46\pic18-lt\cxx-framework\src\traditional\proc\p18f67j60.asm
                  OSCTUNE   0x000f9b       data     extern E:\c18v3.46\pic18-lt\cxx-framework\src\traditional\proc\p18f67j60.asm
              OSCTUNEbits   0x000f9b       data     extern E:\c18v3.46\pic18-lt\cxx-framework\src\traditional\proc\p18f67j60.asm
                       PC   0x000ff9       data     extern E:\c18v3.46\pic18-lt\cxx-framework\src\traditional\proc\p18f67j60.asm
                      PCL   0x000ff9       data     extern E:\c18v3.46\pic18-lt\cxx-framework\src\traditional\proc\p18f67j60.asm
                   PCLATH   0x000ffa       data     extern E:\c18v3.46\pic18-lt\cxx-framework\src\traditional\proc\p18f67j60.asm
[...]
                 PIR2bits   0x000fa1       data     extern E:\c18v3.46\pic18-lt\cxx-framework\src\traditional\proc\p18f67j60.asm
                     PIR2   0x000fa1       data     extern E:\c18v3.46\pic18-lt\cxx-framework\src\traditional\proc\p18f67j60.asm
                     IPR2   0x000fa2       data     extern E:\c18v3.46\pic18-lt\cxx-framework\src\traditional\proc\p18f67j60.asm
                 IPR2bits   0x000fa2       data     extern E:\c18v3.46\pic18-lt\cxx-framework\src\traditional\proc\p18f67j60.asm
                     PIE3   0x000fa3       data     extern E:\c18v3.46\pic18-lt\cxx-framework\src\traditional\proc\p18f67j60.asm
                 PIE3bits   0x000fa3       data     extern E:\c18v3.46\pic18-lt\cxx-framework\src\traditional\proc\p18f67j60.asm
                     PIR3   0x000fa4       data     extern E:\c18v3.46\pic18-lt\cxx-framework\src\traditional\proc\p18f67j60.asm
                 PIR3bits   0x000fa4       data     extern E:\c18v3.46\pic18-lt\cxx-framework\src\traditional\proc\p18f67j60.asm
                     IPR3   0x000fa5       data     extern E:\c18v3.46\pic18-lt\cxx-framework\src\traditional\proc\p18f67j60.asm
                 IPR3bits   0x000fa5       data     extern E:\c18v3.46\pic18-lt\cxx-framework\src\traditional\proc\p18f67j60.asm
                   EECON1   0x000fa6       data     extern E:\c18v3.46\pic18-lt\cxx-framework\src\traditional\proc\p18f67j60.asm
               EECON1bits   0x000fa6       data     extern E:\c18v3.46\pic18-lt\cxx-framework\src\traditional\proc\p18f67j60.asm
                   EECON2   0x000fa7       data     extern E:\c18v3.46\pic18-lt\cxx-framework\src\traditional\proc\p18f67j60.asm
                RCSTAbits   0x000fab       data     extern E:\c18v3.46\pic18-lt\cxx-framework\src\traditional\proc\p18f67j60.asm
               RCSTA1bits   0x000fab       data     extern E:\c18v3.46\pic18-lt\cxx-framework\src\traditional\proc\p18f67j60.asm
                   RCSTA1   0x000fab       data     extern E:\c18v3.46\pic18-lt\cxx-framework\src\traditional\proc\p18f67j60.asm
                    RCSTA   0x000fab       data     extern E:\c18v3.46\pic18-lt\cxx-framework\src\traditional\proc\p18f67j60.asm
                TXSTAbits   0x000fac       data     extern E:\c18v3.46\pic18-lt\cxx-framework\src\traditional\proc\p18f67j60.asm
               TXSTA1bits   0x000fac       data     extern E:\c18v3.46\pic18-lt\cxx-framework\src\traditional\proc\p18f67j60.asm
                   TXSTA1   0x000fac       data     extern E:\c18v3.46\pic18-lt\cxx-framework\src\traditional\proc\p18f67j60.asm
                    TXSTA   0x000fac       data     extern E:\c18v3.46\pic18-lt\cxx-framework\src\traditional\proc\p18f67j60.asm
                    TXREG   0x000fad       data     extern E:\c18v3.46\pic18-lt\cxx-framework\src\traditional\proc\p18f67j60.asm
                   TXREG1   0x000fad       data     extern E:\c18v3.46\pic18-lt\cxx-framework\src\traditional\proc\p18f67j60.asm
                   RCREG1   0x000fae       data     extern E:\c18v3.46\pic18-lt\cxx-framework\src\traditional\proc\p18f67j60.asm
                    RCREG   0x000fae       data     extern E:\c18v3.46\pic18-lt\cxx-framework\src\traditional\proc\p18f67j60.asm
                   SPBRG1   0x000faf       data     extern E:\c18v3.46\pic18-lt\cxx-framework\src\traditional\proc\p18f67j60.asm
                    SPBRG   0x000faf       data     extern E:\c18v3.46\pic18-lt\cxx-framework\src\traditional\proc\p18f67j60.asm
                    T3CON   0x000fb1       data     extern E:\c18v3.46\pic18-lt\cxx-framework\src\traditional\proc\p18f67j60.asm
                T3CONbits   0x000fb1       data     extern E:\c18v3.46\pic18-lt\cxx-framework\src\traditional\proc\p18f67j60.asm
                    TMR3L   0x000fb2       data     extern E:\c18v3.46\pic18-lt\cxx-framework\src\traditional\proc\p18f67j60.asm
                    TMR3H   0x000fb3       data     extern E:\c18v3.46\pic18-lt\cxx-framework\src\traditional\proc\p18f67j60.asm
                CMCONbits   0x000fb4       data     extern E:\c18v3.46\pic18-lt\cxx-framework\src\traditional\proc\p18f67j60.asm
                    CMCON   0x000fb4       data     extern E:\c18v3.46\pic18-lt\cxx-framework\src\traditional\proc\p18f67j60.asm
               CVRCONbits   0x000fb5       data     extern E:\c18v3.46\pic18-lt\cxx-framework\src\traditional\proc\p18f67j60.asm
                   CVRCON   0x000fb5       data     extern E:\c18v3.46\pic18-lt\cxx-framework\src\traditional\proc\p18f67j60.asm
                  ECCP1AS   0x000fb6       data     extern E:\c18v3.46\pic18-lt\cxx-framework\src\traditional\proc\p18f67j60.asm
              ECCP1ASbits   0x000fb6       data     extern E:\c18v3.46\pic18-lt\cxx-framework\src\traditional\proc\p18f67j60.asm
                 ECCP3CON   0x000fb7       data     extern E:\c18v3.46\pic18-lt\cxx-framework\src\traditional\proc\p18f67j60.asm
             ECCP3CONbits   0x000fb7       data     extern E:\c18v3.46\pic18-lt\cxx-framework\src\traditional\proc\p18f67j60.asm
              CCP3CONbits   0x000fb7       data     extern E:\c18v3.46\pic18-lt\cxx-framework\src\traditional\proc\p18f67j60.asm
                  CCP3CON   0x000fb7       data     extern E:\c18v3.46\pic18-lt\cxx-framework\src\traditional\proc\p18f67j60.asm
                   CCPR3L   0x000fb8       data     extern E:\c18v3.46\pic18-lt\cxx-framework\src\traditional\proc\p18f67j60.asm
                    CCPR3   0x000fb8       data     extern E:\c18v3.46\pic18-lt\cxx-framework\src\traditional\proc\p18f67j60.asm
                   CCPR3H   0x000fb9       data     extern E:\c18v3.46\pic18-lt\cxx-framework\src\traditional\proc\p18f67j60.asm
                 ECCP2CON   0x000fba       data     extern E:\c18v3.46\pic18-lt\cxx-framework\src\traditional\proc\p18f67j60.asm
             ECCP2CONbits   0x000fba       data     extern E:\c18v3.46\pic18-lt\cxx-framework\src\traditional\proc\p18f67j60.asm
                  CCP2CON   0x000fba       data     extern E:\c18v3.46\pic18-lt\cxx-framework\src\traditional\proc\p18f67j60.asm
              CCP2CONbits   0x000fba       data     extern E:\c18v3.46\pic18-lt\cxx-framework\src\traditional\proc\p18f67j60.asm
                    CCPR2   0x000fbb       data     extern E:\c18v3.46\pic18-lt\cxx-framework\src\traditional\proc\p18f67j60.asm
                   CCPR2L   0x000fbb       data     extern E:\c18v3.46\pic18-lt\cxx-framework\src\traditional\proc\p18f67j60.asm
                   CCPR2H   0x000fbc       data     extern E:\c18v3.46\pic18-lt\cxx-framework\src\traditional\proc\p18f67j60.asm
              CCP1CONbits   0x000fbd       data     extern E:\c18v3.46\pic18-lt\cxx-framework\src\traditional\proc\p18f67j60.asm
                  CCP1CON   0x000fbd       data     extern E:\c18v3.46\pic18-lt\cxx-framework\src\traditional\proc\p18f67j60.asm
             ECCP1CONbits   0x000fbd       data     extern E:\c18v3.46\pic18-lt\cxx-framework\src\traditional\proc\p18f67j60.asm
                 ECCP1CON   0x000fbd       data     extern E:\c18v3.46\pic18-lt\cxx-framework\src\traditional\proc\p18f67j60.asm
                    CCPR1   0x000fbe       data     extern E:\c18v3.46\pic18-lt\cxx-framework\src\traditional\proc\p18f67j60.asm
                   CCPR1L   0x000fbe       data     extern E:\c18v3.46\pic18-lt\cxx-framework\src\traditional\proc\p18f67j60.asm
                   CCPR1H   0x000fbf       data     extern E:\c18v3.46\pic18-lt\cxx-framework\src\traditional\proc\p18f67j60.asm
               ADCON2bits   0x000fc0       data     extern E:\c18v3.46\pic18-lt\cxx-framework\src\traditional\proc\p18f67j60.asm
                   ADCON2   0x000fc0       data     extern E:\c18v3.46\pic18-lt\cxx-framework\src\traditional\proc\p18f67j60.asm
               ADCON1bits   0x000fc1       data     extern E:\c18v3.46\pic18-lt\cxx-framework\src\traditional\proc\p18f67j60.asm
                   ADCON1   0x000fc1       data     extern E:\c18v3.46\pic18-lt\cxx-framework\src\traditional\proc\p18f67j60.asm
               ADCON0bits   0x000fc2       data     extern E:\c18v3.46\pic18-lt\cxx-framework\src\traditional\proc\p18f67j60.asm
                   ADCON0   0x000fc2       data     extern E:\c18v3.46\pic18-lt\cxx-framework\src\traditional\proc\p18f67j60.asm
                    ADRES   0x000fc3       data     extern E:\c18v3.46\pic18-lt\cxx-framework\src\traditional\proc\p18f67j60.asm
                   ADRESL   0x000fc3       data     extern E:\c18v3.46\pic18-lt\cxx-framework\src\traditional\proc\p18f67j60.asm
                   ADRESH   0x000fc4       data     extern E:\c18v3.46\pic18-lt\cxx-framework\src\traditional\proc\p18f67j60.asm
             SSP1CON2bits   0x000fc5       data     extern E:\c18v3.46\pic18-lt\cxx-framework\src\traditional\proc\p18f67j60.asm
                 SSP1CON2   0x000fc5       data     extern E:\c18v3.46\pic18-lt\cxx-framework\src\traditional\proc\p18f67j60.asm
              SSPCON2bits   0x000fc5       data     extern E:\c18v3.46\pic18-lt\cxx-framework\src\traditional\proc\p18f67j60.asm
                  SSPCON2   0x000fc5       data     extern E:\c18v3.46\pic18-lt\cxx-framework\src\traditional\proc\p18f67j60.asm
                  SSPCON1   0x000fc6       data     extern E:\c18v3.46\pic18-lt\cxx-framework\src\traditional\proc\p18f67j60.asm
              SSPCON1bits   0x000fc6       data     extern E:\c18v3.46\pic18-lt\cxx-framework\src\traditional\proc\p18f67j60.asm
             SSP1CON1bits   0x000fc6       data     extern E:\c18v3.46\pic18-lt\cxx-framework\src\traditional\proc\p18f67j60.asm
                 SSP1CON1   0x000fc6       data     extern E:\c18v3.46\pic18-lt\cxx-framework\src\traditional\proc\p18f67j60.asm
                  SSPSTAT   0x000fc7       data     extern E:\c18v3.46\pic18-lt\cxx-framework\src\traditional\proc\p18f67j60.asm
              SSPSTATbits   0x000fc7       data     extern E:\c18v3.46\pic18-lt\cxx-framework\src\traditional\proc\p18f67j60.asm
             SSP1STATbits   0x000fc7       data     extern E:\c18v3.46\pic18-lt\cxx-framework\src\traditional\proc\p18f67j60.asm
                 SSP1STAT   0x000fc7       data     extern E:\c18v3.46\pic18-lt\cxx-framework\src\traditional\proc\p18f67j60.asm
                  SSP1ADD   0x000fc8       data     extern E:\c18v3.46\pic18-lt\cxx-framework\src\traditional\proc\p18f67j60.asm
                   SSPADD   0x000fc8       data     extern E:\c18v3.46\pic18-lt\cxx-framework\src\traditional\proc\p18f67j60.asm
                  SSP1BUF   0x000fc9       data     extern E:\c18v3.46\pic18-lt\cxx-framework\src\traditional\proc\p18f67j60.asm
                   SSPBUF   0x000fc9       data     extern E:\c18v3.46\pic18-lt\cxx-framework\src\traditional\proc\p18f67j60.asm
                T2CONbits   0x000fca       data     extern E:\c18v3.46\pic18-lt\cxx-framework\src\traditional\proc\p18f67j60.asm
                    T2CON   0x000fca       data     extern E:\c18v3.46\pic18-lt\cxx-framework\src\traditional\proc\p18f67j60.asm
                      PR2   0x000fcb       data     extern E:\c18v3.46\pic18-lt\cxx-framework\src\traditional\proc\p18f67j60.asm
                     TMR2   0x000fcc       data     extern E:\c18v3.46\pic18-lt\cxx-framework\src\traditional\proc\p18f67j60.asm
                T1CONbits   0x000fcd       data     extern E:\c18v3.46\pic18-lt\cxx-framework\src\traditional\proc\p18f67j60.asm
                    T1CON   0x000fcd       data     extern E:\c18v3.46\pic18-lt\cxx-framework\src\traditional\proc\p18f67j60.asm
                    TMR1L   0x000fce       data     extern E:\c18v3.46\pic18-lt\cxx-framework\src\traditional\proc\p18f67j60.asm
                    TMR1H   0x000fcf       data     extern E:\c18v3.46\pic18-lt\cxx-framework\src\traditional\proc\p18f67j60.asm
                 RCONbits   0x000fd0       data     extern E:\c18v3.46\pic18-lt\cxx-framework\src\traditional\proc\p18f67j60.asm
                     RCON   0x000fd0       data     extern E:\c18v3.46\pic18-lt\cxx-framework\src\traditional\proc\p18f67j60.asm
               WDTCONbits   0x000fd1       data     extern E:\c18v3.46\pic18-lt\cxx-framework\src\traditional\proc\p18f67j60.asm
                   WDTCON   0x000fd1       data     extern E:\c18v3.46\pic18-lt\cxx-framework\src\traditional\proc\p18f67j60.asm
                ECON1bits   0x000fd2       data     extern E:\c18v3.46\pic18-lt\cxx-framework\src\traditional\proc\p18f67j60.asm
                    ECON1   0x000fd2       data     extern E:\c18v3.46\pic18-lt\cxx-framework\src\traditional\proc\p18f67j60.asm
               OSCCONbits   0x000fd3       data     extern E:\c18v3.46\pic18-lt\cxx-framework\src\traditional\proc\p18f67j60.asm
                   OSCCON   0x000fd3       data     extern E:\c18v3.46\pic18-lt\cxx-framework\src\traditional\proc\p18f67j60.asm
                    T0CON   0x000fd5       data     extern E:\c18v3.46\pic18-lt\cxx-framework\src\traditional\proc\p18f67j60.asm
                T0CONbits   0x000fd5       data     extern E:\c18v3.46\pic18-lt\cxx-framework\src\traditional\proc\p18f67j60.asm
                    TMR0L   0x000fd6       data     extern E:\c18v3.46\pic18-lt\cxx-framework\src\traditional\proc\p18f67j60.asm
                    TMR0H   0x000fd7       data     extern E:\c18v3.46\pic18-lt\cxx-framework\src\traditional\proc\p18f67j60.asm
                   STATUS   0x000fd8       data     extern E:\c18v3.46\pic18-lt\cxx-framework\src\traditional\proc\p18f67j60.asm
               STATUSbits   0x000fd8       data     extern E:\c18v3.46\pic18-lt\cxx-framework\src\traditional\proc\p18f67j60.asm
                     FSR2   0x000fd9       data     extern E:\c18v3.46\pic18-lt\cxx-framework\src\traditional\proc\p18f67j60.asm
                    FSR2L   0x000fd9       data     extern E:\c18v3.46\pic18-lt\cxx-framework\src\traditional\proc\p18f67j60.asm
                    FSR2H   0x000fda       data     extern E:\c18v3.46\pic18-lt\cxx-framework\src\traditional\proc\p18f67j60.asm
                   PLUSW2   0x000fdb       data     extern E:\c18v3.46\pic18-lt\cxx-framework\src\traditional\proc\p18f67j60.asm
                  PREINC2   0x000fdc       data     extern E:\c18v3.46\pic18-lt\cxx-framework\src\traditional\proc\p18f67j60.asm
                 POSTDEC2   0x000fdd       data     extern E:\c18v3.46\pic18-lt\cxx-framework\src\traditional\proc\p18f67j60.asm
                 POSTINC2   0x000fde       data     extern E:\c18v3.46\pic18-lt\cxx-framework\src\traditional\proc\p18f67j60.asm
                    INDF2   0x000fdf       data     extern E:\c18v3.46\pic18-lt\cxx-framework\src\traditional\proc\p18f67j60.asm
                      BSR   0x000fe0       data     extern E:\c18v3.46\pic18-lt\cxx-framework\src\traditional\proc\p18f67j60.asm
                     FSR1   0x000fe1       data     extern E:\c18v3.46\pic18-lt\cxx-framework\src\traditional\proc\p18f67j60.asm
                    FSR1L   0x000fe1       data     extern E:\c18v3.46\pic18-lt\cxx-framework\src\traditional\proc\p18f67j60.asm
                    FSR1H   0x000fe2       data     extern E:\c18v3.46\pic18-lt\cxx-framework\src\traditional\proc\p18f67j60.asm
                   PLUSW1   0x000fe3       data     extern E:\c18v3.46\pic18-lt\cxx-framework\src\traditional\proc\p18f67j60.asm
                  PREINC1   0x000fe4       data     extern E:\c18v3.46\pic18-lt\cxx-framework\src\traditional\proc\p18f67j60.asm
                 POSTDEC1   0x000fe5       data     extern E:\c18v3.46\pic18-lt\cxx-framework\src\traditional\proc\p18f67j60.asm
                 POSTINC1   0x000fe6       data     extern E:\c18v3.46\pic18-lt\cxx-framework\src\traditional\proc\p18f67j60.asm
                    INDF1   0x000fe7       data     extern E:\c18v3.46\pic18-lt\cxx-framework\src\traditional\proc\p18f67j60.asm
                     WREG   0x000fe8       data     extern E:\c18v3.46\pic18-lt\cxx-framework\src\traditional\proc\p18f67j60.asm
                    FSR0L   0x000fe9       data     extern E:\c18v3.46\pic18-lt\cxx-framework\src\traditional\proc\p18f67j60.asm
                     FSR0   0x000fe9       data     extern E:\c18v3.46\pic18-lt\cxx-framework\src\traditional\proc\p18f67j60.asm
                    FSR0H   0x000fea       data     extern E:\c18v3.46\pic18-lt\cxx-framework\src\traditional\proc\p18f67j60.asm
                   PLUSW0   0x000feb       data     extern E:\c18v3.46\pic18-lt\cxx-framework\src\traditional\proc\p18f67j60.asm
                  PREINC0   0x000fec       data     extern E:\c18v3.46\pic18-lt\cxx-framework\src\traditional\proc\p18f67j60.asm
                 POSTDEC0   0x000fed       data     extern E:\c18v3.46\pic18-lt\cxx-framework\src\traditional\proc\p18f67j60.asm
                 POSTINC0   0x000fee       data     extern E:\c18v3.46\pic18-lt\cxx-framework\src\traditional\proc\p18f67j60.asm
                    INDF0   0x000fef       data     extern E:\c18v3.46\pic18-lt\cxx-framework\src\traditional\proc\p18f67j60.asm
                  INTCON3   0x000ff0       data     extern E:\c18v3.46\pic18-lt\cxx-framework\src\traditional\proc\p18f67j60.asm
              INTCON3bits   0x000ff0       data     extern E:\c18v3.46\pic18-lt\cxx-framework\src\traditional\proc\p18f67j60.asm
                  INTCON2   0x000ff1       data     extern E:\c18v3.46\pic18-lt\cxx-framework\src\traditional\proc\p18f67j60.asm
              INTCON2bits   0x000ff1       data     extern E:\c18v3.46\pic18-lt\cxx-framework\src\traditional\proc\p18f67j60.asm
                   INTCON   0x000ff2       data     extern E:\c18v3.46\pic18-lt\cxx-framework\src\traditional\proc\p18f67j60.asm
               INTCONbits   0x000ff2       data     extern E:\c18v3.46\pic18-lt\cxx-framework\src\traditional\proc\p18f67j60.asm
                     PROD   0x000ff3       data     extern E:\c18v3.46\pic18-lt\cxx-framework\src\traditional\proc\p18f67j60.asm
                    PRODL   0x000ff3       data     extern E:\c18v3.46\pic18-lt\cxx-framework\src\traditional\proc\p18f67j60.asm
                    PRODH   0x000ff4       data     extern E:\c18v3.46\pic18-lt\cxx-framework\src\traditional\proc\p18f67j60.asm
                   TABLAT   0x000ff5       data     extern E:\c18v3.46\pic18-lt\cxx-framework\src\traditional\proc\p18f67j60.asm
                  TBLPTRL   0x000ff6       data     extern E:\c18v3.46\pic18-lt\cxx-framework\src\traditional\proc\p18f67j60.asm
                   TBLPTR   0x000ff6       data     extern E:\c18v3.46\pic18-lt\cxx-framework\src\traditional\proc\p18f67j60.asm
                  TBLPTRH   0x000ff7       data     extern E:\c18v3.46\pic18-lt\cxx-framework\src\traditional\proc\p18f67j60.asm
                  TBLPTRU   0x000ff8       data     extern E:\c18v3.46\pic18-lt\cxx-framework\src\traditional\proc\p18f67j60.asm
                      PCL   0x000ff9       data     extern E:\c18v3.46\pic18-lt\cxx-framework\src\traditional\proc\p18f67j60.asm
                       PC   0x000ff9       data     extern E:\c18v3.46\pic18-lt\cxx-framework\src\traditional\proc\p18f67j60.asm
                   PCLATH   0x000ffa       data     extern E:\c18v3.46\pic18-lt\cxx-framework\src\traditional\proc\p18f67j60.asm
                   PCLATU   0x000ffb       data     extern E:\c18v3.46\pic18-lt\cxx-framework\src\traditional\proc\p18f67j60.asm
               STKPTRbits   0x000ffc       data     extern E:\c18v3.46\pic18-lt\cxx-framework\src\traditional\proc\p18f67j60.asm
                   STKPTR   0x000ffc       data     extern E:\c18v3.46\pic18-lt\cxx-framework\src\traditional\proc\p18f67j60.asm
                      TOS   0x000ffd       data     extern E:\c18v3.46\pic18-lt\cxx-framework\src\traditional\proc\p18f67j60.asm
                     TOSL   0x000ffd       data     extern E:\c18v3.46\pic18-lt\cxx-framework\src\traditional\proc\p18f67j60.asm
                     TOSH   0x000ffe       data     extern E:\c18v3.46\pic18-lt\cxx-framework\src\traditional\proc\p18f67j60.asm
                     TOSU   0x000fff       data     extern E:\c18v3.46\pic18-lt\cxx-framework\src\traditional\proc\p18f67j60.asm


